03-05 23:29:08.589  2775  2858 D CompatibilityChangeReporter: Compat change id reported: 168419799; UID 10245; state: DISABLED
03-05 23:29:08.600  2775  5988 I ClipboardManagerTransactionHelper: Invalid transaction code = 7
03-05 23:29:08.601  2775  6479 D clipboard: hook onTransact done
03-05 23:29:08.602  2775  3757 I ClipboardManagerTransactionHelper: Invalid transaction code = 4
03-05 23:29:08.602  2775  3757 D OplusClipboardManager: clipboardAccessResult package: com.google.android.inputmethod.latin userCall: false
03-05 23:29:08.605  2775  3757 I ClipboardManagerTransactionHelper: Invalid transaction code = 5
03-05 23:29:08.611  2775  2837 I VRR [OPlusRefreshRateManager]: hasADFRFeature return false
03-05 23:29:08.611  2775  2837 I DisplayManagerService: Comparing display specs: baseModeId=2 allowGroupSwitching=false primaryRefreshRateRange=[0 120] appRequestRefreshRateRange=[0 120] vrrPolicy=POLICY_DEFAULT, existing: baseModeId=2 allowGroupSwitching=false primaryRefreshRateRange=[0 120] appRequestRefreshRateRange=[0 120] vrrPolicy=POLICY_DEFAULT
03-05 23:29:08.613  2775  3333 D LightsServiceExtImpl: baseSetLightLocked end.
03-05 23:29:08.613  2775  3333 D LightsServiceExtImpl: notifyFlingerLight color=1026code=21005
03-05 23:29:08.631  2775  2872 D AlarmWakeupCheck: SCREEN_ON: CntAlarmWakeup = 1
03-05 23:29:08.637  2775  3191 W OplusStorageManagerFeature: turn screenOn, maintPrepared:false
03-05 23:29:08.637   768 27451 D vold    : idle maintenance stopped
03-05 23:29:08.647  2775  6484 I OplusCustomizeService: pkg:com.android.stk isPlatformSigned, return true drectly 
03-05 23:29:08.647  2775  6484 E OplusCustomizeRestrictionManagerService: getMobileDataMode error :s == null
03-05 23:29:08.647  2775  6484 I OplusCustomizeService: pkg:com.android.stk isPlatformSigned, return true drectly 
03-05 23:29:08.648  2775  6484 I OplusCustomizeService: pkg:com.android.stk isPlatformSigned, return true drectly 
03-05 23:29:08.653  2775  3757 I OplusCustomizeService: pkg:com.android.stk isPlatformSigned, return true drectly 
03-05 23:29:08.653  2775  3757 E OplusCustomizeRestrictionManagerService: getMobileDataMode error :s == null
03-05 23:29:08.654  2775  3757 I OplusCustomizeService: pkg:com.android.stk isPlatformSigned, return true drectly 
03-05 23:29:08.654  2775  3757 I OplusCustomizeService: pkg:com.android.stk isPlatformSigned, return true drectly 
03-05 23:29:08.680  2775  2988 D UserManagerServiceExtImpl: getMultiSystemUserId  res = -10000
03-05 23:29:08.707  2775  6484 W ContextImpl: Calling a method in the system process without a qualified user: android.app.ContextImpl.sendBroadcastMultiplePermissions:1208 com.android.server.TelephonyRegistry.broadcastServiceStateChanged:2997 com.android.server.TelephonyRegistry.notifyServiceStateForPhoneId:1614 com.android.internal.telephony.ITelephonyRegistry$Stub.onTransact:455 android.os.Binder.execTransactInternal:1226 
03-05 23:29:08.710  2775  2838 V OplusZoomWindowManagerService: onAnimationFinished:  r = ActivityRecord{c818750 u0 com.arumcomm.crashlogviewer/.MainMenuActivity t28431}
03-05 23:29:08.710  2775  2775 D OplusPowerMonitor: Receive broadcast android.intent.action.SCREEN_ON
03-05 23:29:08.710  2775  2775 D NetworkDiagnostics: notifyStopMonitorScreenOn
03-05 23:29:08.710  2775  2775 D NetworkDiagnostics: Messenger is null
03-05 23:29:08.710  2775  2838 I OplusAppSwitchManagerService:  handleAppVisible , r = ActivityRecord{c818750 u0 com.arumcomm.crashlogviewer/.MainMenuActivity t28431}
03-05 23:29:08.714  2775  2837 I VRR [OPlusRefreshRateManager]: hasADFRFeature return false
03-05 23:29:08.714  2775  2837 I DisplayManagerService: Comparing display specs: baseModeId=1 allowGroupSwitching=false primaryRefreshRateRange=[0 120] appRequestRefreshRateRange=[0 120] vrrPolicy=POLICY_DEFAULT, existing: baseModeId=2 allowGroupSwitching=false primaryRefreshRateRange=[0 120] appRequestRefreshRateRange=[0 120] vrrPolicy=POLICY_DEFAULT
03-05 23:29:08.715  2775  6484 W ContextImpl: Calling a method in the system process without a qualified user: android.app.ContextImpl.sendBroadcastMultiplePermissions:1258 android.content.Context.sendBroadcastMultiplePermissions:2215 com.android.server.TelephonyRegistry.broadcastServiceStateChanged:3000 com.android.server.TelephonyRegistry.notifyServiceStateForPhoneId:1614 com.android.internal.telephony.ITelephonyRegistry$Stub.onTransact:455 
03-05 23:29:08.719  2775  6484 W ContextImpl: Calling a method in the system process without a qualified user: android.app.ContextImpl.sendBroadcastMultiplePermissions:1258 com.android.server.TelephonyRegistry.broadcastServiceStateChanged:3007 com.android.server.TelephonyRegistry.notifyServiceStateForPhoneId:1614 com.android.internal.telephony.ITelephonyRegistry$Stub.onTransact:455 android.os.Binder.execTransactInternal:1226 
03-05 23:29:08.719  2775  2775 D OplusFeatureBrightnessBarController: screen state:true
03-05 23:29:08.724  2775  6484 W ContextImpl: Calling a method in the system process without a qualified user: android.app.ContextImpl.sendBroadcastMultiplePermissions:1258 com.android.server.TelephonyRegistry.broadcastServiceStateChanged:3012 com.android.server.TelephonyRegistry.notifyServiceStateForPhoneId:1614 com.android.internal.telephony.ITelephonyRegistry$Stub.onTransact:455 android.os.Binder.execTransactInternal:1226 
03-05 23:29:08.725  2775  2858 W BroadcastQueue: Skipping delivery of excluded package Intent { act=android.intent.action.SERVICE_STATE flg=0x1000010 (has extras) } to ProcessRecord{f7db99b 4345:com.android.phone/1001} (pid=4345, uid=1001) excludes package com.android.phone due to sender android (uid 1001)
03-05 23:29:08.725  2775  2858 W BroadcastQueue: Skipping delivery of excluded package Intent { act=android.intent.action.SERVICE_STATE flg=0x1000010 (has extras) } to ProcessRecord{f7db99b 4345:com.android.phone/1001} (pid=4345, uid=1001) excludes package com.android.phone due to sender android (uid 1001)
03-05 23:29:08.725  2775  2837 I VRR [OPlusRefreshRateManager]: hasADFRFeature return false
03-05 23:29:08.725  2775  2837 I VRR [OPlusRefreshRateManager]: hasADFRFeature return false
03-05 23:29:08.725  2775  2858 W BroadcastQueue: Permission Denial: receiving Intent { act=android.intent.action.SERVICE_STATE flg=0x1000010 (has extras) } to com.google.android.cellbroadcastreceiver/com.android.cellbroadcastreceiver.CellBroadcastReceiver requires android.permission.READ_PHONE_STATE due to sender android (uid 1001)
03-05 23:29:08.725  2775  2837 I DisplayManagerService: Comparing display specs: baseModeId=1 allowGroupSwitching=false primaryRefreshRateRange=[0 60] appRequestRefreshRateRange=[0 60] vrrPolicy=POLICY_DEFAULT, existing: baseModeId=1 allowGroupSwitching=false primaryRefreshRateRange=[0 120] appRequestRefreshRateRange=[0 120] vrrPolicy=POLICY_DEFAULT
03-05 23:29:08.729  2775  2858 W BroadcastQueue: Skipping delivery of excluded package Intent { act=android.intent.action.SERVICE_STATE flg=0x1000010 (has extras) } to ProcessRecord{f7db99b 4345:com.android.phone/1001} (pid=4345, uid=1001) excludes package com.android.phone due to sender android (uid 1001)
03-05 23:29:08.729  2775  2858 W BroadcastQueue: Skipping delivery of excluded package Intent { act=android.intent.action.SERVICE_STATE flg=0x1000010 (has extras) } to ProcessRecord{f7db99b 4345:com.android.phone/1001} (pid=4345, uid=1001) excludes package com.android.phone due to sender android (uid 1001)
03-05 23:29:08.750  2775  2877 D VRR [OPlusRefreshRateService]: onConfigChanged physicalDisplayId: 4630946578490201473 modeId: 0
03-05 23:29:08.751  2775  2837 I DisplayDeviceRepository: Display device changed: DisplayDeviceInfo{"Встроенный экран": uniqueId="local:4630946578490201473", 1080 x 2400, modeId 1, defaultModeId 1, supportedModes [{id=1, width=1080, height=2400, fps=60.000004, alternativeRefreshRates=[45.0, 90.0, 120.00001]}, {id=2, width=1080, height=2400, fps=120.00001, alternativeRefreshRates=[45.0, 60.000004, 90.0]}, {id=3, width=1080, height=2400, fps=90.0, alternativeRefreshRates=[45.0, 60.000004, 120.00001]}, {id=4, width=1080, height=2400, fps=45.0, alternativeRefreshRates=[60.000004, 90.0, 120.00001]}], colorMode 0, supportedColorModes [0, 7, 9], hdrCapabilities HdrCapabilities{mSupportedHdrTypes=[2, 3, 4], mMaxLuminance=430.0, mMaxAverageLuminance=215.05115, mMinLuminance=0.1023}, allmSupported false, gameContentTypeSupported false, density 480, 397.565 x 401.052 dpi, appVsyncOff 1000000, presDeadline 16666666, cutout DisplayCutout{insets=Rect(0, 108 - 0, 0) waterfall=Insets{left=0, top=0, right=0, bottom=0} boundingRect={Bounds=[Rect(0, 0 - 0, 0), Rect(-4, 0 - 270, 108), Rect(0, 0 - 0, 0), Rect(0, 0 - 0, 0)]} cutoutPathParserInfo={CutoutPathParserInfo{displayWidth=1080 displayHeight=2400 density={3.0} cutoutSpec={M -544,0 L -544,108 L -270,108 L -270,0 Z} rotation={0} scale={1.0}}}}, touch INTERNAL, rotation 0, type INTERNAL, address {port=129, model=0x40446d6098b815}, deviceProductInfo DeviceProductInfo{name=, manufacturerPnpId=QCM, productId=1, modelYear=null, manufactureDate=ManufactureDate{week=27, year=2006}, connectionToSinkType=0}, state ON, frameRateOverride , brightnessMinimum 0.0, brightnessMaximum 1.0, brightnessDefault 1140.0, FLAG_DEFAULT_DISPLAY, FLAG_ROTATES_WITH_CONTENT, FLAG_SECURE, FLAG_SUPPORTS_PROTECTED_BUFFERS}
03-05 23:29:08.752  2775  2988 D UserManagerServiceExtImpl: getMultiSystemUserId  res = -10000
03-05 23:29:08.752  2775  2837 D DisplayManagerService: Delivering display event: displayId=0, event=2
03-05 23:29:08.753  2775  2988 D UserManagerServiceExtImpl: getMultiSystemUserId  res = -10000
03-05 23:29:08.753  2775  2775 I WallpaperManagerServiceExt: removeDisplayData. displayId = 0
03-05 23:29:08.774  2775  2987 I OplusCustomizeService: pkg:com.android.stk isPlatformSigned, return true drectly 
03-05 23:29:08.774  2775  2987 E OplusCustomizeRestrictionManagerService: getMobileDataMode error :s == null
03-05 23:29:08.774  2775  2987 I OplusCustomizeService: pkg:com.android.stk isPlatformSigned, return true drectly 
03-05 23:29:08.775  2775  3757 I OplusCustomizeService: pkg:com.android.stk isPlatformSigned, return true drectly 
03-05 23:29:08.782  2775  8536 I OplusCustomizeService: pkg:com.android.stk isPlatformSigned, return true drectly 
03-05 23:29:08.782  2775  8536 E OplusCustomizeRestrictionManagerService: getMobileDataMode error :s == null
03-05 23:29:08.782  2775  3757 I OplusCustomizeService: pkg:com.android.stk isPlatformSigned, return true drectly 
03-05 23:29:08.782  2775  6435 I OplusCustomizeService: pkg:com.android.stk isPlatformSigned, return true drectly 
03-05 23:29:08.784  2775  2835 V WindowOrientationListener: onSensorChanged mDesiredRotation = 4
03-05 23:29:08.788  2775  6435 E OplusCustomizeRestrictionManagerService: isBiometricDisabled start
03-05 23:29:08.790  2775  8536 E OplusCustomizeRestrictionManagerService: isBiometricDisabled start
03-05 23:29:08.792  2775  6435 E OplusCustomizeRestrictionManagerService: isBiometricDisabled start
03-05 23:29:08.793  2775  3757 E OplusCustomizeRestrictionManagerService: isBiometricDisabled start
03-05 23:29:08.798  2775  4926 D OplusDisplayPanelFeature: getDisplayPanelFeatureValue +++, featureID:11
03-05 23:29:08.801  2775  4926 D OplusDisplayPanelFeature: getDisplayPanelFeatureValue, ret = -1
03-05 23:29:08.801  2775  4926 D OplusDisplayPanelFeature: getDisplayPanelFeatureValue ---, result = []
03-05 23:29:08.851  2775  2877 D VRR [OPlusRefreshRateService]: handleConfigIdChange physicalDisplayId: 4630946578490201473 configId: 0
03-05 23:29:09.699  2775  3353 E OplusBatteryServiceFeature: ICharger getBattPPSChgPower failed, err = android.os.RemoteException: HwBinder Error: (-74)
03-05 23:29:09.700  2775  3353 E OplusBatteryServiceFeature: ICharger getBattPPSChgPower failed, err = android.os.RemoteException: HwBinder Error: (-74)
03-05 23:29:09.718  2775  3137 D WakeLockHelper: enable wakelock PowerMonior:work, timeout=500
03-05 23:29:09.718  2775  3137 D OplusPowerMonitor: statr analyze standby 
03-05 23:29:09.719  2775  3137 D WakeLockHelper: disable wakelock PowerMonior:work
03-05 23:29:11.600  2775  2877 D VRR [OPlusRefreshRateService]: onConfigChanged physicalDisplayId: 4630946578490201473 modeId: 3
03-05 23:29:11.601  2775  2837 I DisplayDeviceRepository: Display device changed: DisplayDeviceInfo{"Встроенный экран": uniqueId="local:4630946578490201473", 1080 x 2400, modeId 4, defaultModeId 1, supportedModes [{id=1, width=1080, height=2400, fps=60.000004, alternativeRefreshRates=[45.0, 90.0, 120.00001]}, {id=2, width=1080, height=2400, fps=120.00001, alternativeRefreshRates=[45.0, 60.000004, 90.0]}, {id=3, width=1080, height=2400, fps=90.0, alternativeRefreshRates=[45.0, 60.000004, 120.00001]}, {id=4, width=1080, height=2400, fps=45.0, alternativeRefreshRates=[60.000004, 90.0, 120.00001]}], colorMode 0, supportedColorModes [0, 7, 9], hdrCapabilities HdrCapabilities{mSupportedHdrTypes=[2, 3, 4], mMaxLuminance=430.0, mMaxAverageLuminance=215.05115, mMinLuminance=0.1023}, allmSupported false, gameContentTypeSupported false, density 480, 397.565 x 401.052 dpi, appVsyncOff 1000000, presDeadline 22222222, cutout DisplayCutout{insets=Rect(0, 108 - 0, 0) waterfall=Insets{left=0, top=0, right=0, bottom=0} boundingRect={Bounds=[Rect(0, 0 - 0, 0), Rect(-4, 0 - 270, 108), Rect(0, 0 - 0, 0), Rect(0, 0 - 0, 0)]} cutoutPathParserInfo={CutoutPathParserInfo{displayWidth=1080 displayHeight=2400 density={3.0} cutoutSpec={M -544,0 L -544,108 L -270,108 L -270,0 Z} rotation={0} scale={1.0}}}}, touch INTERNAL, rotation 0, type INTERNAL, address {port=129, model=0x40446d6098b815}, deviceProductInfo DeviceProductInfo{name=, manufacturerPnpId=QCM, productId=1, modelYear=null, manufactureDate=ManufactureDate{week=27, year=2006}, connectionToSinkType=0}, state ON, frameRateOverride , brightnessMinimum 0.0, brightnessMaximum 1.0, brightnessDefault 1140.0, FLAG_DEFAULT_DISPLAY, FLAG_ROTATES_WITH_CONTENT, FLAG_SECURE, FLAG_SUPPORTS_PROTECTED_BUFFERS}
03-05 23:29:11.605  2775  2837 D DisplayManagerService: Delivering display event: displayId=0, event=2
03-05 23:29:11.607  2775  2775 I WallpaperManagerServiceExt: removeDisplayData. displayId = 0
03-05 23:29:11.701  2775  2877 D VRR [OPlusRefreshRateService]: handleConfigIdChange physicalDisplayId: 4630946578490201473 configId: 3
03-05 23:29:14.606  2775  3329 D OplusFeatureHDREnhanceBrightness: checkIsPlayingHDR isPlayingHDR=0 rotation=0 whiteApp=true battery=27
03-05 23:29:14.664  2775  3353 E OplusBatteryServiceFeature: ICharger getBattPPSChgPower failed, err = android.os.RemoteException: HwBinder Error: (-74)
03-05 23:29:14.665  2775  3353 E OplusBatteryServiceFeature: ICharger getBattPPSChgPower failed, err = android.os.RemoteException: HwBinder Error: (-74)
03-05 23:29:16.830  2775  3353 E OplusBatteryServiceFeature: ICharger getBattPPSChgPower failed, err = android.os.RemoteException: HwBinder Error: (-74)
03-05 23:29:16.832  2775  3353 E OplusBatteryServiceFeature: ICharger getBattPPSChgPower failed, err = android.os.RemoteException: HwBinder Error: (-74)
03-05 23:29:18.725  2775  3137 D NetworkDiagnostics: unbind service
03-05 23:29:19.707  2775  3353 E OplusBatteryServiceFeature: ICharger getBattPPSChgPower failed, err = android.os.RemoteException: HwBinder Error: (-74)
03-05 23:29:19.709  2775  3353 E OplusBatteryServiceFeature: ICharger getBattPPSChgPower failed, err = android.os.RemoteException: HwBinder Error: (-74)
03-05 23:29:21.424  2775  4302 I ActivityManager: Process com.heytap.mcs.appservice (pid 27214) has died: cch+5 CEM 
03-05 23:29:21.425  2775  4302 W ContextImpl: Calling a method in the system process without a qualified user: android.app.ContextImpl.sendBroadcast:1175 com.android.server.am.OplusExtraActivityManagerService.setKeyLockModeNormal:51 com.android.server.am.ActivityManagerServiceExtImpl.setKeyLockModeNormal:841 com.android.server.am.ActivityManagerService.appDiedLocked:3389 com.android.server.am.ActivityManagerService$AppDeathRecipient.binderDied:1531 
03-05 23:29:21.443  2775  4980 D OplusProxyWakeLock: remove uid: 10268 wiht all pids from wakelockUidInfo list
03-05 23:29:22.639  2775  3353 E OplusBatteryServiceFeature: ICharger getBattPPSChgPower failed, err = android.os.RemoteException: HwBinder Error: (-74)
03-05 23:29:22.642  2775  3353 E OplusBatteryServiceFeature: ICharger getBattPPSChgPower failed, err = android.os.RemoteException: HwBinder Error: (-74)
03-05 23:29:24.055  1508  1508 I Quality : SFJankCountInfo: 424; 0; 0; 0; 3; 9; 15; 2; 0; 0; 9
03-05 23:29:24.062  2775  6407 D UsageStatsService: User[0] type=0 b=1709674029927 e=1709674164061 cb=1709632894911 ce=1709674158347 disk=0 all=22
03-05 23:29:24.665  2775  3353 E OplusBatteryServiceFeature: ICharger getBattPPSChgPower failed, err = android.os.RemoteException: HwBinder Error: (-74)
03-05 23:29:24.666  2775  3353 E OplusBatteryServiceFeature: ICharger getBattPPSChgPower failed, err = android.os.RemoteException: HwBinder Error: (-74)
03-05 23:29:27.491  2775  3870 D UsageStatsService: User[0] type=0 b=1709672367489 e=1709674167489 cb=1709632894911 ce=1709674158347 disk=0 all=792
03-05 23:29:27.505  2775  4302 D UsageStatsService: User[0] type=0 b=1709672367503 e=1709674167503 cb=1709632894911 ce=1709674158347 disk=0 all=792
03-05 23:29:27.576  2775  4302 D UsageStatsService: User[0] type=0 b=1709674146374 e=1709674167566 cb=1709632894911 ce=1709674158347 disk=0 all=3
03-05 23:29:28.668  2775  2858 D CompatibilityChangeReporter: Compat change id reported: 177438394; UID 10143; state: DISABLED
03-05 23:29:28.669  2775  2858 D CompatibilityChangeReporter: Compat change id reported: 135772972; UID 10143; state: DISABLED
03-05 23:29:28.670  2775  2858 D CompatibilityChangeReporter: Compat change id reported: 135754954; UID 10143; state: ENABLED
03-05 23:29:28.671  2775  2850 D CompatibilityChangeReporter: Compat change id reported: 143937733; UID 10143; state: ENABLED
03-05 23:29:28.724  2775  2850 W ActivityManager: Slow operation: 58ms so far, now at startProcess: returned from zygote!
03-05 23:29:28.724  2775  2850 W ActivityManager: Slow operation: 58ms so far, now at startProcess: done updating battery stats
03-05 23:29:28.724  2775  2850 W ActivityManager: Slow operation: 59ms so far, now at startProcess: building log message
03-05 23:29:28.725  2775  2850 I ActivityManager: Start proc 27493:com.google.android.apps.maps:server_recovery_process_scheduled/u0a143 for broadcast {com.google.android.apps.maps/com.google.android.apps.gmm.plugins.serverrecovery.ScheduledRecoverySignalHandlerImpl}
03-05 23:29:28.725  2775  2850 W ActivityManager: Slow operation: 59ms so far, now at startProcess: starting to update pids map
03-05 23:29:28.725  2775  2850 W ActivityManager: Slow operation: 59ms so far, now at startProcess: done updating pids map
03-05 23:29:29.051  2775  3757 I ActivityManager: Process com.google.android.apps.maps:server_recovery_process_scheduled (pid 27493) has died: cch+5 CEM 
03-05 23:29:29.052  2775  3757 W ContextImpl: Calling a method in the system process without a qualified user: android.app.ContextImpl.sendBroadcast:1175 com.android.server.am.OplusExtraActivityManagerService.setKeyLockModeNormal:51 com.android.server.am.ActivityManagerServiceExtImpl.setKeyLockModeNormal:841 com.android.server.am.ActivityManagerService.appDiedLocked:3389 com.android.server.am.ActivityManagerService$AppDeathRecipient.binderDied:1531 
03-05 23:29:29.689  2775  3353 E OplusBatteryServiceFeature: ICharger getBattPPSChgPower failed, err = android.os.RemoteException: HwBinder Error: (-74)
03-05 23:29:29.690  2775  3353 E OplusBatteryServiceFeature: ICharger getBattPPSChgPower failed, err = android.os.RemoteException: HwBinder Error: (-74)
03-05 23:29:30.488  2775  2849 D CompatibilityChangeReporter: Compat change id reported: 135634846; UID 10107; state: DISABLED
03-05 23:29:30.489  2775  2849 D CompatibilityChangeReporter: Compat change id reported: 177438394; UID 10107; state: DISABLED
03-05 23:29:30.490  2775  2849 D CompatibilityChangeReporter: Compat change id reported: 135772972; UID 10107; state: DISABLED
03-05 23:29:30.490  2775  2849 D CompatibilityChangeReporter: Compat change id reported: 135754954; UID 10107; state: ENABLED
03-05 23:29:30.492  2775  2850 D CompatibilityChangeReporter: Compat change id reported: 143937733; UID 10107; state: ENABLED
03-05 23:29:30.556  2775  2850 W ActivityManager: Slow operation: 72ms so far, now at startProcess: returned from zygote!
03-05 23:29:30.557  2775  2850 W ActivityManager: Slow operation: 73ms so far, now at startProcess: done updating battery stats
03-05 23:29:30.557  2775  2850 W ActivityManager: Slow operation: 74ms so far, now at startProcess: building log message
03-05 23:29:30.558  2775  2850 I ActivityManager: Start proc 27521:com.google.android.googlequicksearchbox:interactor/u0a107 for service {com.google.android.googlequicksearchbox/com.google.android.voiceinteraction.GsaVoiceInteractionService}
03-05 23:29:30.558  2775  2850 W ActivityManager: Slow operation: 74ms so far, now at startProcess: starting to update pids map
03-05 23:29:30.558  2775  2850 W ActivityManager: Slow operation: 74ms so far, now at startProcess: done updating pids map
03-05 23:29:30.990  2775  3757 W BluetoothManagerService: bindBluetoothProfileService:Trying to bind to profile: 1, while Bluetooth is disabled
03-05 23:29:31.007  2775  3757 D CompatibilityChangeReporter: Compat change id reported: 135634846; UID 10107; state: DISABLED
03-05 23:29:31.007  2775  3757 D CompatibilityChangeReporter: Compat change id reported: 177438394; UID 10107; state: DISABLED
03-05 23:29:31.007  2775  3757 D CompatibilityChangeReporter: Compat change id reported: 135772972; UID 10107; state: DISABLED
03-05 23:29:31.009  2775  3757 D CompatibilityChangeReporter: Compat change id reported: 135754954; UID 10107; state: ENABLED
03-05 23:29:31.013  2775  2850 D CompatibilityChangeReporter: Compat change id reported: 143937733; UID 10107; state: ENABLED
03-05 23:29:31.038  2775  2850 I ActivityManager: Start proc 27567:com.google.android.googlequicksearchbox:search/u0a107 for service {com.google.android.googlequicksearchbox/com.google.android.apps.gsa.publicsearch.PublicSearchService}
03-05 23:29:31.504  2775  6435 W PackageManager: package unknown uid 10107 pid 27521 call SetEnabledSetting(com.google.android.googlequicksearchbox component = com.google.android.apps.search.assistant.surfaces.voice.robin.launcher.RobinEntryPointActivity, 2, 0x1, 0)
03-05 23:29:31.506  2775  6435 W PackageManager: package unknown uid 10107 pid 27521 call SetEnabledSetting(com.google.android.googlequicksearchbox component = com.google.android.apps.search.assistant.surfaces.voice.robin.imageshare.ImageShareEntryPointActivity, 2, 0x1, 0)
03-05 23:29:31.672 27521 27563 W KeyphraseEnrollmentInfo: No enrollment application supports the given keyphrase/locale: 'X Google'/ru_RU
03-05 23:29:31.672 27521 27563 W KeyphraseEnrollmentInfo: No enrollment application supports the given keyphrase/locale: 'X Google'/ru_RU
03-05 23:29:31.672 27521 27563 W KeyphraseEnrollmentInfo: No enrollment application supports the given keyphrase/locale: 'X Google'/ar_EG
03-05 23:29:31.672 27521 27563 W KeyphraseEnrollmentInfo: No enrollment application supports the given keyphrase/locale: 'X Google'/en_US
03-05 23:29:31.683  2775  3870 I SoundTriggerService: getModuleProperties()
03-05 23:29:31.709 27521 27561 W KeyphraseEnrollmentInfo: No enrollment application supports the given keyphrase/locale: 'X Google'/ru_RU
03-05 23:29:31.709 27521 27561 W KeyphraseEnrollmentInfo: No enrollment application supports the given keyphrase/locale: 'X Google'/ru_RU
03-05 23:29:31.709 27521 27561 W KeyphraseEnrollmentInfo: No enrollment application supports the given keyphrase/locale: 'X Google'/ar_EG
03-05 23:29:31.709 27521 27561 W KeyphraseEnrollmentInfo: No enrollment application supports the given keyphrase/locale: 'X Google'/en_US
03-05 23:29:32.376  2775  3870 W PackageManager: package unknown uid 10107 pid 27567 call SetEnabledSetting(com.google.android.googlequicksearchbox component = com.google.android.apps.gsa.staticplugins.opa.EnterOpaActivityFromDeeplink, 1, 0x1, 0)
03-05 23:29:32.378  2775  3870 W PackageManager: package unknown uid 10107 pid 27567 call SetEnabledSetting(com.google.android.googlequicksearchbox component = com.google.android.apps.gsa.staticplugins.opa.EnterOpaActivityFromLauncher, 2, 0x1, 0)
03-05 23:29:32.379  2775  3870 W PackageManager: package unknown uid 10107 pid 27567 call SetEnabledSetting(com.google.android.googlequicksearchbox component = com.google.android.googlequicksearchbox.VoiceSearchActivity, 2, 0x1, 0)
03-05 23:29:32.382  2775  3870 W PackageManager: package unknown uid 10107 pid 27567 call SetEnabledSetting(com.google.android.googlequicksearchbox component = com.google.android.apps.gsa.staticplugins.opa.widget.impl.OpaWidgetProvider, 2, 0x1, 0)
03-05 23:29:32.566  2775  3757 W BluetoothManagerService: bindBluetoothProfileService:Trying to bind to profile: 1, while Bluetooth is disabled
03-05 23:29:32.674  2775  3757 D CompatibilityChangeReporter: Compat change id reported: 177438394; UID 10252; state: DISABLED
03-05 23:29:32.674  2775  3757 D CompatibilityChangeReporter: Compat change id reported: 135772972; UID 10252; state: DISABLED
03-05 23:29:32.674  2775  3757 D CompatibilityChangeReporter: Compat change id reported: 135754954; UID 10252; state: ENABLED
03-05 23:29:32.675  2775  2850 D CompatibilityChangeReporter: Compat change id reported: 143937733; UID 10252; state: ENABLED
03-05 23:29:32.700  2775  6435 D UsageStatsService: User[0] type=0 b=1709674167566 e=1709674172687 cb=1709632894911 ce=1709674172672 disk=0 all=0
03-05 23:29:32.708  2775  2850 I ActivityManager: Start proc 27650:com.google.android.apps.tachyon/u0a252 for service {com.google.android.apps.tachyon/com.google.android.apps.tachyon.clientapi.ClientApiService}
03-05 23:29:32.959  2775  3870 W PackageManager: package unknown uid 10252 pid 27650 call SetEnabledSetting(com.google.android.apps.tachyon component = com.google.android.libraries.communications.conference.ui.intents.LivestreamHandlerActivity, 2, 0x1, 0)
03-05 23:29:32.959  2775  6435 W PackageManager: package unknown uid 10252 pid 27650 call SetEnabledSetting(com.google.android.apps.tachyon component = com.google.android.libraries.communications.conference.ui.intents.TransferCallHandlerActivity, 1, 0x1, 0)
03-05 23:29:32.959  2775  6435 W PackageManager: package unknown uid 10252 pid 27650 call SetEnabledSetting(com.google.android.apps.tachyon component = com.google.android.libraries.communications.conference.ui.intents.ConferenceGatewayActivity, 1, 0x1, 0)
03-05 23:29:32.960  2775  6435 W PackageManager: package unknown uid 10252 pid 27650 call SetEnabledSetting(com.google.android.apps.tachyon component = com.google.android.libraries.communications.conference.ui.intents.ConferenceUrlHandlerActivity, 1, 0x1, 0)
03-05 23:29:32.960  2775  6435 W PackageManager: package unknown uid 10252 pid 27650 call SetEnabledSetting(com.google.android.apps.tachyon component = com.google.android.libraries.communications.conference.ui.intents.AssistantNewUrlHandlerActivity, 1, 0x1, 0)
03-05 23:29:34.656  2775  3353 E OplusBatteryServiceFeature: ICharger getBattPPSChgPower failed, err = android.os.RemoteException: HwBinder Error: (-74)
03-05 23:29:34.657  2775  3353 E OplusBatteryServiceFeature: ICharger getBattPPSChgPower failed, err = android.os.RemoteException: HwBinder Error: (-74)
03-05 23:29:38.928  2775  3353 E OplusBatteryServiceFeature: ICharger getBattPPSChgPower failed, err = android.os.RemoteException: HwBinder Error: (-74)
03-05 23:29:38.929  2775  3353 E OplusBatteryServiceFeature: ICharger getBattPPSChgPower failed, err = android.os.RemoteException: HwBinder Error: (-74)
03-05 23:29:39.704  2775  3353 E OplusBatteryServiceFeature: ICharger getBattPPSChgPower failed, err = android.os.RemoteException: HwBinder Error: (-74)
03-05 23:29:39.706  2775  3353 E OplusBatteryServiceFeature: ICharger getBattPPSChgPower failed, err = android.os.RemoteException: HwBinder Error: (-74)
03-05 23:29:41.692  2775  3870 D CompatibilityChangeReporter: Compat change id reported: 168419799; UID 10181; state: DISABLED
03-05 23:29:41.755  2775  6435 I OplusAppSwitchManagerService: appswitch registerAppSwitchObserver pName = com@@oplus@@deepthinker observer = com.oplus.app.IOplusAppSwitchObserver$Stub$Proxy@62f047 config = OplusAppSwitchConfig = {  mConfigs = {1=null, 2=null} observerFingerPrint = 88814654}
03-05 23:29:41.756  2775  6435 I OplusAppSwitchStateDispatcher: registerAppSwitchObserver addDynamicListener OK, info = OplusAppSwitchRuleInfo = {  observer = com.oplus.app.IOplusAppSwitchObserver$Stub$Proxy@62f047 observerFingerPrint = 88814654} rule size =0
03-05 23:29:41.808  2775  2775 D MinimumBrightnessDelegate: receive RegisterEvent broadcast!!!, isFeatureOn:true
03-05 23:29:43.487  2775  4177 W LoadedApk: System took : 1678ms in onReceive of class com.android.server.am.OplusResourcePreloadManager$PreloadReceiver for action : oplus.intent.action.DEEPTHINKER_EVENTFOUNTAIN_STARTUP
03-05 23:29:43.810  2775  2871 D MinimumBrightnessDelegate: handleMessage:102
03-05 23:29:43.813  2775 27776 D MinimumBrightnessDelegate: new Thread to set AI ability!
03-05 23:29:43.839  2775 27776 D MinimumBrightnessDelegate: mFootConvertBrightnessValue =  312
03-05 23:29:43.839  2775 27776 D MinimumBrightnessDelegate: updateCheckValue CheckBrightness = 312
03-05 23:29:43.839  2775 27776 D MinimumBrightnessDelegate: mInTransportationConvertBrightnessValue =  374
03-05 23:29:43.840  2775 27776 D MinimumBrightnessDelegate: updateCheckValue CheckBrightness = 374
03-05 23:29:43.840  2775 27776 D MinimumBrightnessDelegate: registerEventCallback success, result =  1
03-05 23:29:44.662  2775  3353 E OplusBatteryServiceFeature: ICharger getBattPPSChgPower failed, err = android.os.RemoteException: HwBinder Error: (-74)
03-05 23:29:44.663  2775  3353 E OplusBatteryServiceFeature: ICharger getBattPPSChgPower failed, err = android.os.RemoteException: HwBinder Error: (-74)
03-05 23:29:49.695  2775  3353 E OplusBatteryServiceFeature: ICharger getBattPPSChgPower failed, err = android.os.RemoteException: HwBinder Error: (-74)
03-05 23:29:49.697  2775  3353 E OplusBatteryServiceFeature: ICharger getBattPPSChgPower failed, err = android.os.RemoteException: HwBinder Error: (-74)
03-05 23:29:54.653  2775  3353 E OplusBatteryServiceFeature: ICharger getBattPPSChgPower failed, err = android.os.RemoteException: HwBinder Error: (-74)
03-05 23:29:54.654  2775  3353 E OplusBatteryServiceFeature: ICharger getBattPPSChgPower failed, err = android.os.RemoteException: HwBinder Error: (-74)
03-05 23:29:55.201  2775  3353 E OplusBatteryServiceFeature: ICharger getBattPPSChgPower failed, err = android.os.RemoteException: HwBinder Error: (-74)
03-05 23:29:55.202  2775  3353 E OplusBatteryServiceFeature: ICharger getBattPPSChgPower failed, err = android.os.RemoteException: HwBinder Error: (-74)
03-05 23:29:59.708  2775  3353 E OplusBatteryServiceFeature: ICharger getBattPPSChgPower failed, err = android.os.RemoteException: HwBinder Error: (-74)
03-05 23:29:59.710  2775  3353 E OplusBatteryServiceFeature: ICharger getBattPPSChgPower failed, err = android.os.RemoteException: HwBinder Error: (-74)
03-05 23:30:00.033  2775  2858 D CompatibilityChangeReporter: Compat change id reported: 168419799; UID 1000; state: DISABLED
03-05 23:30:00.066  2775  8536 E OplusCustomizeRestrictionManagerService: isBiometricDisabled start
03-05 23:30:00.068  2775  6435 E OplusCustomizeRestrictionManagerService: isBiometricDisabled start
03-05 23:30:00.192  2775  2862 D KernelCpuUidUserSysTimeReader: Removing uids 99007-99007
03-05 23:30:00.366  2775  6435 D UserManagerServiceExtImpl: getMultiSystemUserId  res = -10000
03-05 23:30:02.690  3951 27795 E ActivityThread: Failed to find provider info for com.nearme.instant.setting
03-05 23:30:02.693  2775  6435 D CompatibilityChangeReporter: Compat change id reported: 171306433; UID 1000; state: ENABLED
03-05 23:30:04.663  2775  3353 E OplusBatteryServiceFeature: ICharger getBattPPSChgPower failed, err = android.os.RemoteException: HwBinder Error: (-74)
03-05 23:30:04.664  2775  3353 E OplusBatteryServiceFeature: ICharger getBattPPSChgPower failed, err = android.os.RemoteException: HwBinder Error: (-74)
03-05 23:30:06.353  2775  3870 D UsageStatsService: User[0] type=0 b=1709672406351 e=1709674206351 cb=1709632894911 ce=1709674206310 disk=0 all=792
03-05 23:30:06.417  2775  3870 D UsageStatsService: User[0] type=0 b=1709674172687 e=1709674206408 cb=1709632894911 ce=1709674206310 disk=0 all=0
03-05 23:30:09.697  2775  3353 E OplusBatteryServiceFeature: ICharger getBattPPSChgPower failed, err = android.os.RemoteException: HwBinder Error: (-74)
03-05 23:30:09.699  2775  3353 E OplusBatteryServiceFeature: ICharger getBattPPSChgPower failed, err = android.os.RemoteException: HwBinder Error: (-74)
03-05 23:30:11.497  2775  3353 E OplusBatteryServiceFeature: ICharger getBattPPSChgPower failed, err = android.os.RemoteException: HwBinder Error: (-74)
03-05 23:30:11.498  2775  3353 E OplusBatteryServiceFeature: ICharger getBattPPSChgPower failed, err = android.os.RemoteException: HwBinder Error: (-74)
03-05 23:30:14.663  2775  3353 E OplusBatteryServiceFeature: ICharger getBattPPSChgPower failed, err = android.os.RemoteException: HwBinder Error: (-74)
03-05 23:30:14.665  2775  3353 E OplusBatteryServiceFeature: ICharger getBattPPSChgPower failed, err = android.os.RemoteException: HwBinder Error: (-74)
03-05 23:30:16.829  2775  3353 E OplusBatteryServiceFeature: ICharger getBattPPSChgPower failed, err = android.os.RemoteException: HwBinder Error: (-74)
03-05 23:30:16.830  2775  3353 E OplusBatteryServiceFeature: ICharger getBattPPSChgPower failed, err = android.os.RemoteException: HwBinder Error: (-74)
03-05 23:30:19.707  2775  3353 E OplusBatteryServiceFeature: ICharger getBattPPSChgPower failed, err = android.os.RemoteException: HwBinder Error: (-74)
03-05 23:30:19.709  2775  3353 E OplusBatteryServiceFeature: ICharger getBattPPSChgPower failed, err = android.os.RemoteException: HwBinder Error: (-74)
03-05 23:30:24.167  1508  1508 I Quality : SFJankCountInfo: 180; 0; 0; 1; 1; 33; 30; 2; 6; 0; 13
03-05 23:30:24.656  2775  3353 E OplusBatteryServiceFeature: ICharger getBattPPSChgPower failed, err = android.os.RemoteException: HwBinder Error: (-74)
03-05 23:30:24.657  2775  3353 E OplusBatteryServiceFeature: ICharger getBattPPSChgPower failed, err = android.os.RemoteException: HwBinder Error: (-74)
03-05 23:30:27.789  2775  3353 E OplusBatteryServiceFeature: ICharger getBattPPSChgPower failed, err = android.os.RemoteException: HwBinder Error: (-74)
03-05 23:30:27.790  2775  3353 E OplusBatteryServiceFeature: ICharger getBattPPSChgPower failed, err = android.os.RemoteException: HwBinder Error: (-74)
03-05 23:30:29.711  2775  3353 E OplusBatteryServiceFeature: ICharger getBattPPSChgPower failed, err = android.os.RemoteException: HwBinder Error: (-74)
03-05 23:30:29.713  2775  3353 E OplusBatteryServiceFeature: ICharger getBattPPSChgPower failed, err = android.os.RemoteException: HwBinder Error: (-74)
03-05 23:30:34.657  2775  3353 E OplusBatteryServiceFeature: ICharger getBattPPSChgPower failed, err = android.os.RemoteException: HwBinder Error: (-74)
03-05 23:30:34.659  2775  3353 E OplusBatteryServiceFeature: ICharger getBattPPSChgPower failed, err = android.os.RemoteException: HwBinder Error: (-74)
03-05 23:30:39.695  2775  3353 E OplusBatteryServiceFeature: ICharger getBattPPSChgPower failed, err = android.os.RemoteException: HwBinder Error: (-74)
03-05 23:30:39.696  2775  3353 E OplusBatteryServiceFeature: ICharger getBattPPSChgPower failed, err = android.os.RemoteException: HwBinder Error: (-74)
03-05 23:30:44.071  2775  3353 E OplusBatteryServiceFeature: ICharger getBattPPSChgPower failed, err = android.os.RemoteException: HwBinder Error: (-74)
03-05 23:30:44.073  2775  3353 E OplusBatteryServiceFeature: ICharger getBattPPSChgPower failed, err = android.os.RemoteException: HwBinder Error: (-74)
03-05 23:30:44.662  2775  3353 E OplusBatteryServiceFeature: ICharger getBattPPSChgPower failed, err = android.os.RemoteException: HwBinder Error: (-74)
03-05 23:30:44.663  2775  3353 E OplusBatteryServiceFeature: ICharger getBattPPSChgPower failed, err = android.os.RemoteException: HwBinder Error: (-74)
03-05 23:30:49.695  2775  3353 E OplusBatteryServiceFeature: ICharger getBattPPSChgPower failed, err = android.os.RemoteException: HwBinder Error: (-74)
03-05 23:30:49.697  2775  3353 E OplusBatteryServiceFeature: ICharger getBattPPSChgPower failed, err = android.os.RemoteException: HwBinder Error: (-74)
03-05 23:30:52.518  2775  6484 D CompatibilityChangeReporter: Compat change id reported: 171306433; UID 10096; state: ENABLED
03-05 23:30:52.553  2775  2858 D CompatibilityChangeReporter: Compat change id reported: 135634846; UID 10135; state: DISABLED
03-05 23:30:52.555  2775  2850 D CompatibilityChangeReporter: Compat change id reported: 143937733; UID 10135; state: ENABLED
03-05 23:30:52.604  2775  2850 W ActivityManager: Slow operation: 52ms so far, now at startProcess: returned from zygote!
03-05 23:30:52.605  2775  2850 W ActivityManager: Slow operation: 53ms so far, now at startProcess: done updating battery stats
03-05 23:30:52.605  2775  2850 W ActivityManager: Slow operation: 54ms so far, now at startProcess: building log message
03-05 23:30:52.606  2775  2850 I ActivityManager: Start proc 27834:com.android.chrome/u0a135 for broadcast {com.android.chrome/com.google.firebase.iid.FirebaseInstanceIdReceiver}
03-05 23:30:52.606  2775  2850 W ActivityManager: Slow operation: 54ms so far, now at startProcess: starting to update pids map
03-05 23:30:52.606  2775  2850 W ActivityManager: Slow operation: 55ms so far, now at startProcess: done updating pids map
03-05 23:30:52.663  2775  6484 D CompatibilityChangeReporter: Compat change id reported: 168419799; UID 10135; state: DISABLED
03-05 23:30:52.671 27834 27851 V ActivityThread: scheduleReceiver info = ActivityInfo{4703fb4 com.google.firebase.iid.FirebaseInstanceIdReceiver} intent = Intent { act=com.google.android.c2dm.intent.RECEIVE flg=0x1080010 pkg=com.android.chrome cmp=com.android.chrome/com.google.firebase.iid.FirebaseInstanceIdReceiver (has extras) } sync = true hasCode = 60041340
03-05 23:30:52.957 27834 27853 V ActivityThread: scheduleReceiver info = ActivityInfo{4601047 com.google.firebase.iid.FirebaseInstanceIdReceiver} intent = Intent { act=com.google.android.c2dm.intent.RECEIVE flg=0x1080010 pkg=com.android.chrome cmp=com.android.chrome/com.google.firebase.iid.FirebaseInstanceIdReceiver (has extras) } sync = true hasCode = 227366223
03-05 23:30:54.662  2775  3353 E OplusBatteryServiceFeature: ICharger getBattPPSChgPower failed, err = android.os.RemoteException: HwBinder Error: (-74)
03-05 23:30:54.663  2775  3353 E OplusBatteryServiceFeature: ICharger getBattPPSChgPower failed, err = android.os.RemoteException: HwBinder Error: (-74)
03-05 23:30:59.696  2775  3353 E OplusBatteryServiceFeature: ICharger getBattPPSChgPower failed, err = android.os.RemoteException: HwBinder Error: (-74)
03-05 23:30:59.697  2775  3353 E OplusBatteryServiceFeature: ICharger getBattPPSChgPower failed, err = android.os.RemoteException: HwBinder Error: (-74)
03-05 23:31:00.060  2775  6435 E OplusCustomizeRestrictionManagerService: isBiometricDisabled start
03-05 23:31:00.061  2775  3870 E OplusCustomizeRestrictionManagerService: isBiometricDisabled start
03-05 23:31:00.359  2775  3353 E OplusBatteryServiceFeature: ICharger getBattPPSChgPower failed, err = android.os.RemoteException: HwBinder Error: (-74)
03-05 23:31:00.361  2775  3353 E OplusBatteryServiceFeature: ICharger getBattPPSChgPower failed, err = android.os.RemoteException: HwBinder Error: (-74)
03-05 23:31:04.670  2775  3353 E OplusBatteryServiceFeature: ICharger getBattPPSChgPower failed, err = android.os.RemoteException: HwBinder Error: (-74)
03-05 23:31:04.671  2775  3353 E OplusBatteryServiceFeature: ICharger getBattPPSChgPower failed, err = android.os.RemoteException: HwBinder Error: (-74)
03-05 23:31:06.799  2775  6435 I ActivityManager: Killing 26666:com.google.android.webview:sandboxed_process0:org.chromium.content.app.SandboxedProcessService0:1/u0a96i10 (adj 0): isolated not needed
03-05 23:31:06.858  2775  2862 D KernelCpuUidUserSysTimeReader: Removing uids 90000-90000
03-05 23:31:06.859  2775  2862 D KernelCpuUidUserSysTimeReader: Removing uids 99006-99006
03-05 23:31:08.710  2775  2858 D CompatibilityChangeReporter: Compat change id reported: 168419799; UID 1001; state: DISABLED
03-05 23:31:09.261  2775  4302 I OplusCustomizeService: pkg:com.android.systemui isPlatformSigned, return true drectly 
03-05 23:31:09.332  2775  6435 I OplusCustomizeService: pkg:com.android.systemui isPlatformSigned, return true drectly 
03-05 23:31:09.702  2775  3353 E OplusBatteryServiceFeature: ICharger getBattPPSChgPower failed, err = android.os.RemoteException: HwBinder Error: (-74)
03-05 23:31:09.703  2775  3353 E OplusBatteryServiceFeature: ICharger getBattPPSChgPower failed, err = android.os.RemoteException: HwBinder Error: (-74)
03-05 23:31:14.656  2775  3353 E OplusBatteryServiceFeature: ICharger getBattPPSChgPower failed, err = android.os.RemoteException: HwBinder Error: (-74)
03-05 23:31:14.657  2775  3353 E OplusBatteryServiceFeature: ICharger getBattPPSChgPower failed, err = android.os.RemoteException: HwBinder Error: (-74)
03-05 23:31:16.647  2775  3353 E OplusBatteryServiceFeature: ICharger getBattPPSChgPower failed, err = android.os.RemoteException: HwBinder Error: (-74)
03-05 23:31:16.648  2775  3353 E OplusBatteryServiceFeature: ICharger getBattPPSChgPower failed, err = android.os.RemoteException: HwBinder Error: (-74)
03-05 23:31:16.831  2775  3353 E OplusBatteryServiceFeature: ICharger getBattPPSChgPower failed, err = android.os.RemoteException: HwBinder Error: (-74)
03-05 23:31:16.832  2775  3353 E OplusBatteryServiceFeature: ICharger getBattPPSChgPower failed, err = android.os.RemoteException: HwBinder Error: (-74)
03-05 23:31:19.694  2775  3353 E OplusBatteryServiceFeature: ICharger getBattPPSChgPower failed, err = android.os.RemoteException: HwBinder Error: (-74)
03-05 23:31:19.695  2775  3353 E OplusBatteryServiceFeature: ICharger getBattPPSChgPower failed, err = android.os.RemoteException: HwBinder Error: (-74)
03-05 23:31:24.062  2775  6407 D UsageStatsService: User[0] type=0 b=1709674148427 e=1709674284061 cb=1709632894911 ce=1709674281899 disk=0 all=1
03-05 23:31:24.662  2775  3353 E OplusBatteryServiceFeature: ICharger getBattPPSChgPower failed, err = android.os.RemoteException: HwBinder Error: (-74)
03-05 23:31:24.664  2775  3353 E OplusBatteryServiceFeature: ICharger getBattPPSChgPower failed, err = android.os.RemoteException: HwBinder Error: (-74)
03-05 23:31:25.046  1508  1508 I Quality : SFJankCountInfo: 166; 0; 0; 4; 1; 27; 23; 3; 3; 0; 34
03-05 23:31:26.693  2775  3870 D UsageStatsService: User[0] type=0 b=1709672486691 e=1709674286691 cb=1709632894911 ce=1709674286661 disk=0 all=792
03-05 23:31:26.747  2775  4302 D CompatibilityChangeReporter: Compat change id reported: 135634846; UID 10096; state: DISABLED
03-05 23:31:26.747  2775  4302 D CompatibilityChangeReporter: Compat change id reported: 177438394; UID 10096; state: DISABLED
03-05 23:31:26.747  2775  4302 D CompatibilityChangeReporter: Compat change id reported: 135772972; UID 10096; state: DISABLED
03-05 23:31:26.748  2775  4302 D CompatibilityChangeReporter: Compat change id reported: 135754954; UID 10096; state: ENABLED
03-05 23:31:26.748  2775  2850 D CompatibilityChangeReporter: Compat change id reported: 143937733; UID 10096; state: ENABLED
03-05 23:31:26.783  2775  2850 I ActivityManager: Start proc 27909:com.google.android.webview:sandboxed_process0:org.chromium.content.app.SandboxedProcessService0:2/u0i11 for  {com.google.android.gms/org.chromium.content.app.SandboxedProcessService0:2}
03-05 23:31:26.814  2775  3870 D UsageStatsService: User[0] type=0 b=1709674206408 e=1709674286795 cb=1709632894911 ce=1709674286661 disk=0 all=0
03-05 23:31:29.697  2775  3353 E OplusBatteryServiceFeature: ICharger getBattPPSChgPower failed, err = android.os.RemoteException: HwBinder Error: (-74)
03-05 23:31:29.699  2775  3353 E OplusBatteryServiceFeature: ICharger getBattPPSChgPower failed, err = android.os.RemoteException: HwBinder Error: (-74)
03-05 23:31:31.304  2775  2860 D BatteryStatsImplExtImpl: updateDevicePowerDetails
03-05 23:31:31.306  2775  2860 D OplusRpmSubsystemManager: battery drained... 
03-05 23:31:31.306  2775  2860 D OplusRpmSubsystemManager: init...
03-05 23:31:31.318  2775  2860 D BatteryStatsImplExtImpl: PowerDetails: time=2024-03-05-23-31-31, top=com.arumcomm.crashlogviewer.MainMenuActivity, ref_counts=11295, ref_mode=0, brightness=0, refs_per_sec=16.0, modem_txTimeMs=[0, 0, 0, 0, 0], traffic=[0,0,0,0], ctr_drain=[0,0,0,0], rpmstat=null, sap=false, audio=[spk:0, headset:0]
03-05 23:31:31.318  2775  2860 D BatteryStatsImplExtImpl: , modem=[activity:0]
03-05 23:31:31.318  2775  2860 D BatteryStatsImplExtImpl: , endc=0
03-05 23:31:31.566  2775 27936 D OplusDexSceneManager: Starting attach context  for  com.google.android.networkstack.tethering reason: post-boot
03-05 23:31:31.566  2775 27936 D OplusDexSceneManager: isTopAppFront =======com.arumcomm.crashlogviewer:false
03-05 23:31:31.566  2775 27936 D OplusDexSceneManager: OplusDex Framework didnot works!
03-05 23:31:32.929  2775  3353 E OplusBatteryServiceFeature: ICharger getBattPPSChgPower failed, err = android.os.RemoteException: HwBinder Error: (-74)
03-05 23:31:32.930  2775  3353 E OplusBatteryServiceFeature: ICharger getBattPPSChgPower failed, err = android.os.RemoteException: HwBinder Error: (-74)
03-05 23:31:33.149  2775 27936 D OplusDexSceneManager: Starting attach context  for  com.taptap.global reason: post-boot
03-05 23:31:33.149  2775 27936 D OplusDexSceneManager: isTopAppFront =======com.arumcomm.crashlogviewer:false
03-05 23:31:33.149  2775 27936 D OplusDexSceneManager: OplusDex Framework didnot works!
03-05 23:31:34.648  2775  3353 E OplusBatteryServiceFeature: ICharger getBattPPSChgPower failed, err = android.os.RemoteException: HwBinder Error: (-74)
03-05 23:31:34.648  2775  3353 E OplusBatteryServiceFeature: ICharger getBattPPSChgPower failed, err = android.os.RemoteException: HwBinder Error: (-74)
03-05 23:31:39.690  2775  3353 E OplusBatteryServiceFeature: ICharger getBattPPSChgPower failed, err = android.os.RemoteException: HwBinder Error: (-74)
03-05 23:31:39.691  2775  3353 E OplusBatteryServiceFeature: ICharger getBattPPSChgPower failed, err = android.os.RemoteException: HwBinder Error: (-74)
03-05 23:31:41.511  2775 27936 D OplusDexSceneManager: Starting attach context  for  com.google.android.ext.services reason: post-boot
03-05 23:31:41.511  2775 27936 D OplusDexSceneManager: isTopAppFront =======com.arumcomm.crashlogviewer:false
03-05 23:31:41.511  2775 27936 D OplusDexSceneManager: OplusDex Framework didnot works!
03-05 23:31:43.896  2775 27936 D OplusDexSceneManager: Starting attach context  for  com.google.android.cellbroadcastservice reason: post-boot
03-05 23:31:43.896  2775 27936 D OplusDexSceneManager: isTopAppFront =======com.arumcomm.crashlogviewer:false
03-05 23:31:43.896  2775 27936 D OplusDexSceneManager: OplusDex Framework didnot works!
03-05 23:31:44.647  2775  3353 E OplusBatteryServiceFeature: ICharger getBattPPSChgPower failed, err = android.os.RemoteException: HwBinder Error: (-74)
03-05 23:31:44.648  2775  3353 E OplusBatteryServiceFeature: ICharger getBattPPSChgPower failed, err = android.os.RemoteException: HwBinder Error: (-74)
03-05 23:31:45.057  2775 27936 D OplusDexSceneManager: Starting attach context  for  com.coloros.smartsidebar reason: post-boot
03-05 23:31:45.057  2775 27936 D OplusDexSceneManager: isTopAppFront =======com.arumcomm.crashlogviewer:false
03-05 23:31:45.057  2775 27936 D OplusDexSceneManager: OplusDex Framework didnot works!
03-05 23:31:49.216  2775  3353 E OplusBatteryServiceFeature: ICharger getBattPPSChgPower failed, err = android.os.RemoteException: HwBinder Error: (-74)
03-05 23:31:49.217  2775  3353 E OplusBatteryServiceFeature: ICharger getBattPPSChgPower failed, err = android.os.RemoteException: HwBinder Error: (-74)
03-05 23:31:49.676  2775 27936 D OplusDexSceneManager: Starting attach context  for  com.whatsapp reason: post-boot
03-05 23:31:49.676  2775 27936 D OplusDexSceneManager: isTopAppFront =======com.arumcomm.crashlogviewer:false
03-05 23:31:49.676  2775 27936 D OplusDexSceneManager: OplusDex Framework didnot works!
03-05 23:31:49.694  2775  3353 E OplusBatteryServiceFeature: ICharger getBattPPSChgPower failed, err = android.os.RemoteException: HwBinder Error: (-74)
03-05 23:31:49.695  2775  3353 E OplusBatteryServiceFeature: ICharger getBattPPSChgPower failed, err = android.os.RemoteException: HwBinder Error: (-74)
03-05 23:31:54.659  2775  3353 E OplusBatteryServiceFeature: ICharger getBattPPSChgPower failed, err = android.os.RemoteException: HwBinder Error: (-74)
03-05 23:31:54.660  2775  3353 E OplusBatteryServiceFeature: ICharger getBattPPSChgPower failed, err = android.os.RemoteException: HwBinder Error: (-74)
03-05 23:31:58.468  2775 27936 D OplusDexSceneManager: Starting attach context  for  com.freevpnplanet reason: post-boot
03-05 23:31:58.469  2775 27936 D OplusDexSceneManager: isTopAppFront =======com.arumcomm.crashlogviewer:false
03-05 23:31:58.469  2775 27936 D OplusDexSceneManager: OplusDex Framework didnot works!
03-05 23:31:59.684  2775  3353 E OplusBatteryServiceFeature: ICharger getBattPPSChgPower failed, err = android.os.RemoteException: HwBinder Error: (-74)
