03-05 23:28:35.995  2775  2827 W PackageManager: package unknown uid 10095 pid 26411 call SetEnabledSetting(com.android.vending component = com.google.android.finsky.wearsupport.WearChangeListenerService, 2, 0x1, 0)
03-05 23:28:36.119  2775  2827 D CompatibilityChangeReporter: Compat change id reported: 149924527; UID 1000; state: ENABLED
03-05 23:28:36.120  2775  3870 D CompatibilityChangeReporter: Compat change id reported: 132649864; UID 1000; state: DISABLED
03-05 23:28:37.890  2775  3329 D OplusFeatureHDREnhanceBrightness: checkIsPlayingHDR isPlayingHDR=0 rotation=0 whiteApp=true battery=27
03-05 23:28:37.910  2775  3154 W ActivityManager: Unable to start service Intent { act=com.facebook.analytics2.logger.UPLOAD_NOW cmp=com.instagram.android/com.facebook.analytics2.logger.HighPriUploadRetryReceiver (has extras) } U=0: not found
03-05 23:28:37.924  2775  2858 D CompatibilityChangeReporter: Compat change id reported: 135634846; UID 10418; state: DISABLED
03-05 23:28:37.925  2775  2858 D CompatibilityChangeReporter: Compat change id reported: 177438394; UID 10418; state: DISABLED
03-05 23:28:37.925  2775  2858 D CompatibilityChangeReporter: Compat change id reported: 135772972; UID 10418; state: DISABLED
03-05 23:28:37.925  2775  2858 D CompatibilityChangeReporter: Compat change id reported: 135754954; UID 10418; state: ENABLED
03-05 23:28:37.927  2775  2850 D CompatibilityChangeReporter: Compat change id reported: 143937733; UID 10418; state: ENABLED
03-05 23:28:37.966  2775  2850 I ActivityManager: Start proc 26821:com.instagram.android/u0a418 for broadcast {com.instagram.android/com.instagram.analytics.uploadscheduler.AnalyticsUploadAlarmReceiver}
03-05 23:28:38.003  2775  3870 D CompatibilityChangeReporter: Compat change id reported: 168419799; UID 10418; state: DISABLED
03-05 23:28:38.541  2775  3870 D CompatibilityChangeReporter: Compat change id reported: 183164979; UID 10418; state: ENABLED
03-05 23:28:38.671  2775  6484 W PackageManager: package unknown uid 10418 pid 26821 call SetEnabledSetting(com.instagram.android component = com.instagram.share.handleractivity.ShareHandlerActivity, 1, 0x1, 0)
03-05 23:28:38.672  2775  3870 W PackageManager: package unknown uid 10418 pid 26821 call SetEnabledSetting(com.instagram.android component = com.instagram.share.handleractivity.ShareHandlerActivityMultipleFeedAlias, 2, 0x1, 0)
03-05 23:28:38.888  2775  6484 W PackageManager: package unknown uid 10418 pid 26821 call SetEnabledSetting(com.instagram.android component = com.instagram.direct.share.handler.DirectShareHandlerActivity, 2, 0x1, 0)
03-05 23:28:38.888  2775  3870 W PackageManager: package unknown uid 10418 pid 26821 call SetEnabledSetting(com.instagram.android component = com.instagram.direct.share.handler.DirectShareHandlerActivityInterop, 1, 0x1, 0)
03-05 23:28:38.889  2775  2827 W PackageManager: package unknown uid 10418 pid 26821 call SetEnabledSetting(com.instagram.android component = com.instagram.direct.share.handler.DirectExternalMediaShareActivityPhoto, 2, 0x1, 0)
03-05 23:28:38.889  2775  3870 W PackageManager: package unknown uid 10418 pid 26821 call SetEnabledSetting(com.instagram.android component = com.instagram.direct.share.handler.DirectExternalMediaShareActivityPhotoInterop, 1, 0x1, 0)
03-05 23:28:38.890  2775  3870 W PackageManager: package unknown uid 10418 pid 26821 call SetEnabledSetting(com.instagram.android component = com.instagram.direct.share.handler.DirectExternalMediaShareActivityVideo, 2, 0x1, 0)
03-05 23:28:38.890  2775  3870 W PackageManager: package unknown uid 10418 pid 26821 call SetEnabledSetting(com.instagram.android component = com.instagram.direct.share.handler.DirectExternalMediaShareActivityVideoInterop, 1, 0x1, 0)
03-05 23:28:38.890  2775  3870 W PackageManager: package unknown uid 10418 pid 26821 call SetEnabledSetting(com.instagram.android component = com.instagram.direct.share.handler.DirectMultipleExternalMediaShareActivity, 2, 0x1, 0)
03-05 23:28:38.902  2775  6484 W PackageManager: package unknown uid 10418 pid 26821 call SetEnabledSetting(com.instagram.android component = com.instagram.direct.share.handler.DirectMultipleExternalMediaShareActivityInterop, 2, 0x1, 0)
03-05 23:28:38.903  2775  6484 W PackageManager: package unknown uid 10418 pid 26821 call SetEnabledSetting(com.instagram.android component = com.instagram.fbpay.w3c.ipc.IsReadyToPayServiceImpl, 1, 0x1, 0)
03-05 23:28:38.906  2775  6484 W PackageManager: package unknown uid 10418 pid 26821 call SetEnabledSetting(com.instagram.android component = com.instagram.fbpay.w3c.ipc.FBPaymentServiceImpl, 1, 0x1, 0)
03-05 23:28:38.910  2775  6484 W PackageManager: package unknown uid 10418 pid 26821 call SetEnabledSetting(com.instagram.android component = com.instagram.fbpay.w3c.views.PaymentActivity, 1, 0x1, 0)
03-05 23:28:39.001  2775  3870 W PackageManager: package unknown uid 10418 pid 26821 call SetEnabledSetting(com.instagram.android component = com.instagram.push.FbnsInitBroadcastReceiver, 1, 0x1, 0)
03-05 23:28:39.017  2775  3870 W PackageManager: package unknown uid 10418 pid 26821 call SetEnabledSetting(com.instagram.android component = com.instagram.push.FbnsInitBroadcastReceiver, 1, 0x1, 0)
03-05 23:28:39.154 26821 26987 E OplusCustomizeRestrictionManager: sInstance is null, start a new sInstance
03-05 23:28:39.293  2775  3870 D CompatibilityChangeReporter: Compat change id reported: 171306433; UID 10418; state: ENABLED
03-05 23:28:39.696  2775  3353 E OplusBatteryServiceFeature: ICharger getBattPPSChgPower failed, err = android.os.RemoteException: HwBinder Error: (-74)
03-05 23:28:39.697  2775  3353 E OplusBatteryServiceFeature: ICharger getBattPPSChgPower failed, err = android.os.RemoteException: HwBinder Error: (-74)
03-05 23:28:40.480  2775  2849 D CompatibilityChangeReporter: Compat change id reported: 135634846; UID 10268; state: DISABLED
03-05 23:28:40.480  2775  2849 D CompatibilityChangeReporter: Compat change id reported: 177438394; UID 10268; state: DISABLED
03-05 23:28:40.480  2775  2849 D CompatibilityChangeReporter: Compat change id reported: 135772972; UID 10268; state: DISABLED
03-05 23:28:40.480  2775  2849 D CompatibilityChangeReporter: Compat change id reported: 135754954; UID 10268; state: ENABLED
03-05 23:28:40.481  2775  2850 D CompatibilityChangeReporter: Compat change id reported: 143937733; UID 10268; state: ENABLED
03-05 23:28:40.521  2775  2850 I ActivityManager: Start proc 27002:ru.sberbankmobile:SberPayNfcOneTap/u0a268 for service {ru.sberbankmobile/ru.sberbank.mobile.feature.sberpay.nfc.impl.sberpaynfc.service.SberPayNfcHceOneTapService}
03-05 23:28:40.560  2775  3870 D CompatibilityChangeReporter: Compat change id reported: 168419799; UID 10268; state: DISABLED
03-05 23:28:40.578  2775  4980 D OplusProxyWakeLock: remove uid: 10268 wiht all pids from wakelockUidInfo list
03-05 23:28:44.501  2775  2827 W ProcessStats: Tracking association SourceState{62422f8 com.arumcomm.crashlogviewer/10560 Top #15608} whose proc state 1 is better than process ProcessState{3daa3d1 com.google.android.gms/10096 pkg=com.google.android.gms} proc state 4 (1470 skipped)
03-05 23:28:44.675  2775  3353 E OplusBatteryServiceFeature: ICharger getBattPPSChgPower failed, err = android.os.RemoteException: HwBinder Error: (-74)
03-05 23:28:44.676  2775  3353 E OplusBatteryServiceFeature: ICharger getBattPPSChgPower failed, err = android.os.RemoteException: HwBinder Error: (-74)
03-05 23:28:49.694  2775  3353 E OplusBatteryServiceFeature: ICharger getBattPPSChgPower failed, err = android.os.RemoteException: HwBinder Error: (-74)
03-05 23:28:49.696  2775  3353 E OplusBatteryServiceFeature: ICharger getBattPPSChgPower failed, err = android.os.RemoteException: HwBinder Error: (-74)
03-05 23:28:50.065  2775  3353 E OplusBatteryServiceFeature: ICharger getBattPPSChgPower failed, err = android.os.RemoteException: HwBinder Error: (-74)
03-05 23:28:50.066  2775  3353 E OplusBatteryServiceFeature: ICharger getBattPPSChgPower failed, err = android.os.RemoteException: HwBinder Error: (-74)
03-05 23:28:50.494  2775  2849 D CompatibilityChangeReporter: Compat change id reported: 135634846; UID 10269; state: DISABLED
03-05 23:28:50.495  2775  2849 D CompatibilityChangeReporter: Compat change id reported: 177438394; UID 10269; state: DISABLED
03-05 23:28:50.496  2775  2849 D CompatibilityChangeReporter: Compat change id reported: 135772972; UID 10269; state: DISABLED
03-05 23:28:50.496  2775  2849 D CompatibilityChangeReporter: Compat change id reported: 135754954; UID 10269; state: ENABLED
03-05 23:28:50.499  2775  2850 D CompatibilityChangeReporter: Compat change id reported: 143937733; UID 10269; state: ENABLED
03-05 23:28:50.563  2775  2850 W ActivityManager: Slow operation: 72ms so far, now at startProcess: returned from zygote!
03-05 23:28:50.564  2775  2850 W ActivityManager: Slow operation: 73ms so far, now at startProcess: done updating battery stats
03-05 23:28:50.564  2775  2850 W ActivityManager: Slow operation: 74ms so far, now at startProcess: building log message
03-05 23:28:50.565  2775  2850 I ActivityManager: Start proc 27061:com.whatsapp/u0a269 for service {com.whatsapp/com.whatsapp.messaging.MessageService}
03-05 23:28:50.565  2775  2850 W ActivityManager: Slow operation: 74ms so far, now at startProcess: starting to update pids map
03-05 23:28:50.565  2775  2850 W ActivityManager: Slow operation: 74ms so far, now at startProcess: done updating pids map
03-05 23:28:51.160  2775  4980 D OplusProxyWakeLock: remove uid: 10268 wiht all pids from wakelockUidInfo list
03-05 23:28:51.577  2775  6435 W PackageManager: package unknown uid 10269 pid 27061 call SetEnabledSetting(com.whatsapp component = androidx.work.impl.background.systemjob.SystemJobService, 1, 0x1, 0)
03-05 23:28:51.614  2775  2827 D CompatibilityChangeReporter: Compat change id reported: 157233955; UID 10269; state: ENABLED
03-05 23:28:51.624  2775  2827 W BluetoothManagerService: bindBluetoothProfileService:Trying to bind to profile: 1, while Bluetooth is disabled
03-05 23:28:51.834  2775  6484 D CompatibilityChangeReporter: Compat change id reported: 171306433; UID 10269; state: ENABLED
03-05 23:28:54.659  2775  3353 E OplusBatteryServiceFeature: ICharger getBattPPSChgPower failed, err = android.os.RemoteException: HwBinder Error: (-74)
03-05 23:28:54.661  2775  3353 E OplusBatteryServiceFeature: ICharger getBattPPSChgPower failed, err = android.os.RemoteException: HwBinder Error: (-74)
03-05 23:28:55.235  2775  6435 W ProcessStats: Tracking association SourceState{62422f8 com.arumcomm.crashlogviewer/10560 Top #15638} whose proc state 1 is better than process ProcessState{3daa3d1 com.google.android.gms/10096 pkg=com.google.android.gms} proc state 7 (71 skipped)
03-05 23:28:59.719  2775  3353 E OplusBatteryServiceFeature: ICharger getBattPPSChgPower failed, err = android.os.RemoteException: HwBinder Error: (-74)
03-05 23:28:59.721  2775  3353 E OplusBatteryServiceFeature: ICharger getBattPPSChgPower failed, err = android.os.RemoteException: HwBinder Error: (-74)
03-05 23:29:00.502  2775  2849 D CompatibilityChangeReporter: Compat change id reported: 135634846; UID 10157; state: DISABLED
03-05 23:29:00.503  2775  2849 D CompatibilityChangeReporter: Compat change id reported: 177438394; UID 10157; state: DISABLED
03-05 23:29:00.503  2775  2849 D CompatibilityChangeReporter: Compat change id reported: 135772972; UID 10157; state: DISABLED
03-05 23:29:00.504  2775  2849 D CompatibilityChangeReporter: Compat change id reported: 135754954; UID 10157; state: ENABLED
03-05 23:29:00.506  2775  2850 D CompatibilityChangeReporter: Compat change id reported: 143937733; UID 10157; state: ENABLED
03-05 23:29:00.556  2775  2850 W ActivityManager: Slow operation: 57ms so far, now at startProcess: returned from zygote!
03-05 23:29:00.557  2775  2850 W ActivityManager: Slow operation: 58ms so far, now at startProcess: done updating battery stats
03-05 23:29:00.557  2775  2850 W ActivityManager: Slow operation: 58ms so far, now at startProcess: building log message
03-05 23:29:00.557  2775  2850 I ActivityManager: Start proc 27133:com.oplus.games/u0a157 for service {com.oplus.games/com.games.view.toolbox.main.notification.AppNotificationService}
03-05 23:29:00.557  2775  2850 W ActivityManager: Slow operation: 58ms so far, now at startProcess: starting to update pids map
03-05 23:29:00.557  2775  2850 W ActivityManager: Slow operation: 58ms so far, now at startProcess: done updating pids map
03-05 23:29:01.065  2775  2827 D CompatibilityChangeReporter: Compat change id reported: 135634846; UID 1000; state: DISABLED
03-05 23:29:01.066  2775  2827 D CompatibilityChangeReporter: Compat change id reported: 177438394; UID 1000; state: DISABLED
03-05 23:29:01.066  2775  2827 D CompatibilityChangeReporter: Compat change id reported: 135772972; UID 1000; state: DISABLED
03-05 23:29:01.066  2775  2827 D CompatibilityChangeReporter: Compat change id reported: 135754954; UID 1000; state: ENABLED
03-05 23:29:01.125  2775  2850 W ActivityManager: Slow operation: 62ms so far, now at startProcess: returned from zygote!
03-05 23:29:01.125  2775  2850 W ActivityManager: Slow operation: 63ms so far, now at startProcess: done updating battery stats
03-05 23:29:01.126  2775  2850 W ActivityManager: Slow operation: 63ms so far, now at startProcess: building log message
03-05 23:29:01.126  2775  2850 I ActivityManager: Start proc 27214:com.heytap.mcs.appservice/1000 for service {com.heytap.mcs/com.heytap.mcs.biz.appservice.McsSdkService}
03-05 23:29:01.126  2775  2850 W ActivityManager: Slow operation: 63ms so far, now at startProcess: starting to update pids map
03-05 23:29:01.128  2775  2850 W ActivityManager: Slow operation: 65ms so far, now at startProcess: done updating pids map
03-05 23:29:01.169  2775  2827 V ActivityManager: Has totaly same connectionRecord, just reuse it!
03-05 23:29:01.176  2775  3870 D CompatibilityChangeReporter: Compat change id reported: 168419799; UID 1000; state: DISABLED
03-05 23:29:01.243  2775  2827 V ActivityManager: Has totaly same connectionRecord, just reuse it!
03-05 23:29:01.261  2775  2858 W BroadcastQueue: Permission Denial: broadcasting Intent { act=android.net.conn.CONNECTIVITY_CHANGE flg=0x4200010 (has extras) } from null (pid=-1, uid=-1) requires android.permission.CHANGE_NETWORK_STATE due to registered receiver BroadcastFilter{20198f0 10157/u0 ReceiverList{3ed4d33 27133 com.oplus.games/10157/u0 remote:2cfeca2}}
03-05 23:29:01.261  2775  2858 W BroadcastQueue: Permission Denial: broadcasting Intent { act=android.net.conn.CONNECTIVITY_CHANGE flg=0x4200010 (has extras) } from null (pid=-1, uid=-1) requires android.permission.CHANGE_NETWORK_STATE due to registered receiver BroadcastFilter{ba5898f 10157/u0 ReceiverList{46430ee 27133 com.oplus.games/10157/u0 remote:e76e69}}
03-05 23:29:01.262  2775  2827 V ActivityManager: Has totaly same connectionRecord, just reuse it!
03-05 23:29:01.263  2775  2858 W BroadcastQueue: Permission Denial: broadcasting Intent { act=android.net.conn.CONNECTIVITY_CHANGE flg=0x4200010 (has extras) } from null (pid=-1, uid=-1) requires android.permission.CHANGE_NETWORK_STATE due to registered receiver BroadcastFilter{ee66dfa 10157/u0 ReceiverList{9ff8825 27133 com.oplus.games/10157/u0 remote:8ff541c}}
03-05 23:29:01.264  2775  2858 W BroadcastQueue: Permission Denial: broadcasting Intent { act=android.net.conn.CONNECTIVITY_CHANGE flg=0x4200010 (has extras) } from null (pid=-1, uid=-1) requires android.permission.CHANGE_NETWORK_STATE due to registered receiver BroadcastFilter{bc581a1 10157/u0 ReceiverList{abb9608 27133 com.oplus.games/10157/u0 remote:6fb2fab}}
03-05 23:29:01.286  2775  6484 V ActivityManager: Has totaly same connectionRecord, just reuse it!
03-05 23:29:01.293  2775  2775 V NotificationListeners: 0 notification listener service connected: ComponentInfo{com.oplus.games/com.games.view.toolbox.main.notification.AppNotificationService}
03-05 23:29:01.311  2775  2858 W BroadcastQueue: Permission Denial: broadcasting Intent { act=android.net.conn.CONNECTIVITY_CHANGE flg=0x4200010 (has extras) } from null (pid=-1, uid=-1) requires android.permission.CHANGE_NETWORK_STATE due to registered receiver BroadcastFilter{b2fb18 10157/u0 ReceiverList{3ebbefb 27133 com.oplus.games/10157/u0 remote:e2d688a}}
03-05 23:29:01.311  2775  2858 W BroadcastQueue: Permission Denial: broadcasting Intent { act=android.net.conn.CONNECTIVITY_CHANGE flg=0x4200010 (has extras) } from null (pid=-1, uid=-1) requires android.permission.CHANGE_NETWORK_STATE due to registered receiver BroadcastFilter{1072bad 10157/u0 ReceiverList{f68b0c4 27133 com.oplus.games/10157/u0 remote:d818356}}
03-05 23:29:01.445 27214 27281 W ContextImpl: Calling a method in the system process without a qualified user: android.app.ContextImpl.startService:1819 android.content.ContextWrapper.startService:786 m3.b.L:7 l3.a.a:1 com.heytap.mcs.biz.appservice.command.b.b:24 
03-05 23:29:01.460  2775  3756 D NotificationListeners: Disabling component com.oplus.games/com.games.view.toolbox.main.notification.AppNotificationService
03-05 23:29:01.469  2775  6435 W ActivityManager: Unable to start service Intent { cmp=com.oplus.games/com.games.view.toolbox.main.notification.AppNotificationService$a } U=0: not found
03-05 23:29:01.558  2775  6435 W ActivityManager: Unable to start service Intent { cmp=com.oplus.games/com.games.view.toolbox.main.notification.AppNotificationService$a } U=0: not found
03-05 23:29:01.711 27133 27288 E ActivityThread: Failed to find provider info for com.oplus.cosa.compat.provider.GameServiceProvider
03-05 23:29:04.662  2775  3353 E OplusBatteryServiceFeature: ICharger getBattPPSChgPower failed, err = android.os.RemoteException: HwBinder Error: (-74)
03-05 23:29:04.663  2775  3353 E OplusBatteryServiceFeature: ICharger getBattPPSChgPower failed, err = android.os.RemoteException: HwBinder Error: (-74)
03-05 23:29:06.186  2775  4980 D OplusProxyWakeLock: remove uid: 10560 wiht all pids from wakelockUidInfo list
03-05 23:29:06.219  2775  3870 W ProcessStats: Tracking association SourceState{62422f8 com.arumcomm.crashlogviewer/10560 Top #15696} whose proc state 1 is better than process ProcessState{3daa3d1 com.google.android.gms/10096 pkg=com.google.android.gms} proc state 7 (66 skipped)
03-05 23:29:06.297  2775  6435 D UsageStatsService: User[0] type=0 b=1709672346294 e=1709674146294 cb=1709632894911 ce=1709674141447 disk=0 all=789
03-05 23:29:06.303  2775  2988 D UsageStatsService: User[0] type=0 b=1709672346298 e=1709674146298 cb=1709632894911 ce=1709674141447 disk=0 all=789
03-05 23:29:06.305  2775  6435 D UsageStatsService: User[0] type=0 b=1709672346304 e=1709674146304 cb=1709632894911 ce=1709674141447 disk=0 all=789
03-05 23:29:06.312  2775  3756 D UsageStatsService: User[0] type=0 b=1709672346311 e=1709674146311 cb=1709632894911 ce=1709674141447 disk=0 all=789
03-05 23:29:06.318  2775  6435 D UsageStatsService: User[0] type=0 b=1709672346317 e=1709674146317 cb=1709632894911 ce=1709674146308 disk=0 all=789
03-05 23:29:06.351  2775  3353 E OplusBatteryServiceFeature: ICharger getBattPPSChgPower failed, err = android.os.RemoteException: HwBinder Error: (-74)
03-05 23:29:06.352  2775  3353 E OplusBatteryServiceFeature: ICharger getBattPPSChgPower failed, err = android.os.RemoteException: HwBinder Error: (-74)
03-05 23:29:06.383  2775  6435 D UsageStatsService: User[0] type=0 b=1709674106143 e=1709674146374 cb=1709632894911 ce=1709674146308 disk=0 all=10
03-05 23:29:08.256  2775  3265 V Biometrics/AcquisitionClient: Acquired: 0 0, shouldSend: true
03-05 23:29:08.260  2775  3265 D Biometrics/Fingerprint21/OplusFingerprint21ServiceProviderExtImpl: dispatchTouchDown
03-05 23:29:08.261  2775  3265 D Biometrics/Fingerprint21/OplusFingerprint21ServiceProviderExtImpl: [handleOnPointerDown] dispatch to Auth
03-05 23:29:08.274  2775  3264 D OplusPowerManagerHelper: wakeUpAndBlockScreenOn reason= android.service.fingerprint:WAKEUP
03-05 23:29:08.274  2775  3264 D OplusPowerManagerHelper: [notifyPowerKeyPressed] reason = android.service.fingerprint:WAKEUP
03-05 23:29:08.275  2775  3264 E OplusDisplayPowerControllerFeature: execuce mBlockReasonList.add
03-05 23:29:08.275  2775  3264 D OplusPowerManagerHelper: [onWakeUp]
03-05 23:29:08.276  2775  3264 D OplusPowerManagerHelper: [requestKeyguard]
03-05 23:29:08.277  2775  3264 I PowerManagerService: Powering on display group fromAsleep (groupId=0, uid=1000, reason=android.service.fingerprint:WAKEUP, details=android.service.fingerprint:WAKEUP)...
03-05 23:29:08.277  2775  3264 I PowerManagerService: Waking up from Asleep (uid=1000, reason=android.service.fingerprint:WAKEUP, details=android.service.fingerprint:WAKEUP)...
03-05 23:29:08.278  2775  2837 I VRR [OPlusRefreshRateManager]: hasADFRFeature return false
03-05 23:29:08.278  2775  2837 I DisplayManagerService: Comparing display specs: baseModeId=2 allowGroupSwitching=false primaryRefreshRateRange=[0 120] appRequestRefreshRateRange=[0 120] vrrPolicy=POLICY_DEFAULT, existing: baseModeId=2 allowGroupSwitching=false primaryRefreshRateRange=[0 120] appRequestRefreshRateRange=[0 120] vrrPolicy=POLICY_DEFAULT
03-05 23:29:08.284  2775  2871 D VRR [OPlusRefreshRateService]: screenStateChange state: 2
03-05 23:29:08.284  2775  2877 D VRR [OPlusRefreshRateService]: handleScreenStateChange state: 2
03-05 23:29:08.294  2775 27385 D OplusFeatureReduceBrightness: registerByNewImpl
03-05 23:29:08.295  2775 27385 I OplusAppSwitchManagerService: appswitch registerAppSwitchObserver pName = android observer = com.oplus.app.OplusAppSwitchManager$OnAppSwitchObserverDelegate@ce48b8d config = OplusAppSwitchConfig = {  mConfigs = {2=[TOM@@tencent@@tmgp@@sgame, TOM@@happyelements@@AndroidAnimal, TOM@@tencent@@tmgp@@pubgmhd, TOM@@tencent@@mm, TOM@@tencent@@mobileqq, TOM@@sina@@weibo, TOM@@taobao@@taobao, TOM@@heytap@@browser, TOM@@ss@@android@@article@@news, TOM@@android@@incallui, TOM@@kugou@@android, TOM@@tencent@@karaoke, TOM@@UCMobile, TOM@@tencent@@mtt, TOM@@baidu@@searchbox, TOM@@ss@@android@@article@@lite, TOM@@tencent@@news, TOM@@baidu@@BaiduMap, TOM@@autonavi@@minimap, TOM@@sdu@@didi@@psnger, TOM@@sdu@@didi@@gsui, TOM@@jingdong@@app@@mall, TOM@@eg@@android@@AlipayGphone, TOM@@immomo@@momo, TOM@@gvsoft@@gofun, TOM@@zing@@zalo, TOM@@imo@@android@@imoim, TOM@@snapchat@@android, TOM@@viber@@voip, TOM@@android@@chrome, TOM@@tencent@@ig, TOM@@mxtech@@videoplayer@@ad, TOM@@facebook@@katana, TOM@@facebook@@lite, TOM@@facebook@@orca, TOM@@google@@android@@youtube, TOM@@google@@android@@apps@@youtube@@mango, TOM@@instagram@@android, TOM@@whatsapp, TOM@@dts@@freefireth, TOM@@mobile@@legends, TOM@@google@@android@@apps@@maps, TOM@@google@@android@@googlequicksearchbox, TOM@@UCMobile@@intl]} observerFingerPrint = 162255550}
03-05 23:29:08.295  2775 27385 I OplusAppSwitchStateDispatcher: registerAppSwitchObserver addDynamicListener OK, info = OplusAppSwitchRuleInfo = {  observer = com.oplus.app.OplusAppSwitchManager$OnAppSwitchObserverDelegate@ce48b8d observerFingerPrint = 162255550} rule size =8
03-05 23:29:08.295  2775 27385 D OplusFeatureHDREnhanceBrightness: registerByNewImpl
03-05 23:29:08.295  2775 27385 I OplusAppSwitchManagerService: appswitch registerAppSwitchObserver pName = android observer = com.oplus.app.OplusAppSwitchManager$OnAppSwitchObserverDelegate@be29142 config = OplusAppSwitchConfig = {  mConfigs = {2=[]} observerFingerPrint = 50966581}
03-05 23:29:08.295  2775 27385 I OplusAppSwitchStateDispatcher: registerAppSwitchObserver addDynamicListener OK, info = OplusAppSwitchRuleInfo = {  observer = com.oplus.app.OplusAppSwitchManager$OnAppSwitchObserverDelegate@be29142 observerFingerPrint = 50966581} rule size =9
03-05 23:29:08.296  2775  2871 D DisplayPowerState: setScreenState: state=2
03-05 23:29:08.296  2775  2871 D BackLightStat: setScreenState: state changed:OFF->ON
03-05 23:29:08.296  2775  2871 I DisplayPowerController[0]: Blocking screen on until initial contents have been drawn.
03-05 23:29:08.296  2775 27385 W ActivityManager: Receiver with filter android.content.IntentFilter@2c62553 already registered for pid 2775, callerPackage is android
03-05 23:29:08.296  2775 27385 D OplusFeatureHDREnhanceBrightness: registerReceiver failed for battery level and rotation change
03-05 23:29:08.297  2775 27385 I ColorAutomaticBrightnessController: setScreenOn to AIBrightnessModel, isOn = true
03-05 23:29:08.297  2775  2871 D OplusDisplayPowerControllerExtImpl: original brightness to dataBase:1026 final brightness:1026.0 scale:1.0 reason:1 darkLevel:0
03-05 23:29:08.297  2775  6435 D WindowManager: mKeyguardDelegate.ShowListener.onDrawn.
03-05 23:29:08.297  2775  2871 D DisplayPowerController[0]: Animating brightness: target=1026.0, rate=1600.0, source= 10
03-05 23:29:08.297  2775  6435 D WindowManager: mKeyguardDelegate.ShowListener.onDrawn.
03-05 23:29:08.297  2775  2835 W WindowManager: Setting mKeyguardDrawComplete
03-05 23:29:08.298  2775  2835 I WindowManager: Waiting for drawn Window{786ef5f u0 NotificationShade}: removed=false visible=true mHasSurface=true drawState=1
03-05 23:29:08.298  2775  2835 W WindowManager: Setting mKeyguardDrawComplete
03-05 23:29:08.299  2775 27386 W ContextImpl: Calling a method in the system process without a qualified user: android.app.ContextImpl.sendBroadcast:1190 com.android.server.policy.PhoneWindowManagerExtImpl$9.run:1929 java.lang.Thread.run:1012 <bottom of call stack> <bottom of call stack> 
03-05 23:29:08.299  2775  2871 V DisplayPowerController[0]: Brightness [1026.0] reason changing to: 'manual', previous reason: 'screen_off'.
03-05 23:29:08.300  2775  2871 D VRR [OPlusRefreshRateService]: notifyNitsChange nits: 85.395065 discrete nits: 2.0
03-05 23:29:08.300  2775  2872 W ContextImpl: Calling a method in the system process without a qualified user: android.app.ContextImpl.sendBroadcast:1175 com.android.server.am.OplusAppStartupConfig.handleCountRestrictedList:961 com.android.server.am.OplusAppStartupManager.updateScreenStatus:5083 com.android.server.OplusSysStateManager$LocalService.onWakefulnessChanged:412 com.android.server.power.NotifierExtImpl.onWakefulnessChanged:128 
03-05 23:29:08.300  2775  2877 D VRR [OPlusRefreshRateService]: handleBrightnessChange nits: 85.395065
03-05 23:29:08.303  2775  2837 I DisplayDeviceRepository: Display device changed state: "Встроенный экран", ON
03-05 23:29:08.306  2775  2838 I WindowManager: Waiting for drawn Window{786ef5f u0 NotificationShade}: removed=false visible=true mHasSurface=true drawState=1
03-05 23:29:08.307  2775  2837 D DisplayManagerService: Delivering display event: displayId=0, event=2
03-05 23:29:08.309  2775  3137 D OplusDisplayStateMonitor: screenState: STATE_ON  last screenState: STATE_OFF
03-05 23:29:08.309  2775  3137 D OplusDisplayStateMonitor: Display doze summary : 0 / 33862 ratio:0.0
03-05 23:29:08.311  2775  2775 I WallpaperManagerServiceExt: removeDisplayData. displayId = 0
03-05 23:29:08.319  2775  2838 I WindowManager: Waiting for drawn Window{786ef5f u0 NotificationShade}: removed=false visible=true mHasSurface=true drawState=1
03-05 23:29:08.322  2775  2838 I WindowManager: Waiting for drawn Window{786ef5f u0 NotificationShade}: removed=false visible=true mHasSurface=true drawState=1
03-05 23:29:08.331  2775  3265 V Biometrics/AcquisitionClient: Acquired: 0 0, shouldSend: true
03-05 23:29:08.333  2775  3265 V Biometrics/LoggableMonitor: Authentication latency: -1
03-05 23:29:08.333  2775  3265 W Biometrics/LoggableMonitor: found a negative latency : -1
03-05 23:29:08.333  2775  3265 V Biometrics/AuthenticationClient: onAuthenticated(true), ID:-1994970359, Owner: com.android.systemui, isBP: false, listener: com.android.server.biometrics.sensors.ClientMonitorCallbackConverter@fa86fa8, requireConfirmation: false, user: 0, clientMonitor: {[18] FingerprintAuthenticationClient, proto=3, owner=com.android.systemui, cookie=0, userId=0}
03-05 23:29:08.333  2775  3265 W Biometrics/AuthenticationClient: Allowing background authentication, this is allowed only for platform or test invocations
03-05 23:29:08.334  2775 27390 V Biometrics/Fingerprint21/OplusFingerprint21ServiceProviderExtImpl: start notify Vold when fingerprint success
03-05 23:29:08.334  2775 27390 I StorageManagerService: unlockUserKey: 0 isFileEncryptedNativeOrEmulated: true hasToken: false hasSecret: false
03-05 23:29:08.334  2775  3265 D BiometricService: resetLockout from: 0, for: 4, userId: 0
03-05 23:29:08.334   768  7533 I vold    : [sensitive file debug]fscrypt_unlock_sensitive_key start: 0 serial=0 token_present=0
03-05 23:29:08.334   768  7533 I vold    : [sensitive file debug]fscrypt_create_and_install_sensitive_file_key start,sensitiveType: 0 token_present=0, create_by_default=1
03-05 23:29:08.334   768  7533 I vold    : [sensitive file debug]key_root = /data/misc/vold/user_keys/ae
03-05 23:29:08.334   768  7533 D vold    : Key exists, using: /data/misc/vold/user_keys/ae/0/default
03-05 23:29:08.337  2775  3265 D Biometrics/AuthenticationClient: addAuthToken: 0
03-05 23:29:08.340  2775  3265 D UaBiometricScheduler/FaceProvider/default/4: [Added] {[19] FaceResetLockoutClient, proto=12, owner=android, cookie=0, userId=0}, new queue size: 1
03-05 23:29:08.340  2775  3265 D UaBiometricScheduler/FaceProvider/default/4: [Polled] {[19] FaceResetLockoutClient, proto=12, owner=android, cookie=0, userId=0}, State: 0
03-05 23:29:08.340  2775  3265 D UaBiometricScheduler/FaceProvider/default/4: [Starting] {[19] FaceResetLockoutClient, proto=12, owner=android, cookie=0, userId=0}, State: 0
03-05 23:29:08.340  2775  3265 D UaBiometricScheduler/FaceProvider/default/4: [Started] {[19] FaceResetLockoutClient, proto=12, owner=android, cookie=0, userId=0}
03-05 23:29:08.340  2775  2988 D UserManagerServiceExtImpl: getMultiSystemUserId  res = -10000
03-05 23:29:08.341  2775  3264 D OplusPowerManagerHelper: unblockScreenOn reason = unBlockScreenOnByAuthenticateSucess
03-05 23:29:08.341  2775  3264 E OplusDisplayPowerControllerFeature: execute mBlockReasonList.clear
03-05 23:29:08.341  2775  3264 D OplusPowerManagerHelper: [notifyPowerKeyPressed] reason = unBlockScreenOnByAuthenticateSucess
03-05 23:29:08.343  2775  2871 D OplusDisplayPowerControllerExtImpl: original brightness to dataBase:1026 final brightness:1026.0 scale:1.0 reason:1 darkLevel:0
03-05 23:29:08.343  2775  2871 D DisplayPowerController[0]: Animating brightness: target=1026.0, rate=1600.0, source= 10
03-05 23:29:08.343  2775  2988 D UserManagerServiceExtImpl: getMultiSystemUserId  res = -10000
03-05 23:29:08.344  2775  3264 E OplusDisplayPowerControllerFeature: execute mBlockReasonList.clear
03-05 23:29:08.344  2775  3264 D OplusFeatureAOD: notifySfUnBlockScreenOn
03-05 23:29:08.344  2775  3264 D OplusPowerManagerHelper: scheduleNotifyStopDream
03-05 23:29:08.345  2775  2871 D OplusDisplayPowerControllerExtImpl: original brightness to dataBase:1026 final brightness:1026.0 scale:1.0 reason:1 darkLevel:0
03-05 23:29:08.345  2775  2871 D DisplayPowerController[0]: Animating brightness: target=1026.0, rate=1600.0, source= 10
03-05 23:29:08.345  2775  2871 D OplusPowerManagerHelper: handleMessage:102
03-05 23:29:08.345  2775  2871 D OplusPowerManagerHelper: MSG_STOP_DEAM
03-05 23:29:08.345  2775  3265 D BiometricScheduler/Fingerprint21: [Finishing] {[18] FingerprintAuthenticationClient, proto=3, owner=com.android.systemui, cookie=0, userId=0}, success: true
03-05 23:29:08.345  2775  3265 D BiometricCoexCoordinator: removeAuthenticationClient(OtherFp), client: {[18] FingerprintAuthenticationClient, proto=3, owner=com.android.systemui, cookie=0, userId=0}
03-05 23:29:08.345  2775  3265 D FingerprintService: Client finished, fps state updated to 0, client {[18] FingerprintAuthenticationClient, proto=3, owner=com.android.systemui, cookie=0, userId=0}
03-05 23:29:08.345  2775  3265 D BiometricScheduler/Fingerprint21: clientMonitor.mAlreadyDone : true
03-05 23:29:08.345  2775  3265 D GestureAvailabilityTracker: Notifying gesture availability, active=true
03-05 23:29:08.345  2775  3265 D BiometricScheduler/Fingerprint21: No operations, returning to idle
03-05 23:29:08.345  2775  3265 D FaceProvider/default/4: onLockoutCleared after resetLockout
03-05 23:29:08.346  2775  2988 D UserManagerServiceExtImpl: getMultiSystemUserId  res = -10000
03-05 23:29:08.347  2775  3353 D CommonDcsUploader: notifyMsgToCommonDcs, logTag: 20120fingerprint_auth_dcsmsg
03-05 23:29:08.348  2775  2987 D UserManagerServiceExtImpl: getMultiSystemUserId  res = -10000
03-05 23:29:08.351  2775  2987 D ActivityTaskManager: Top Process State changed to PROCESS_STATE_TOP
03-05 23:29:08.351  2775  2988 E OplusCustomizeRestrictionManagerService: isBiometricDisabled start
03-05 23:29:08.352  2775  2775 E OplusCustomizeRestrictionManagerService: isBiometricDisabled start
03-05 23:29:08.353  2775  2988 E OplusCustomizeRestrictionManagerService: isBiometricDisabled start
03-05 23:29:08.354  2775  2775 D BiometricService: Sensor ID(4), oemStrength: 255, updatedStrength: 255, modality 8, state: 0, cookie: 0, props: ID: 4, Strength: 1, Type: 1, SupportsFaceDetection: false, sensorId 4, hasEnrollments: false cannot participate in Keystore operations
03-05 23:29:08.358  2775  3265 D UaBiometricScheduler/FaceProvider/default/4: [Finishing] {[19] FaceResetLockoutClient, proto=12, owner=android, cookie=0, userId=0}, success: true
03-05 23:29:08.358  2775  3265 D UaBiometricScheduler/FaceProvider/default/4: clientMonitor.mAlreadyDone : false
03-05 23:29:08.358  2775  3265 D UaBiometricScheduler/FaceProvider/default/4: No operations, returning to idle
03-05 23:29:08.358  2775  2987 I OplusAppSwitchManager: notifyAppSwitch the same packageName!
03-05 23:29:08.363   768  7533 I vold    : [sensitive file debug]ae default_key_path :/data/misc/vold/user_keys/ae/0/default
03-05 23:29:08.363   768  7533 E vold    : [sensitive file debug]ae default_key_path exist
03-05 23:29:08.363   768  7533 I vold    : [sensitive file debug]fscrypt_create_and_install_sensitive_file_key create key,sensitiveType: 0,key.size()=32 success! 
03-05 23:29:08.363   768  7533 I vold    : [sensitive file debug]fscrypt_export_sensitive_file_key start, user_id=0,sensitiveType=0,use_default=1
03-05 23:29:08.363   768  7533 I vold    : [sensitive file debug]fscrypt_export_sensitive_file_key create key,sensitiveType: 0,key.size()=32
03-05 23:29:08.363  2775 27390 I StorageManagerService: exportSensitveFileKey: success, sensitiveType:0,size=32
03-05 23:29:08.363  2775 27390 D StorageManagerService: User 0's CE storage is already unlocked
03-05 23:29:08.363  2775 27390 V Biometrics/Fingerprint21/OplusFingerprint21ServiceProviderExtImpl: notify Vold end
03-05 23:29:08.364  2775  2837 D DisplayManagerService: Delivering display event: displayId=0, event=2
03-05 23:29:08.368  2775  6484 E OplusCustomizeRestrictionManagerService: isBiometricDisabled start
03-05 23:29:08.368  2775  6484 D Fingerprint21: cancelAuthentication, sensorId: 0
03-05 23:29:08.368  2775  6484 E Biometrics/Fingerprint21/OplusFingerprint21ServiceProviderExtImpl: Current client is null
03-05 23:29:08.368  2775  3265 E BiometricScheduler/Fingerprint21: Unable to cancel authentication, null operation
03-05 23:29:08.371  2775  2987 D CompatibilityChangeReporter: Compat change id reported: 181136395; UID 10560; state: DISABLED
03-05 23:29:08.371  2775  2987 D CompatibilityChangeReporter: Compat change id reported: 174042936; UID 10560; state: DISABLED
03-05 23:29:08.372  2775  2987 D TaskExtImpl: addColorModeOnResume resume=true pkg = com.arumcomm.crashlogviewer
03-05 23:29:08.374  2775  6484 D OplusPowerManagerHelper: [notifyPowerKeyPressed] reason = android.policy:BIOMETRIC
03-05 23:29:08.374  2775  6484 E OplusDisplayPowerControllerFeature: execute mBlockReasonList.clear
03-05 23:29:08.374  2775  6484 D OplusFeatureAOD: notifySfUnBlockScreenOn
03-05 23:29:08.374  2775  6484 D OplusPowerManagerHelper: scheduleNotifyStopDream
03-05 23:29:08.375  2775  2871 D OplusDisplayPowerControllerExtImpl: original brightness to dataBase:1026 final brightness:1026.0 scale:1.0 reason:1 darkLevel:0
03-05 23:29:08.375  2775  2871 D DisplayPowerController[0]: Animating brightness: target=1026.0, rate=1600.0, source= 10
03-05 23:29:08.375  2775  2871 D OplusPowerManagerHelper: handleMessage:102
03-05 23:29:08.375  2775  2987 D CompatibilityChangeReporter: Compat change id reported: 168419799; UID 10560; state: DISABLED
03-05 23:29:08.375  2775  2871 D OplusPowerManagerHelper: MSG_STOP_DEAM
03-05 23:29:08.376  2775  2987 D ActivityTaskManager: getStartingWindowType: newTask=false, taskSwitch=true, processRunning=true, allowTaskSnapshot=true, activityCreated=true, snapshot=TaskSnapshot{ mId=1709674114365 mTopActivityComponent=com.arumcomm.crashlogviewer/.MainMenuActivity mSnapshot=android.hardware.HardwareBuffer@b8330f9 (1080x2400) mColorSpace=sRGB IEC61966-2.1 (id=0, model=RGB) mOrientation=1 mRotation=0 mTaskSize=Point(1080, 2400) mContentInsets=[0,108][0,132] mIsLowResolution=false mIsRealSnapshot=true mWindowingMode=1 mAppearance=0 mIsTranslucent=false mHasImeSurface=false, record:ActivityRecord{c818750 u0 com.arumcomm.crashlogviewer/.MainMenuActivity t28431}
03-05 23:29:08.379  2775  2987 D CompactWindowManagerService: updateBackgroundSurface openingApp: ActivityRecord{c818750 u0 com.arumcomm.crashlogviewer/.MainMenuActivity t28431}
03-05 23:29:08.380  2775  2987 D OplusSplitScreenManagerService: isDragToSplitState mOplusSpiltScreenDnDUI is null, just return!
03-05 23:29:08.382  2775  3265 D BiometricScheduler/Fingerprint21: [Added] {[20] FingerprintResetLockoutClient, proto=12, owner=android, cookie=0, userId=0}, new queue size: 1
03-05 23:29:08.382  2775  3265 D BiometricScheduler/Fingerprint21: [Polled] {[20] FingerprintResetLockoutClient, proto=12, owner=android, cookie=0, userId=0}, State: 0
03-05 23:29:08.382  2775  3265 D BiometricScheduler/Fingerprint21: [Starting] {[20] FingerprintResetLockoutClient, proto=12, owner=android, cookie=0, userId=0}, State: 0
03-05 23:29:08.382  2775  3265 D BiometricScheduler/Fingerprint21: [Started] {[20] FingerprintResetLockoutClient, proto=12, owner=android, cookie=0, userId=0}
03-05 23:29:08.384  2775  3265 D BiometricScheduler/Fingerprint21: [Finishing] {[20] FingerprintResetLockoutClient, proto=12, owner=android, cookie=0, userId=0}, success: true
03-05 23:29:08.384  2775  3265 D BiometricScheduler/Fingerprint21: clientMonitor.mAlreadyDone : false
03-05 23:29:08.384  2775  3265 D BiometricScheduler/Fingerprint21: No operations, returning to idle
03-05 23:29:08.386  2775  6435 D UserManagerServiceExtImpl: getMultiSystemUserId  res = -10000
03-05 23:29:08.387  2775  2988 E OplusCustomizeRestrictionManagerService: isBiometricDisabled start
03-05 23:29:08.388  2775  2988 E OplusCustomizeRestrictionManagerService: isBiometricDisabled start
03-05 23:29:08.389  3511  3511 I Quality : 13003201:  Fingerprint 44
03-05 23:29:08.391  3511  3511 D OneHandedController: setLockedDisabled locked = false, enabled = false ,FeatureEnabled = false
03-05 23:29:08.393  2775  2987 I WindowManager: Waiting for drawn Window{786ef5f u0 NotificationShade}: removed=false visible=true mHasSurface=true drawState=1
03-05 23:29:08.396  2775  6479 I StatusBarManagerService: disableLocked, what:0, pkg:com.android.systemui userId: 0 token:android.os.BinderProxy@14e9d5c net1:0 net2:0
03-05 23:29:08.397  2775  2987 I WindowManager: Waiting for drawn Window{786ef5f u0 NotificationShade}: removed=false visible=true mHasSurface=true drawState=1
03-05 23:29:08.401  2775  2838 I WindowManager: Waiting for drawn Window{786ef5f u0 NotificationShade}: removed=false visible=true mHasSurface=true drawState=1
03-05 23:29:08.402  2775  2827 D UserManagerServiceExtImpl: getMultiSystemUserId  res = -10000
03-05 23:29:08.419  2775  3870 E OplusCustomizeRestrictionManagerService: isBiometricDisabled start
03-05 23:29:08.421  2775  2987 E OplusCustomizeRestrictionManagerService: isBiometricDisabled start
03-05 23:29:08.427  2775  2837 V UsbDeviceManager: onKeyguardStateChanged: isShowing:false secure:true user:0
03-05 23:29:08.440 26342 26342 I Quality : Skipped: false 4 cost 35.799168 refreshRate 0 processName com.arumcomm.crashlogviewer
03-05 23:29:08.445  2775  2987 I WindowManager: Waiting for drawn Window{786ef5f u0 NotificationShade}: removed=false visible=true mHasSurface=true drawState=1
03-05 23:29:08.446  2775  3757 E OplusCustomizeRestrictionManagerService: isBiometricDisabled start
03-05 23:29:08.447  2775  6489 E OplusCustomizeRestrictionManagerService: isBiometricDisabled start
03-05 23:29:08.449  2775  2987 I WindowManager: Waiting for drawn Window{786ef5f u0 NotificationShade}: removed=false visible=true mHasSurface=true drawState=1
03-05 23:29:08.455  2775  2775 I AccessibilityManagerService: installed services not changed, just return
03-05 23:29:08.456  2775  3252 D OplusFeatureColorMode: +updateUserPresent
03-05 23:29:08.461  2775  2775 D OplusPowerMonitor: Receive broadcast android.intent.action.USER_PRESENT
03-05 23:29:08.461  2775  2775 D OplusPowerMonitor: There is no matched action!
03-05 23:29:08.465  2775  2858 W BroadcastQueue: Background execution not allowed: receiving Intent { act=android.intent.action.USER_PRESENT flg=0x24280010 } to com.android.chrome/org.chromium.chrome.browser.sharing.click_to_call.ClickToCallMessageHandler$PhoneUnlockedReceiver
03-05 23:29:08.466  2775  2987 E OplusCustomizeRestrictionManagerService: isBiometricDisabled start
03-05 23:29:08.466  2775  6435 W PackageManager: package unknown uid 10418 pid 26821 call SetEnabledSetting(com.instagram.android component = com.instagram.push.FbnsInitBroadcastReceiver, 1, 0x1, 0)
03-05 23:29:08.467  2775  2987 E OplusCustomizeRestrictionManagerService: isBiometricDisabled start
03-05 23:29:08.474  2775  2838 I WindowManager: Waiting for drawn Window{786ef5f u0 NotificationShade}: removed=false visible=true mHasSurface=true drawState=1
03-05 23:29:08.476  2775  2858 W BroadcastQueue: Background execution not allowed: receiving Intent { act=android.intent.action.USER_PRESENT flg=0x24280010 } to com.facebook.services/com.facebook.oxygen.services.fbns.RegisteredMqttSystemBroadcastReceiver
03-05 23:29:08.480  2775  2858 W BroadcastQueue: Background execution not allowed: receiving Intent { act=android.intent.action.USER_PRESENT flg=0x24280010 } to com.google.android.gms/.auth.setup.devicesignals.LockScreenReceiver
03-05 23:29:08.480  2775  2858 W BroadcastQueue: Background execution not allowed: receiving Intent { act=android.intent.action.USER_PRESENT flg=0x24280010 } to com.google.android.gms/.chimera.GmsIntentOperationService$PersistentTrustedReceiver
03-05 23:29:08.481  2775  2858 W BroadcastQueue: Background execution not allowed: receiving Intent { act=android.intent.action.USER_PRESENT flg=0x24280010 } to com.instagram.android/com.instagram.push.FbnsInitBroadcastReceiver
03-05 23:29:08.481  2775  2858 W BroadcastQueue: Permission Denial: broadcasting Intent { act=android.intent.action.USER_PRESENT flg=0x24280010 } from com.android.systemui (pid=3511, uid=10193) to ru.aliexpress.buyer/com.alibaba.aliexpresshd.receiver.SystemBroadcastReceiver is not exported from uid 10315
03-05 23:29:08.499  2775  3757 I WindowManager: Waiting for drawn Window{786ef5f u0 NotificationShade}: removed=false visible=false mHasSurface=false drawState=0
03-05 23:29:08.499  2775  3757 D WindowManager: All windows drawn!
03-05 23:29:08.500  2775  3757 V WindowManager: Changing focus from Window{786ef5f u0 NotificationShade} to Window{afee519 u0 com.arumcomm.crashlogviewer/com.arumcomm.crashlogviewer.MainMenuActivity},diplayid=0
03-05 23:29:08.500  2775  3757 D CompactWindowManagerService: notifyCompactWindowState task: Task{b987913 #28431 type=standard A=10560:com.arumcomm.crashlogviewer U=0 visible=true mode=fullscreen translucent=false sz=1}; hasFocus: true
03-05 23:29:08.501  2775  3757 D ActivityTaskManager: onWindowFocusChanged Task{b987913 #28431 type=standard A=10560:com.arumcomm.crashlogviewer U=0 visible=true mode=fullscreen translucent=false sz=1} would transfer to compact
03-05 23:29:08.506  2775  2837 I WindowManager: All windows ready for every display
03-05 23:29:08.506  2775  2835 W WindowManager: Setting mWindowManagerDrawComplete
03-05 23:29:08.517  2775  2835 I WindowManager: Finished screen turning on...
03-05 23:29:08.518  2775  2835 D OplusDisplayPowerControllerExtImpl: ScreenOnUnblocker, onScreenOn
03-05 23:29:08.519  2775  2871 I DisplayPowerController[0]: Unblocked screen on after 223 ms
03-05 23:29:08.519  2775  2871 D DisplayPowerState: setColorFadeLevel: level=1.0
03-05 23:29:08.519  2775  2871 D OplusVFXScreenEffectFeature:  setColorFadeLevel 1
03-05 23:29:08.521  2775  2871 D OplusDisplayPowerControllerExtImpl: original brightness to dataBase:1026 final brightness:1026.0 scale:1.0 reason:1 darkLevel:0
03-05 23:29:08.521  2775  2871 D DisplayPowerController[0]: Animating brightness: target=1026.0, rate=1600.0, source= 10
03-05 23:29:08.532  2775  6484 W PackageManager: package unknown uid 10096 pid 4807 call SetEnabledSetting(com.google.android.gms component = com.google.android.gms.nearby.mediums.nearfieldcommunication.NfcAdvertisingService, 1, 0x1, 0)
03-05 23:29:08.541  2775  6435 W WindowManager: Attempted to add starting window to token but already cleaned
03-05 23:29:08.542  3511  3654 W StartingSurfaceDrawer: Failed to add snapshot starting window res=-5
03-05 23:29:08.544  2775  6479 D UserManagerServiceExtImpl: getMultiSystemUserId  res = -10000
03-05 23:29:08.561  2775  6484 D UserManagerServiceExtImpl: getMultiSystemUserId  res = -10000
03-05 23:29:08.570  2775  3757 W ContextImpl: Calling a method in the system process without a qualified user: android.app.ContextImpl.sendBroadcastMultiplePermissions:1208 com.android.server.TelephonyRegistry.broadcastServiceStateChanged:2997 com.android.server.TelephonyRegistry.notifyServiceStateForPhoneId:1614 com.android.internal.telephony.ITelephonyRegistry$Stub.onTransact:455 android.os.Binder.execTransactInternal:1226 
03-05 23:29:08.573  2775  3757 W ContextImpl: Calling a method in the system process without a qualified user: android.app.ContextImpl.sendBroadcastMultiplePermissions:1258 android.content.Context.sendBroadcastMultiplePermissions:2215 com.android.server.TelephonyRegistry.broadcastServiceStateChanged:3000 com.android.server.TelephonyRegistry.notifyServiceStateForPhoneId:1614 com.android.internal.telephony.ITelephonyRegistry$Stub.onTransact:455 
03-05 23:29:08.573  2775  2871 D OplusDisplayPowerControllerExtImpl: original brightness to dataBase:1026 final brightness:1026.0 scale:1.0 reason:1 darkLevel:0
03-05 23:29:08.573  2775  2871 D DisplayPowerController[0]: Animating brightness: target=1026.0, rate=1600.0, source= 10
03-05 23:29:08.573  2775  3333 D OplusVFXScreenEffectFeature:  setBrightness 1026
03-05 23:29:08.574  2775  2871 D DisplayPowerController[0]: screenTurnedOn state=2 brightnessState=1026.0
03-05 23:29:08.574  2775  2871 D OplusDisplayPowerControllerFeature: RECORD:onUpdatePowerState policy:3 state:2 brightness:1026
03-05 23:29:08.574  2775  2871 W PowerManagerService: Screen on took 300 ms. groupId = 0
03-05 23:29:08.574  2775  2871 D OplusPowerManagerHelper: [onWakeUpFinish]
03-05 23:29:08.574  2775  2871 D OplusFeatureAOD: notifySfUnBlockScreenOn
03-05 23:29:08.574  2775  2871 I Quality : ScreenOnOff: ON 300 98
03-05 23:29:08.575  2775  2872 D NotifierExtImpl: notifyScreenOnOff: on = true
03-05 23:29:08.575  2775  3757 W ContextImpl: Calling a method in the system process without a qualified user: android.app.ContextImpl.sendBroadcastMultiplePermissions:1258 com.android.server.TelephonyRegistry.broadcastServiceStateChanged:3007 com.android.server.TelephonyRegistry.notifyServiceStateForPhoneId:1614 com.android.internal.telephony.ITelephonyRegistry$Stub.onTransact:455 android.os.Binder.execTransactInternal:1226 
03-05 23:29:08.582  2775  3757 W ContextImpl: Calling a method in the system process without a qualified user: android.app.ContextImpl.sendBroadcastMultiplePermissions:1258 com.android.server.TelephonyRegistry.broadcastServiceStateChanged:3012 com.android.server.TelephonyRegistry.notifyServiceStateForPhoneId:1614 com.android.internal.telephony.ITelephonyRegistry$Stub.onTransact:455 android.os.Binder.execTransactInternal:1226 
03-05 23:29:08.585  2775  2858 W BroadcastQueue: Skipping delivery of excluded package Intent { act=android.intent.action.SERVICE_STATE flg=0x1000010 (has extras) } to ProcessRecord{f7db99b 4345:com.android.phone/1001} (pid=4345, uid=1001) excludes package com.android.phone due to sender android (uid 1001)
03-05 23:29:08.585  2775  2858 W BroadcastQueue: Skipping delivery of excluded package Intent { act=android.intent.action.SERVICE_STATE flg=0x1000010 (has extras) } to ProcessRecord{f7db99b 4345:com.android.phone/1001} (pid=4345, uid=1001) excludes package com.android.phone due to sender android (uid 1001)
03-05 23:29:08.585  2775  2858 W BroadcastQueue: Skipping delivery of excluded package Intent { act=android.intent.action.SERVICE_STATE flg=0x1000010 (has extras) } to ProcessRecord{f7db99b 4345:com.android.phone/1001} (pid=4345, uid=1001) excludes package com.android.phone due to sender android (uid 1001)
03-05 23:29:08.585  2775  2858 W BroadcastQueue: Skipping delivery of excluded package Intent { act=android.intent.action.SERVICE_STATE flg=0x1000010 (has extras) } to ProcessRecord{f7db99b 4345:com.android.phone/1001} (pid=4345, uid=1001) excludes package com.android.phone due to sender android (uid 1001)
03-05 23:29:08.585  2775  2858 W BroadcastQueue: Permission Denial: receiving Intent { act=android.intent.action.SERVICE_STATE flg=0x1000010 (has extras) } to com.google.android.cellbroadcastreceiver/com.android.cellbroadcastreceiver.CellBroadcastReceiver requires android.permission.READ_PHONE_STATE due to sender android (uid 1001)
