03-05 23:40:58.793   768  7533 I vold    : [sensitive file debug]fscrypt_export_sensitive_file_key create key,sensitiveType: 0,key.size()=32
03-05 23:40:58.793  2775 29522 I StorageManagerService: exportSensitveFileKey: success, sensitiveType:0,size=32
03-05 23:40:58.793  2775 29522 D StorageManagerService: User 0's CE storage is already unlocked
03-05 23:40:58.793  2775 29522 V Biometrics/Fingerprint21/OplusFingerprint21ServiceProviderExtImpl: notify Vold end
03-05 23:40:58.794  3511  3511 I Quality : 13003201:  Fingerprint 50
03-05 23:40:58.795  3511  3511 D OneHandedController: setLockedDisabled locked = false, enabled = false ,FeatureEnabled = false
03-05 23:40:58.798  2775  2838 I WindowManager: Waiting for drawn Window{786ef5f u0 NotificationShade}: removed=false visible=true mHasSurface=true drawState=1
03-05 23:40:58.800  2775  3757 I StatusBarManagerService: disableLocked, what:0, pkg:com.android.systemui userId: 0 token:android.os.BinderProxy@14e9d5c net1:0 net2:0
03-05 23:40:58.804  2775  3870 W ActivityManager: Unable to start service Intent { act=heytap.intent.action.assistantscreen.window.server pkg=com.coloros.assistantscreen } U=0: not found
03-05 23:40:58.807  2775  3756 D UserManagerServiceExtImpl: getMultiSystemUserId  res = -10000
03-05 23:40:58.817  2775  2838 I WindowManager: Waiting for drawn Window{786ef5f u0 NotificationShade}: removed=false visible=true mHasSurface=true drawState=1
03-05 23:40:58.818  2775  2837 V UsbDeviceManager: onKeyguardStateChanged: isShowing:false secure:true user:0
03-05 23:40:58.824  2775  6528 I WindowManager: Waiting for drawn Window{786ef5f u0 NotificationShade}: removed=false visible=true mHasSurface=true drawState=1
03-05 23:40:58.826  2775  6528 I WindowManager: Waiting for drawn Window{786ef5f u0 NotificationShade}: removed=false visible=true mHasSurface=true drawState=1
03-05 23:40:58.828  2775  2858 D CompatibilityChangeReporter: Compat change id reported: 168419799; UID 10146; state: DISABLED
03-05 23:40:58.829  2775  2988 E OplusCustomizeRestrictionManagerService: isBiometricDisabled start
03-05 23:40:58.831  2775  2988 E OplusCustomizeRestrictionManagerService: isBiometricDisabled start
03-05 23:40:58.837  2775  2838 I WindowManager: Waiting for drawn Window{786ef5f u0 NotificationShade}: removed=false visible=true mHasSurface=true drawState=1
03-05 23:40:58.840  2775  2837 I VRR [OPlusRefreshRateManager]: hasADFRFeature return false
03-05 23:40:58.840  2775  2837 I DisplayManagerService: Comparing display specs: baseModeId=2 allowGroupSwitching=false primaryRefreshRateRange=[0 120] appRequestRefreshRateRange=[0 120] vrrPolicy=POLICY_DEFAULT, existing: baseModeId=2 allowGroupSwitching=false primaryRefreshRateRange=[0 120] appRequestRefreshRateRange=[0 120] vrrPolicy=POLICY_DEFAULT
03-05 23:40:58.845  2775  3756 E OplusCustomizeRestrictionManagerService: isBiometricDisabled start
03-05 23:40:58.849  2775  3756 E OplusCustomizeRestrictionManagerService: isBiometricDisabled start
03-05 23:40:58.853  2775  2775 W ZramWriteback: Writeback is not enabled on zram
03-05 23:40:58.856  2775  6528 E OplusCustomizeRestrictionManagerService: isBiometricDisabled start
03-05 23:40:58.858  2775  3252 D OplusFeatureColorMode: +updateUserPresent
03-05 23:40:58.866  2775  2858 W BroadcastQueue: Background execution not allowed: receiving Intent { act=android.intent.action.USER_PRESENT flg=0x24280010 } to com.android.chrome/org.chromium.chrome.browser.sharing.click_to_call.ClickToCallMessageHandler$PhoneUnlockedReceiver
03-05 23:40:58.871  2775  2775 I AccessibilityManagerService: installed services not changed, just return
03-05 23:40:58.873  2775  2775 D OplusPowerMonitor: Receive broadcast android.intent.action.USER_PRESENT
03-05 23:40:58.873  2775  2775 D OplusPowerMonitor: There is no matched action!
03-05 23:40:58.875  2775  6479 W ContextImpl: Calling a method in the system process without a qualified user: android.app.ContextImpl.sendBroadcastMultiplePermissions:1208 com.android.server.TelephonyRegistry.broadcastServiceStateChanged:2997 com.android.server.TelephonyRegistry.notifyServiceStateForPhoneId:1614 com.android.internal.telephony.ITelephonyRegistry$Stub.onTransact:455 android.os.Binder.execTransactInternal:1226 
03-05 23:40:58.879  2775  3648 E OplusCustomizeRestrictionManagerService: isBiometricDisabled start
03-05 23:40:58.879  2775  6479 W ContextImpl: Calling a method in the system process without a qualified user: android.app.ContextImpl.sendBroadcastMultiplePermissions:1258 android.content.Context.sendBroadcastMultiplePermissions:2215 com.android.server.TelephonyRegistry.broadcastServiceStateChanged:3000 com.android.server.TelephonyRegistry.notifyServiceStateForPhoneId:1614 com.android.internal.telephony.ITelephonyRegistry$Stub.onTransact:455 
03-05 23:40:58.888  2775  2858 W BroadcastQueue: Background execution not allowed: receiving Intent { act=android.intent.action.USER_PRESENT flg=0x24280010 } to com.facebook.services/com.facebook.oxygen.services.fbns.RegisteredMqttSystemBroadcastReceiver
03-05 23:40:58.889  2775  6479 W ContextImpl: Calling a method in the system process without a qualified user: android.app.ContextImpl.sendBroadcastMultiplePermissions:1258 com.android.server.TelephonyRegistry.broadcastServiceStateChanged:3007 com.android.server.TelephonyRegistry.notifyServiceStateForPhoneId:1614 com.android.internal.telephony.ITelephonyRegistry$Stub.onTransact:455 android.os.Binder.execTransactInternal:1226 
03-05 23:40:58.890  2775  3648 I WindowManager: Waiting for drawn Window{786ef5f u0 NotificationShade}: removed=false visible=true mHasSurface=true drawState=1
03-05 23:40:58.890  2775  6479 W ContextImpl: Calling a method in the system process without a qualified user: android.app.ContextImpl.sendBroadcastMultiplePermissions:1258 com.android.server.TelephonyRegistry.broadcastServiceStateChanged:3012 com.android.server.TelephonyRegistry.notifyServiceStateForPhoneId:1614 com.android.internal.telephony.ITelephonyRegistry$Stub.onTransact:455 android.os.Binder.execTransactInternal:1226 
03-05 23:40:58.895  2775  2858 W BroadcastQueue: Skipping delivery of excluded package Intent { act=android.intent.action.SERVICE_STATE flg=0x1000010 (has extras) } to ProcessRecord{f7db99b 4345:com.android.phone/1001} (pid=4345, uid=1001) excludes package com.android.phone due to sender android (uid 1001)
03-05 23:40:58.895  2775  2858 W BroadcastQueue: Skipping delivery of excluded package Intent { act=android.intent.action.SERVICE_STATE flg=0x1000010 (has extras) } to ProcessRecord{f7db99b 4345:com.android.phone/1001} (pid=4345, uid=1001) excludes package com.android.phone due to sender android (uid 1001)
03-05 23:40:58.895  2775  2858 W BroadcastQueue: Permission Denial: receiving Intent { act=android.intent.action.SERVICE_STATE flg=0x1000010 (has extras) } to com.google.android.cellbroadcastreceiver/com.android.cellbroadcastreceiver.CellBroadcastReceiver requires android.permission.READ_PHONE_STATE due to sender android (uid 1001)
03-05 23:40:58.896  2775  2858 W BroadcastQueue: Background execution not allowed: receiving Intent { act=android.intent.action.USER_PRESENT flg=0x24280010 } to com.google.android.gms/.auth.setup.devicesignals.LockScreenReceiver
03-05 23:40:58.896  2775  2858 W BroadcastQueue: Skipping delivery of excluded package Intent { act=android.intent.action.SERVICE_STATE flg=0x1000010 (has extras) } to ProcessRecord{f7db99b 4345:com.android.phone/1001} (pid=4345, uid=1001) excludes package com.android.phone due to sender android (uid 1001)
03-05 23:40:58.896  2775  2858 W BroadcastQueue: Skipping delivery of excluded package Intent { act=android.intent.action.SERVICE_STATE flg=0x1000010 (has extras) } to ProcessRecord{f7db99b 4345:com.android.phone/1001} (pid=4345, uid=1001) excludes package com.android.phone due to sender android (uid 1001)
03-05 23:40:58.899  2775  2858 D CompatibilityChangeReporter: Compat change id reported: 135634846; UID 10245; state: DISABLED
03-05 23:40:58.899  2775  2858 D CompatibilityChangeReporter: Compat change id reported: 177438394; UID 10245; state: DISABLED
03-05 23:40:58.899  2775  2858 D CompatibilityChangeReporter: Compat change id reported: 135772972; UID 10245; state: DISABLED
03-05 23:40:58.899  2775  2858 D CompatibilityChangeReporter: Compat change id reported: 135754954; UID 10245; state: ENABLED
03-05 23:40:58.899  2775  2850 D CompatibilityChangeReporter: Compat change id reported: 143937733; UID 10245; state: ENABLED
03-05 23:40:58.899  2775  2858 W BroadcastQueue: Background execution not allowed: receiving Intent { act=android.intent.action.USER_PRESENT flg=0x24280010 } to com.google.android.gms/.chimera.GmsIntentOperationService$PersistentTrustedReceiver
03-05 23:40:58.899  2775  2858 W BroadcastQueue: Background execution not allowed: receiving Intent { act=android.intent.action.USER_PRESENT flg=0x24280010 } to com.instagram.android/com.instagram.push.FbnsInitBroadcastReceiver
03-05 23:40:58.899  2775  2858 W BroadcastQueue: Permission Denial: broadcasting Intent { act=android.intent.action.USER_PRESENT flg=0x24280010 } from com.android.systemui (pid=3511, uid=10193) to ru.aliexpress.buyer/com.alibaba.aliexpresshd.receiver.SystemBroadcastReceiver is not exported from uid 10315
03-05 23:40:58.941  2775  3870 I WindowManager: Waiting for drawn Window{786ef5f u0 NotificationShade}: removed=false visible=false mHasSurface=false drawState=0
03-05 23:40:58.941  2775  3870 D WindowManager: All windows drawn!
03-05 23:40:58.942  2775  6479 W PackageManager: package unknown uid 10096 pid 4807 call SetEnabledSetting(com.google.android.gms component = com.google.android.gms.nearby.mediums.nearfieldcommunication.NfcAdvertisingService, 1, 0x1, 0)
03-05 23:40:58.950  2775  3870 V WindowManager: Changing focus from Window{786ef5f u0 NotificationShade} to Window{130c589 u0 com.android.launcher/com.android.launcher.Launcher},diplayid=0
03-05 23:40:58.951  2775  3870 D CompactWindowManagerService: notifyCompactWindowState task: Task{de182b9 #5 type=undefined I=com.android.launcher/.Launcher U=0 rootTaskId=1 visible=true mode=fullscreen translucent=false sz=1}; hasFocus: true
03-05 23:40:58.951  2775  3870 D ActivityTaskManager: onWindowFocusChanged Task{de182b9 #5 type=undefined I=com.android.launcher/.Launcher U=0 rootTaskId=1 visible=true mode=fullscreen translucent=false sz=1} would transfer to compact
03-05 23:40:58.951  1508  1508 I Quality : SFJankCountInfo: 287; 0; 0; 1; 3; 17; 8; 1; 2; 0; 11
03-05 23:40:58.960  2775  2837 I WindowManager: All windows ready for every display
03-05 23:40:58.960  2775  2835 W WindowManager: Setting mWindowManagerDrawComplete
03-05 23:40:58.968  2775  2850 W ActivityManager: Slow operation: 71ms so far, now at startProcess: returned from zygote!
03-05 23:40:58.969  2775  2850 W ActivityManager: Slow operation: 72ms so far, now at startProcess: done updating battery stats
03-05 23:40:58.969  2775  2850 W ActivityManager: Slow operation: 72ms so far, now at startProcess: building log message
03-05 23:40:58.969  2775  2850 I ActivityManager: Start proc 29554:com.google.android.cellbroadcastreceiver/u0a245 for broadcast {com.google.android.cellbroadcastreceiver/com.android.cellbroadcastreceiver.CellBroadcastReceiver}
03-05 23:40:58.969  2775  2850 W ActivityManager: Slow operation: 72ms so far, now at startProcess: starting to update pids map
03-05 23:40:58.985  2775  2850 W ActivityManager: Slow operation: 88ms so far, now at startProcess: done updating pids map
03-05 23:40:58.991  2775  2835 I WindowManager: Finished screen turning on...
03-05 23:40:58.991  2775  2835 D OplusDisplayPowerControllerExtImpl: ScreenOnUnblocker, onScreenOn
03-05 23:40:58.991  2775  2871 I DisplayPowerController[0]: Unblocked screen on after 310 ms
03-05 23:40:58.992  2775  2871 D DisplayPowerState: setColorFadeLevel: level=1.0
03-05 23:40:58.992  2775  2871 D OplusVFXScreenEffectFeature:  setColorFadeLevel 1
03-05 23:40:58.994  2775  2871 D OplusDisplayPowerControllerExtImpl: original brightness to dataBase:1026 final brightness:1026.0 scale:1.0 reason:1 darkLevel:0
03-05 23:40:58.995  2775  2871 D DisplayPowerController[0]: Animating brightness: target=1026.0, rate=1600.0, source= 10
03-05 23:40:58.999  2775  3333 D OplusVFXScreenEffectFeature:  setBrightness 1026
03-05 23:40:59.000  2775  2871 D OplusDisplayPowerControllerExtImpl: original brightness to dataBase:1026 final brightness:1026.0 scale:1.0 reason:1 darkLevel:0
03-05 23:40:59.001  2775  2871 D DisplayPowerController[0]: Animating brightness: target=1026.0, rate=1600.0, source= 10
03-05 23:40:59.001  2775  2871 D DisplayPowerController[0]: screenTurnedOn state=2 brightnessState=1026.0
03-05 23:40:59.001  2775  2871 D OplusDisplayPowerControllerFeature: RECORD:onUpdatePowerState policy:3 state:2 brightness:1026
03-05 23:40:59.001  2775  2871 W PowerManagerService: Screen on took 340 ms. groupId = 0
03-05 23:40:59.002  2775  2871 D OplusPowerManagerHelper: [onWakeUpFinish]
03-05 23:40:59.002  2775  2871 D OplusFeatureAOD: notifySfUnBlockScreenOn
03-05 23:40:59.003  2775  2871 I Quality : ScreenOnOff: ON 340 98
03-05 23:40:59.003  2775  2872 D NotifierExtImpl: notifyScreenOnOff: on = true
03-05 23:40:59.024  2775  6528 I ClipboardManagerTransactionHelper: Invalid transaction code = 7
03-05 23:40:59.034  2775  6528 D UserManagerServiceExtImpl: getMultiSystemUserId  res = -10000
03-05 23:40:59.039  2775  6528 D clipboard: hook onTransact done
03-05 23:40:59.046  2775  6487 I ClipboardManagerTransactionHelper: Invalid transaction code = 4
03-05 23:40:59.046  2775  6487 D OplusClipboardManager: clipboardAccessResult package: com.google.android.inputmethod.latin userCall: false
03-05 23:40:59.054  2775  6487 I ClipboardManagerTransactionHelper: Invalid transaction code = 5
03-05 23:40:59.055  2775  3333 D LightsServiceExtImpl: baseSetLightLocked end.
03-05 23:40:59.055  2775  3333 D LightsServiceExtImpl: notifyFlingerLight color=1026code=21005
03-05 23:40:59.074  2775  2988 D UserManagerServiceExtImpl: getMultiSystemUserId  res = -10000
03-05 23:40:59.105  2775  2872 D AlarmWakeupCheck: SCREEN_ON: CntAlarmWakeup = 0
03-05 23:40:59.106  2775  3191 W OplusStorageManagerFeature: turn screenOn, maintPrepared:false
03-05 23:40:59.107   768 29597 D vold    : idle maintenance stopped
03-05 23:40:59.114  2775  2838 V OplusZoomWindowManagerService: onAnimationFinished:  r = ActivityRecord{90ffe5f u0 com.android.launcher/.Launcher t5}
03-05 23:40:59.115  2775  2838 I OplusAppSwitchManagerService:  handleAppVisible , r = ActivityRecord{90ffe5f u0 com.android.launcher/.Launcher t5}
03-05 23:40:59.118  2775  2837 I VRR [OPlusRefreshRateManager]: hasADFRFeature return false
03-05 23:40:59.118  2775  2837 I DisplayManagerService: Comparing display specs: baseModeId=1 allowGroupSwitching=false primaryRefreshRateRange=[0 60] appRequestRefreshRateRange=[0 60] vrrPolicy=POLICY_DEFAULT, existing: baseModeId=2 allowGroupSwitching=false primaryRefreshRateRange=[0 120] appRequestRefreshRateRange=[0 120] vrrPolicy=POLICY_DEFAULT
03-05 23:40:59.118  2775  2837 I VRR [OPlusRefreshRateManager]: hasADFRFeature return false
03-05 23:40:59.118  2775  2837 I DisplayManagerService: Comparing display specs: baseModeId=1 allowGroupSwitching=false primaryRefreshRateRange=[0 60] appRequestRefreshRateRange=[0 60] vrrPolicy=POLICY_DEFAULT, existing: baseModeId=1 allowGroupSwitching=false primaryRefreshRateRange=[0 60] appRequestRefreshRateRange=[0 60] vrrPolicy=POLICY_DEFAULT
03-05 23:40:59.133  2775  2837 I VRR [OPlusRefreshRateManager]: hasADFRFeature return false
03-05 23:40:59.133  2775  2837 I VRR [OPlusRefreshRateManager]: hasADFRFeature return false
03-05 23:40:59.133  2775  2837 I DisplayManagerService: Comparing display specs: baseModeId=1 allowGroupSwitching=false primaryRefreshRateRange=[0 60] appRequestRefreshRateRange=[0 60] vrrPolicy=POLICY_DEFAULT, existing: baseModeId=1 allowGroupSwitching=false primaryRefreshRateRange=[0 60] appRequestRefreshRateRange=[0 60] vrrPolicy=POLICY_DEFAULT
03-05 23:40:59.147  2775  2877 D VRR [OPlusRefreshRateService]: onConfigChanged physicalDisplayId: 4630946578490201473 modeId: 0
03-05 23:40:59.148  2775  2837 I DisplayDeviceRepository: Display device changed: DisplayDeviceInfo{"Встроенный экран": uniqueId="local:4630946578490201473", 1080 x 2400, modeId 1, defaultModeId 1, supportedModes [{id=1, width=1080, height=2400, fps=60.000004, alternativeRefreshRates=[45.0, 90.0, 120.00001]}, {id=2, width=1080, height=2400, fps=120.00001, alternativeRefreshRates=[45.0, 60.000004, 90.0]}, {id=3, width=1080, height=2400, fps=90.0, alternativeRefreshRates=[45.0, 60.000004, 120.00001]}, {id=4, width=1080, height=2400, fps=45.0, alternativeRefreshRates=[60.000004, 90.0, 120.00001]}], colorMode 0, supportedColorModes [0, 7, 9], hdrCapabilities HdrCapabilities{mSupportedHdrTypes=[2, 3, 4], mMaxLuminance=430.0, mMaxAverageLuminance=215.05115, mMinLuminance=0.1023}, allmSupported false, gameContentTypeSupported false, density 480, 397.565 x 401.052 dpi, appVsyncOff 1000000, presDeadline 16666666, cutout DisplayCutout{insets=Rect(0, 108 - 0, 0) waterfall=Insets{left=0, top=0, right=0, bottom=0} boundingRect={Bounds=[Rect(0, 0 - 0, 0), Rect(-4, 0 - 270, 108), Rect(0, 0 - 0, 0), Rect(0, 0 - 0, 0)]} cutoutPathParserInfo={CutoutPathParserInfo{displayWidth=1080 displayHeight=2400 density={3.0} cutoutSpec={M -544,0 L -544,108 L -270,108 L -270,0 Z} rotation={0} scale={1.0}}}}, touch INTERNAL, rotation 0, type INTERNAL, address {port=129, model=0x40446d6098b815}, deviceProductInfo DeviceProductInfo{name=, manufacturerPnpId=QCM, productId=1, modelYear=null, manufactureDate=ManufactureDate{week=27, year=2006}, connectionToSinkType=0}, state ON, frameRateOverride , brightnessMinimum 0.0, brightnessMaximum 1.0, brightnessDefault 1140.0, FLAG_DEFAULT_DISPLAY, FLAG_ROTATES_WITH_CONTENT, FLAG_SECURE, FLAG_SUPPORTS_PROTECTED_BUFFERS}
03-05 23:40:59.153  2775  2837 D DisplayManagerService: Delivering display event: displayId=0, event=2
03-05 23:40:59.159  2775  2775 I WallpaperManagerServiceExt: removeDisplayData. displayId = 0
03-05 23:40:59.160  2775  6479 D UserManagerServiceExtImpl: getMultiSystemUserId  res = -10000
03-05 23:40:59.165  2775  2775 D OplusPowerMonitor: Receive broadcast android.intent.action.SCREEN_ON
03-05 23:40:59.165  2775  2775 D NetworkDiagnostics: notifyStopMonitorScreenOn
03-05 23:40:59.165  2775  2775 D NetworkDiagnostics: Messenger is null
03-05 23:40:59.170  2775  2775 D OplusFeatureBrightnessBarController: screen state:true
03-05 23:40:59.186  2775  3870 D CompatibilityChangeReporter: Compat change id reported: 157233955; UID 1001; state: ENABLED
03-05 23:40:59.195  2775  4926 D OplusDisplayPanelFeature: getDisplayPanelFeatureValue +++, featureID:11
03-05 23:40:59.197  2775  4926 D OplusDisplayPanelFeature: getDisplayPanelFeatureValue, ret = -1
03-05 23:40:59.197  2775  4926 D OplusDisplayPanelFeature: getDisplayPanelFeatureValue ---, result = []
03-05 23:40:59.212  2775  3265 D Biometrics/Fingerprint21/OplusFingerprint21ServiceProviderExtImpl: dispatchTouchUp
03-05 23:40:59.212  2775  3870 D UserManagerServiceExtImpl: getMultiSystemUserId  res = -10000
03-05 23:40:59.222  2775  6487 E OplusCustomizeRestrictionManagerService: isBiometricDisabled start
03-05 23:40:59.225  2775  6528 D UserManagerServiceExtImpl: getMultiSystemUserId  res = -10000
03-05 23:40:59.226  2775  6528 E OplusCustomizeRestrictionManagerService: isBiometricDisabled start
03-05 23:40:59.227  2775  6528 E OplusCustomizeRestrictionManagerService: isBiometricDisabled start
03-05 23:40:59.228  2775  6528 E OplusCustomizeRestrictionManagerService: isBiometricDisabled start
03-05 23:40:59.248  2775  2877 D VRR [OPlusRefreshRateService]: handleConfigIdChange physicalDisplayId: 4630946578490201473 configId: 0
03-05 23:40:59.692  2775  2899 E OplusBatteryServiceFeature: ICharger getBattPPSChgPower failed, err = android.os.RemoteException: HwBinder Error: (-74)
03-05 23:40:59.694  2775  2899 E OplusBatteryServiceFeature: ICharger getBattPPSChgPower failed, err = android.os.RemoteException: HwBinder Error: (-74)
03-05 23:40:59.729  2775  2835 V WindowOrientationListener: onSensorChanged mDesiredRotation = 4
03-05 23:41:00.049  2775  2988 E OplusCustomizeRestrictionManagerService: isBiometricDisabled start
03-05 23:41:00.050  2775  6487 E OplusCustomizeRestrictionManagerService: isBiometricDisabled start
03-05 23:41:00.172  2775  3137 D WakeLockHelper: enable wakelock PowerMonior:work, timeout=500
03-05 23:41:00.172  2775  3137 D OplusPowerMonitor: statr analyze standby 
03-05 23:41:00.173  2775  3137 D WakeLockHelper: disable wakelock PowerMonior:work
03-05 23:41:00.179  4482  4794 I iopgp   : Iopgp: TRANSACTION_IOPGP_ON_KEY_DOWN sequence_id = 10 pkg_name = com.spaceship.screen.textcopy ret = 0
03-05 23:41:00.181  4482  4794 I iopgp   : Cannot find package for package_name: com.spaceship.screen.textcopy and version 50193, will start tracing on intentstart.
03-05 23:41:00.181  4482  4794 D iopgp   : Iopgp: Decide the action on keydown event done in 1ms.
03-05 23:41:01.654  4482  4794 I iopgp   : Iopgp: TRANSACTION_IOPGP_ON_KEY_DOWN sequence_id = 11 pkg_name = ru.farfor ret = 0
03-05 23:41:01.654  4482  4794 I iopgp   : Cannot find package for package_name: ru.farfor and version 21012615, will start tracing on intentstart.
03-05 23:41:01.654  4482  4794 D iopgp   : Iopgp: Decide the action on keydown event done in 0ms.
03-05 23:41:01.963  2775  2877 D VRR [OPlusRefreshRateService]: onConfigChanged physicalDisplayId: 4630946578490201473 modeId: 3
03-05 23:41:01.966  2775  2837 I DisplayDeviceRepository: Display device changed: DisplayDeviceInfo{"Встроенный экран": uniqueId="local:4630946578490201473", 1080 x 2400, modeId 4, defaultModeId 1, supportedModes [{id=1, width=1080, height=2400, fps=60.000004, alternativeRefreshRates=[45.0, 90.0, 120.00001]}, {id=2, width=1080, height=2400, fps=120.00001, alternativeRefreshRates=[45.0, 60.000004, 90.0]}, {id=3, width=1080, height=2400, fps=90.0, alternativeRefreshRates=[45.0, 60.000004, 120.00001]}, {id=4, width=1080, height=2400, fps=45.0, alternativeRefreshRates=[60.000004, 90.0, 120.00001]}], colorMode 0, supportedColorModes [0, 7, 9], hdrCapabilities HdrCapabilities{mSupportedHdrTypes=[2, 3, 4], mMaxLuminance=430.0, mMaxAverageLuminance=215.05115, mMinLuminance=0.1023}, allmSupported false, gameContentTypeSupported false, density 480, 397.565 x 401.052 dpi, appVsyncOff 1000000, presDeadline 22222222, cutout DisplayCutout{insets=Rect(0, 108 - 0, 0) waterfall=Insets{left=0, top=0, right=0, bottom=0} boundingRect={Bounds=[Rect(0, 0 - 0, 0), Rect(-4, 0 - 270, 108), Rect(0, 0 - 0, 0), Rect(0, 0 - 0, 0)]} cutoutPathParserInfo={CutoutPathParserInfo{displayWidth=1080 displayHeight=2400 density={3.0} cutoutSpec={M -544,0 L -544,108 L -270,108 L -270,0 Z} rotation={0} scale={1.0}}}}, touch INTERNAL, rotation 0, type INTERNAL, address {port=129, model=0x40446d6098b815}, deviceProductInfo DeviceProductInfo{name=, manufacturerPnpId=QCM, productId=1, modelYear=null, manufactureDate=ManufactureDate{week=27, year=2006}, connectionToSinkType=0}, state ON, frameRateOverride , brightnessMinimum 0.0, brightnessMaximum 1.0, brightnessDefault 1140.0, FLAG_DEFAULT_DISPLAY, FLAG_ROTATES_WITH_CONTENT, FLAG_SECURE, FLAG_SUPPORTS_PROTECTED_BUFFERS}
03-05 23:41:01.970  2775  2837 D DisplayManagerService: Delivering display event: displayId=0, event=2
03-05 23:41:01.972  2775  2775 I WallpaperManagerServiceExt: removeDisplayData. displayId = 0
03-05 23:41:02.015  4482  4794 I iopgp   : Iopgp: TRANSACTION_IOPGP_ON_KEY_DOWN sequence_id = 12 pkg_name = com.google.android.play.games ret = 0
03-05 23:41:02.016  4482  4794 I iopgp   : Cannot find package for package_name: com.google.android.play.games and version 462432040, will start tracing on intentstart.
03-05 23:41:02.016  4482  4794 D iopgp   : Iopgp: Decide the action on keydown event done in 0ms.
03-05 23:41:02.064  2775  2877 D VRR [OPlusRefreshRateService]: handleConfigIdChange physicalDisplayId: 4630946578490201473 configId: 3
03-05 23:41:02.080  4482  4794 I iopgp   : Iopgp: TRANSACTION_IOPGP_ON_INTENT_STARTED sequence_id = 12 pkg_name = com.google.android.play.games class_name = com.google.android.gms.games.ui.destination.main.MainActivity
03-05 23:41:02.080  4482  4794 I iopgp   : Iopgp::starttracing
03-05 23:41:02.081  2775  6487 D OplusOsPackageManager: removePkgFromNotLaunchedList com.google.android.play.games
03-05 23:41:02.083  2775  6487 I ActivityTaskManager: START u0 {act=android.intent.action.MAIN cat=[android.intent.category.LAUNCHER] flg=0x10200000 cmp=com.google.android.play.games/com.google.android.gms.games.ui.destination.main.MainActivity bnds=[799,1207][1051,1550] mCallingUid=10185} from uid 10185
03-05 23:41:02.084  2775  6487 D MultiApp.CMAService: changeIntentIfNeed --- from launcher
03-05 23:41:02.089  4482  4794 D iopgp   : Create Perfetto handle 2
03-05 23:41:02.097  2775  6487 D CompactWindowManagerService: handleTaskCreated task: Task{7639706 #28432 type=undefined ?? U=0 visible=false mode=undefined translucent=true sz=0}
03-05 23:41:02.097  2775  6487 W ActivityTaskManager: Can't find TaskDisplayArea to determine support for multi window. Task id=28432 attached=false
03-05 23:41:02.098  2775  6487 D OplusZoomWindowManagerService: onConfigurationChanged rotation not changed - prevRotation: 0
03-05 23:41:02.100  2775  6487 D CompactWindowManagerService: notifyCompactWindowState task: Task{e72a0a6 #1 type=undefined ?? U=0 visible=true mode=fullscreen translucent=false sz=1}; hasFocus: true
03-05 23:41:02.100  2775  6487 I OplusScreenSecurityMask: onStackAdded task = Task{7639706 #28432 type=undefined ?? U=0 visible=false mode=fullscreen translucent=true sz=0} record = null displayId = 0
03-05 23:41:02.101  2775  6487 I OplusScreenSecurityMask: onStackAdded task = Task{7639706 #28432 type=standard I=com.google.android.play.games/com.google.android.gms.games.ui.destination.main.MainActivity U=0 visible=false mode=fullscreen translucent=true sz=0} record = null displayId = 0
03-05 23:41:02.102  2775  6487 D CompatibilityChangeReporter: Compat change id reported: 174042980; UID 10347; state: DISABLED
03-05 23:41:02.102  2775  6487 D CompatibilityChangeReporter: Compat change id reported: 184838306; UID 10347; state: DISABLED
03-05 23:41:02.102  2775  6487 D CompatibilityChangeReporter: Compat change id reported: 185004937; UID 10347; state: DISABLED
03-05 23:41:02.102  2775  6487 D CompatibilityChangeReporter: Compat change id reported: 181136395; UID 10347; state: DISABLED
03-05 23:41:02.103  2775  6487 D CompatibilityChangeReporter: Compat change id reported: 174042936; UID 10347; state: DISABLED
03-05 23:41:02.104  2775  6487 D CompactWindowManagerService: onOriginListAdded child: ActivityRecord{20f51c7 u0 com.google.android.play.games/com.google.android.gms.games.ui.destination.main.MainActivity t28432}; parent: Task{7639706 #28432 type=standard I=com.google.android.play.games/com.google.android.gms.games.ui.destination.main.MainActivity U=0 visible=true mode=fullscreen translucent=true sz=1}
03-05 23:41:02.104  2775  6487 I OplusCompactWindowManagerService: supportMultiResume :true in package :com.google.android.play.games
03-05 23:41:02.105  2775  6487 D TaskExtImpl: add ActivityRecord{20f51c7 u0 com.google.android.play.games/com.google.android.gms.games.ui.destination.main.MainActivity t28432} to mActivityRecordSum = Counter{ com.google.android.play.games/com.google.android.gms.games.ui.destination.main.MainActivity(1) }
03-05 23:41:02.107  2775  6487 D CompatibilityChangeReporter: Compat change id reported: 168419799; UID 10347; state: DISABLED
03-05 23:41:02.107  2775  6487 D ActivityTaskManager: getStartingWindowType: newTask=true, taskSwitch=true, processRunning=false, allowTaskSnapshot=true, activityCreated=false, snapshot=null, record:ActivityRecord{20f51c7 u0 com.google.android.play.games/com.google.android.gms.games.ui.destination.main.MainActivity t28432}
03-05 23:41:02.108  2775  6487 D OplusStartingWindowManager: window attributes color: 0 icon null duration 0 brandImage null
03-05 23:41:02.108  2775  6487 V OplusZoomWindowManagerService: windowMode: 0 ,stack: Task{7639706 #28432 type=standard I=com.google.android.play.games/com.google.android.gms.games.ui.destination.main.MainActivity U=0 visible=true mode=fullscreen translucent=true sz=1}
03-05 23:41:02.119  2775  2838 D OplusStartingWindowManager: window attributes color: 0 icon null duration 0 brandImage null
03-05 23:41:02.121  3878  3878 I Quality : Skipped: false 1 cost 31.262468 refreshRate 0 processName com.android.launcher
03-05 23:41:02.122  2775  2837 D CompatibilityChangeReporter: Compat change id reported: 135634846; UID 10347; state: DISABLED
03-05 23:41:02.122  2775  2837 D CompatibilityChangeReporter: Compat change id reported: 177438394; UID 10347; state: DISABLED
03-05 23:41:02.122  2775  2837 D CompatibilityChangeReporter: Compat change id reported: 135772972; UID 10347; state: DISABLED
03-05 23:41:02.122  2775  2837 D CompatibilityChangeReporter: Compat change id reported: 135754954; UID 10347; state: ENABLED
03-05 23:41:02.123  2775  2850 D CompatibilityChangeReporter: Compat change id reported: 143937733; UID 10347; state: ENABLED
03-05 23:41:02.123  4482  4794 I iopgp   : Iopgp: TRANSACTION_IOPGP_ON_ACTIVITY_LAUNCHED sequence_id = 12 title = 
03-05 23:41:02.124  2775  2838 D OplusStartingWindowManager: window attributes color: 0 icon null duration 0 brandImage null
03-05 23:41:02.147  2775  2850 I ActivityManager: Start proc 29631:com.google.android.play.games/u0a347 for pre-top-activity {com.google.android.play.games/com.google.android.gms.games.ui.destination.main.MainActivity}
03-05 23:41:02.166  2775  2838 V OplusZoomWindowDecorViewHelper: setLastReportedMergedConfiguration mZoomDisplayHeight: 2400 getDecorView.152043736
03-05 23:41:02.172  2775  2838 D CompatibilityChangeReporter: Compat change id reported: 158002302; UID 1000; state: ENABLED
03-05 23:41:02.176  2775  2988 I ActivityTaskManager: The Process com.google.android.play.games Already Exists in BG. So sending its PID: 29631
03-05 23:41:02.187  2775  2838 D CompactWindowManagerService: updateBackgroundSurface openingApp: ActivityRecord{20f51c7 u0 com.google.android.play.games/com.google.android.gms.games.ui.destination.main.MainActivity t28432}
03-05 23:41:02.187  2775  2838 D OplusSplitScreenManagerService: isDragToSplitState mOplusSpiltScreenDnDUI is null, just return!
03-05 23:41:02.196  2775  2838 I WindowStateExtImpl: onSurfaceShowChange show = true mPackageName = com.google.android.play.games parentPkgName = com.google.android.play.games
03-05 23:41:02.217  2775  6528 I ActivityTaskManager: The Process com.google.android.play.games Already Exists in BG. So sending its PID: 29631
03-05 23:41:02.222  2775  6528 D OplusDexOptimizeManager: Do not in AppLaunchOptList!
03-05 23:41:02.224  2775  6528 I OplusJoystickManager: handleApplicationSwitch deprecated!
03-05 23:41:02.224  2775  4558 D OplusEapManager: mTargetExitName :com.android.launcher
03-05 23:41:02.225  2775  6528 V WindowManager: Changing focus from Window{130c589 u0 com.android.launcher/com.android.launcher.Launcher} to null,diplayid=0
03-05 23:41:02.225  2775  6528 D CompactWindowManagerService: notifyCompactWindowState task: Task{de182b9 #5 type=undefined I=com.android.launcher/.Launcher U=0 rootTaskId=1 visible=false mode=fullscreen translucent=true sz=1}; hasFocus: false
03-05 23:41:02.225  2775  4558 D VRR [OPlusFrontAppManager]: OnAppSwitchObserver: onAppExit , info.targetName = com.android.launcher
03-05 23:41:02.225  2775  4558 D OplusFeatureHDREnhanceBrightness: OnAppSwitchObserver: onAppExit , info = OplusAppExitInfo = {  targetName = com.android.launcher hasResumingActivity = true resumingPackageName = com.google.android.play.games resumingActivityName = com.google.android.apps.play.games.features.signin.SignInActivity resumingWindowMode = 1 isResumingMultiApp = false isResumingFirstStart = false extension = Bundle[{taskId=28432, uid=10347}]}
03-05 23:41:02.228  2775  2877 D VRR [OPlusRefreshRateService]: handleFrontAppChange pkgName: null
03-05 23:41:02.228  2775  2877 D VRR [OPlusExternalRefreshRateManager]: setFrontPackageName pkgName: null CurPkgName: com.android.launcher
03-05 23:41:02.229  2775  4558 D OplusEapManager: mTargetEnterName :com.google.android.play.games
03-05 23:41:02.229  2775  4558 D VRR [OPlusFrontAppManager]: OnAppSwitchObserver: onAppEnter , info.targetName = com.google.android.play.games
03-05 23:41:02.229  2775  4558 D OplusFeatureHDREnhanceBrightness: OnAppSwitchObserver: onAppEnter , info = OplusAppEnterInfo = {  windowMode = 1 targetName = com.google.android.play.games multiApp = false firstStart = false launchedFromPackage = com.android.launcher intent = Intent { act=android.intent.action.MAIN cat=[android.intent.category.LAUNCHER] flg=0x10200000 cmp=com.google.android.play.games/com.google.android.gms.games.ui.destination.main.MainActivity bnds=[799,1207][1051,1550] mCallingUid=10185 } extension = Bundle[{taskId=28432, pid=29631, uid=10347}]}
03-05 23:41:02.229  2775  4558 D OplusFeatureHDREnhanceBrightness: checkIsPlayingHDR isPlayingHDR=0 rotation=0 whiteApp=true battery=29
03-05 23:41:02.230  2775  2877 D VRR [OPlusRefreshRateService]: handleFrontAppChange pkgName: com.google.android.play.games
03-05 23:41:02.230  2775  2877 D VRR [OPlusExternalRefreshRateManager]: setFrontPackageName pkgName: com.google.android.play.games CurPkgName: null
03-05 23:41:02.234  2775  6528 D CompactWindowManagerService: updateBackgroundSurface openingApp: ActivityRecord{20f51c7 u0 com.google.android.play.games/com.google.android.gms.games.ui.destination.main.MainActivity t28432}
03-05 23:41:02.234  2775  6528 D OplusSplitScreenManagerService: isDragToSplitState mOplusSpiltScreenDnDUI is null, just return!
03-05 23:41:02.240  2775  2837 D OplusKeepAliveManager: TOP_APP is ProcessRecord{7ce418d 29631:com.google.android.play.games/u0a347} uid is 10347
03-05 23:41:02.242  2775  2837 D DisplayManagerService: Delivering display event: displayId=0, event=2
03-05 23:41:02.246  2775  3648 D OplusGameRotationService: lockRotationInGame: change state to 0
03-05 23:41:02.339  2775  3757 D OplusAppListInterceptManager: shouldFilterTask
03-05 23:41:02.340  2775  3757 D OplusAppListInterceptManager: shouldFilterTask::packageName = com.google.android.play.games
03-05 23:41:02.446  2775  2988 W ActivityManager: setGlThreads detect 29631 29680
03-05 23:41:02.470  2775  2838 V OplusZoomWindowManagerService: onAnimationFinished:  r = ActivityRecord{90ffe5f u0 com.android.launcher/.Launcher t5}
03-05 23:41:02.471  2775  2838 V OplusZoomWindowManagerService: onAnimationFinished:  r = ActivityRecord{20f51c7 u0 com.google.android.play.games/com.google.android.gms.games.ui.destination.main.MainActivity t28432}
03-05 23:41:02.472  2775  2838 I OplusAppSwitchManagerService:  handleAppVisible , r = ActivityRecord{20f51c7 u0 com.google.android.play.games/com.google.android.gms.games.ui.destination.main.MainActivity t28432}
03-05 23:41:02.504 29631 29631 I Quality : ActivityThread: activityStart delay 62 com.google.android.play.games 29631
03-05 23:41:02.533 29631 29631 D OplusInputMethodUtil: init DEBUG to false, update DEBUG_IME to false
03-05 23:41:02.533 29631 29631 D OplusInputMethodUtil: init DEBUG to false, update DEBUG_IME to false
03-05 23:41:02.592  2775  2988 V WindowManager: Changing focus from null to Window{2526d35 u0 com.google.android.play.games/com.google.android.gms.games.ui.destination.main.MainActivity},diplayid=0
03-05 23:41:02.592  2775  2988 D CompactWindowManagerService: notifyCompactWindowState task: Task{7639706 #28432 type=standard I=com.google.android.play.games/com.google.android.gms.games.ui.destination.main.MainActivity U=0 visible=true mode=fullscreen translucent=false sz=1}; hasFocus: true
03-05 23:41:02.592  2775  2988 D ActivityTaskManager: onWindowFocusChanged Task{7639706 #28432 type=standard I=com.google.android.play.games/com.google.android.gms.games.ui.destination.main.MainActivity U=0 visible=true mode=fullscreen translucent=false sz=1} would transfer to compact
03-05 23:41:02.598  2775  2838 D CompatibilityChangeReporter: Compat change id reported: 158002302; UID 10347; state: ENABLED
03-05 23:41:02.600 29631 29631 V OplusZoomWindowDecorViewHelper: setLastReportedMergedConfiguration mZoomDisplayHeight: 2400 getDecorView.213701614
03-05 23:41:02.644  2775  2838 D OplusStartingWindowManager: window attributes color: 0 icon null duration 0 brandImage null
03-05 23:41:02.645  2775  2838 D OplusStartingWindowManager: window attributes color: 0 icon null duration 0 brandImage null
03-05 23:41:02.645  2775  2838 D OplusStartingWindowManager: interceptRemoveStartingWindow activity.packageName=com.google.android.play.games isSnapshot=false mStartingSurfaceRunnable=null
03-05 23:41:02.645  2775  2838 D OplusSplitScreenManagerService: notifyRemoveStartingWindow mOplusSpiltScreenDnDUI is null, just return!
03-05 23:41:02.646  2775  2838 I Quality : LaunchTime2.0: com.google.android.play.games/com.google.android.gms.games.ui.destination.main.MainActivity 1 532
03-05 23:41:02.718  4482  4794 I iopgp   : Iopgp: TRANSACTION_IOPGP_ON_ACTIVITY_LAUNCH_FINISHED sequence_id = 12 title =  pid = 29631 timestamp_nanos = 1281077550134
03-05 23:41:02.725  2775  2838 V OplusZoomWindowDecorViewHelper: removeZoomView
03-05 23:41:02.738  2775  2858 W BroadcastQueue: Permission Denial: broadcasting Intent { act=android.net.conn.CONNECTIVITY_CHANGE flg=0x4200010 (has extras) } from null (pid=-1, uid=-1) requires com.google.android.gms.DYNAMIC_RECEIVER_NOT_EXPORTED_PERMISSION due to registered receiver BroadcastFilter{17141bf 10096/u0 ReceiverList{a87ebde 4889 com.google.android.gms/10096/u0 remote:10a7f19}}
03-05 23:41:02.758  2775  8536 E JobScheduler.Component: Job exists for non-existent package: com.google.android.gms
03-05 23:41:02.782  4482  4794 I iopgp   : Iopgp: TRANSACTION_IOPGP_ON_REPORT_FULLY_DRAWN sequence_id = 12 title =  timestamp_nanos = 1281083808311
03-05 23:41:02.803  2775  3757 I ActivityTaskManager: START u0 {cmp=com.google.android.play.games/com.google.android.gms.games.ui.v2.MainActivity (has extras) mCallingUid=10347} from uid 10347
03-05 23:41:02.806  2775  3757 D OplusZoomWindowRUSConfigManager: isSupportZoomModeWithPolicyLocked: target = com.google.android.play.games/com.google.android.gms.games.ui.v2.MainActivity
03-05 23:41:02.806  2775  3757 D OplusZoomWindowRUSConfigManager: targetPkg = com.google.android.play.games
03-05 23:41:02.806  2775  3757 V OplusZoomWindowManagerService: unSupportZoom: false ,callingPid: 29631 ,sourceStack: Task{7639706 #28432 type=standard I=com.google.android.play.games/com.google.android.gms.games.ui.destination.main.MainActivity U=0 visible=true mode=fullscreen translucent=false sz=1}
03-05 23:41:02.810  2775  3757 D CompactWindowManagerService: onOriginListAdded child: ActivityRecord{7ffeefd u0 com.google.android.play.games/com.google.android.gms.games.ui.v2.MainActivity t28432}; parent: Task{7639706 #28432 type=standard I=com.google.android.play.games/com.google.android.gms.games.ui.destination.main.MainActivity U=0 visible=true mode=fullscreen translucent=false sz=2}
03-05 23:41:02.810  2775  3757 D TaskExtImpl: add ActivityRecord{7ffeefd u0 com.google.android.play.games/com.google.android.gms.games.ui.v2.MainActivity t28432} to mActivityRecordSum = Counter{ com.google.android.play.games/com.google.android.gms.games.ui.destination.main.MainActivity(1) com.google.android.play.games/com.google.android.gms.games.ui.v2.MainActivity(1) }
03-05 23:41:02.812  2775  3757 D ActivityTaskManager: getStartingWindowType: newTask=false, taskSwitch=false, processRunning=true, allowTaskSnapshot=true, activityCreated=false, snapshot=null, record:ActivityRecord{7ffeefd u0 com.google.android.play.games/com.google.android.gms.games.ui.v2.MainActivity t28432}
03-05 23:41:02.812  2775  3757 D OplusZoomWindowRUSConfigManager: isSupportZoomModeWithPolicyLocked: target = com.google.android.play.games/com.google.android.gms.games.ui.v2.MainActivity
03-05 23:41:02.812  2775  3757 D OplusZoomWindowRUSConfigManager: targetPkg = com.google.android.play.games
03-05 23:41:02.812  2775  3757 V OplusZoomWindowManagerService: unSupportZoom: false ,callingPid: 29631 ,sourceStack: Task{7639706 #28432 type=standard I=com.google.android.play.games/com.google.android.gms.games.ui.destination.main.MainActivity U=0 visible=true mode=fullscreen translucent=false sz=2}
03-05 23:41:02.825  2775  2988 I ActivityTaskManager: The Process com.google.android.play.games Already Exists in BG. So sending its PID: 29631
03-05 23:41:02.825  2775  2988 W ActivityTaskManager: Tried to set launchTime (0) < mLastActivityLaunchTime (1280654)
03-05 23:41:02.831  2775  2988 D OplusDexOptimizeManager: Do not in AppLaunchOptList!
03-05 23:41:02.833  2775  2988 I OplusAppSwitchManager: notifyAppSwitch the same packageName!
03-05 23:41:02.836  2775  2988 V WindowManager: Changing focus from Window{2526d35 u0 com.google.android.play.games/com.google.android.gms.games.ui.destination.main.MainActivity} to null,diplayid=0
03-05 23:41:02.836  2775  2988 D CompactWindowManagerService: notifyCompactWindowState task: Task{7639706 #28432 type=standard I=com.google.android.play.games/com.google.android.gms.games.ui.destination.main.MainActivity U=0 visible=true mode=fullscreen translucent=false sz=2}; hasFocus: false
03-05 23:41:02.895  2775  2838 I WindowStateExtImpl: onSurfaceShowChange show = false mPackageName = com.google.android.play.games parentPkgName = com.google.android.play.games
03-05 23:41:02.899  2775  3870 E OplusCustomizeRestrictionManagerService: isHomeButtonDisabled start
03-05 23:41:02.899  2775  3870 I OplusJoystickManager: read game pad state for game manager -> false
03-05 23:41:02.899  2775  3870 W OplusJoystickManager: mInterceptGamepadKey is false
03-05 23:41:02.930 29631 29631 E OplusCustomizeRestrictionManager: sInstance is null, start a new sInstance
03-05 23:41:02.991  2775  6528 I OplusJoystickManager: read game pad state for game manager -> false
03-05 23:41:02.991  2775  6528 W OplusJoystickManager: mInterceptGamepadKey is false
03-05 23:41:02.993  2775  2988 D CompatibilityChangeReporter: Compat change id reported: 135634846; UID 10135; state: DISABLED
03-05 23:41:02.993  2775  2850 D CompatibilityChangeReporter: Compat change id reported: 143937733; UID 10135; state: ENABLED
03-05 23:41:03.009  2775  3176 D OplusNewFeaturesDisplayingManager: newFeaturesDisplayingEnabled=false, markedToDisplayNewFeatures=false, newPoliciesDisplayingEnabled=false, markedToDisplayNewPolicies=false, welcomePageExists=true
03-05 23:41:03.011  2775  3176 I ActivityTaskManager: START u0 {act=android.intent.action.MAIN cat=[android.intent.category.HOME] flg=0x10000100 cmp=com.android.launcher/.Launcher (has extras)} from uid 0
03-05 23:41:03.021  2775  2850 I ActivityManager: Start proc 29756:com.android.chrome/u0a135 for service {com.android.chrome/org.chromium.chrome.browser.customtabs.CustomTabsConnectionService}
03-05 23:41:03.022  2775  3176 D OplusZoomWindowManagerService: updateZoomStack : stack = Task{e72a0a6 #1 type=undefined ?? U=0 visible=false mode=fullscreen translucent=true sz=1}
03-05 23:41:03.025  2775  3176 D ActivityTaskManager: getStartingWindowType: newTask=false, taskSwitch=true, processRunning=true, allowTaskSnapshot=false, activityCreated=true, snapshot=null, record:ActivityRecord{90ffe5f u0 com.android.launcher/.Launcher t5}
03-05 23:41:03.033  2775  3176 D TaskExtImpl: addColorModeOnResume resume=true pkg = com.android.launcher
03-05 23:41:03.041  2775  2988 D OplusKeepAliveManager: TOP_APP is ProcessRecord{ac11f89 3878:com.android.launcher/u0a185} uid is 10185
03-05 23:41:03.051  2775  4304 D CompatibilityChangeReporter: Compat change id reported: 168419799; UID 10135; state: DISABLED
03-05 23:41:03.058  2775  2988 W ActivityManager: Unable to start service Intent { act=heytap.intent.action.assistantscreen.window.server pkg=com.coloros.assistantscreen } U=0: not found
03-05 23:41:03.078  2775  6479 V WindowManager: Changing focus from null to Window{130c589 u0 com.android.launcher/com.android.launcher.Launcher},diplayid=0
03-05 23:41:03.078  2775  6479 D CompactWindowManagerService: notifyCompactWindowState task: Task{de182b9 #5 type=undefined I=com.android.launcher/.Launcher U=0 rootTaskId=1 visible=true mode=fullscreen translucent=false sz=1}; hasFocus: true
03-05 23:41:03.078  2775  6479 D ActivityTaskManager: onWindowFocusChanged Task{de182b9 #5 type=undefined I=com.android.launcher/.Launcher U=0 rootTaskId=1 visible=true mode=fullscreen translucent=false sz=1} would transfer to compact
03-05 23:41:03.101  2775  2838 D CompactWindowManagerService: updateBackgroundSurface openingApp: ActivityRecord{90ffe5f u0 com.android.launcher/.Launcher t5}
03-05 23:41:03.101  2775  2838 D OplusSplitScreenManagerService: isDragToSplitState mOplusSpiltScreenDnDUI is null, just return!
03-05 23:41:03.101  2775  2838 D OplusSplitScreenManagerService: isDragToSplitState mOplusSpiltScreenDnDUI is null, just return!
03-05 23:41:03.102  2775  2838 D OplusSplitScreenManagerService: isDragToSplitState mOplusSpiltScreenDnDUI is null, just return!
03-05 23:41:03.137 29631 29631 V OplusZoomWindowDecorViewHelper: setLastReportedMergedConfiguration mZoomDisplayHeight: 2400 getDecorView.39671253
03-05 23:41:03.142  2775  2837 D TaskChangeNotificationControllerExtImpl: Skip pass Snapshot to listener:android.app.ITaskStackListener$Stub$Proxy@945bd97
03-05 23:41:03.156  2775  2835 V WindowOrientationListener: onSensorChanged mDesiredRotation = 4
03-05 23:41:03.286  3511  3511 V DeadZone: consuming errant click: (400.0,19.0)
03-05 23:41:03.386  2775  3870 V OplusZoomWindowManagerService: onAnimationFinished:  r = ActivityRecord{20f51c7 u0 com.google.android.play.games/com.google.android.gms.games.ui.destination.main.MainActivity t28432 f}}
03-05 23:41:03.388  2775  3870 V OplusZoomWindowManagerService: onAnimationFinished:  r = ActivityRecord{90ffe5f u0 com.android.launcher/.Launcher t5}
03-05 23:41:03.388  2775  3870 I OplusAppSwitchManagerService:  handleAppVisible , r = ActivityRecord{90ffe5f u0 com.android.launcher/.Launcher t5}
03-05 23:41:03.523  2775  2837 W ActivityTaskManager: Activity top resumed state loss timeout for ActivityRecord{7ffeefd u0 com.google.android.play.games/com.google.android.gms.games.ui.v2.MainActivity t28432}
03-05 23:41:03.524  2775  2837 I OplusJoystickManager: handleApplicationSwitch deprecated!
03-05 23:41:03.524  2775  4558 D OplusEapManager: mTargetExitName :com.google.android.play.games
03-05 23:41:03.524  2775  4558 D VRR [OPlusFrontAppManager]: OnAppSwitchObserver: onAppExit , info.targetName = com.google.android.play.games
03-05 23:41:03.524  2775  4558 D OplusFeatureHDREnhanceBrightness: OnAppSwitchObserver: onAppExit , info = OplusAppExitInfo = {  targetName = com.google.android.play.games hasResumingActivity = true resumingPackageName = com.android.launcher resumingActivityName = com.android.launcher.Launcher resumingWindowMode = 1 isResumingMultiApp = false isResumingFirstStart = false extension = Bundle[{taskId=5, uid=10185}]}
03-05 23:41:03.525  2775  4558 D OplusEapManager: mTargetEnterName :com.android.launcher
03-05 23:41:03.525  2775  2877 D VRR [OPlusRefreshRateService]: handleFrontAppChange pkgName: null
03-05 23:41:03.525  2775  2877 D VRR [OPlusExternalRefreshRateManager]: setFrontPackageName pkgName: null CurPkgName: com.google.android.play.games
03-05 23:41:03.525  2775  4558 D VRR [OPlusFrontAppManager]: OnAppSwitchObserver: onAppEnter , info.targetName = com.android.launcher
03-05 23:41:03.525  2775  2877 D VRR [OPlusRefreshRateService]: handleFrontAppChange pkgName: com.android.launcher
03-05 23:41:03.526  2775  4558 D OplusFeatureHDREnhanceBrightness: OnAppSwitchObserver: onAppEnter , info = OplusAppEnterInfo = {  windowMode = 1 targetName = com.android.launcher multiApp = false firstStart = false launchedFromPackage = null intent = Intent { act=android.intent.action.MAIN cat=[android.intent.category.HOME] flg=0x10000100 cmp=com.android.launcher/.Launcher (has extras) } extension = Bundle[{taskId=5, pid=3878, uid=10185}]}
03-05 23:41:03.526  2775  2877 D VRR [OPlusExternalRefreshRateManager]: setFrontPackageName pkgName: com.android.launcher CurPkgName: null
03-05 23:41:03.526  2775  4558 D OplusFeatureHDREnhanceBrightness: checkIsPlayingHDR isPlayingHDR=0 rotation=0 whiteApp=true battery=29
03-05 23:41:03.531  2775  2988 D OplusGameRotationService: lockRotationInGame: change state to 0
03-05 23:41:03.568  2775  6487 I ActivityManager: com.android.vending is exempt from freezer
03-05 23:41:03.568  2775  6487 D CompatibilityChangeReporter: Compat change id reported: 135634846; UID 10095; state: DISABLED
03-05 23:41:03.568  2775  6487 D CompatibilityChangeReporter: Compat change id reported: 177438394; UID 10095; state: DISABLED
03-05 23:41:03.568  2775  6487 D CompatibilityChangeReporter: Compat change id reported: 135772972; UID 10095; state: DISABLED
03-05 23:41:03.569  2775  6487 D CompatibilityChangeReporter: Compat change id reported: 135754954; UID 10095; state: ENABLED
03-05 23:41:03.569  2775  2850 D CompatibilityChangeReporter: Compat change id reported: 143937733; UID 10095; state: ENABLED
03-05 23:41:03.604  2775  2850 I ActivityManager: Start proc 29814:com.android.vending/u0a95 for service {com.android.vending/com.google.android.finsky.contentfilterui.ContentFiltersService}
03-05 23:41:03.613  2775  3199 V OplusNPMS: getWarningNotification numWarningNotificaion10
03-05 23:41:03.613  2775  3199 V OplusNPMS: getWarningNotification numWarningNotificaion10
03-05 23:41:03.613  2775  3199 V OplusNPMS: getLimitNotificationState subID=2
