03-05 23:35:45.035  2775  6484 W ContextImpl: Calling a method in the system process without a qualified user: android.app.ContextImpl.sendBroadcastMultiplePermissions:1258 com.android.server.TelephonyRegistry.broadcastServiceStateChanged:3007 com.android.server.TelephonyRegistry.notifyServiceStateForPhoneId:1614 com.android.internal.telephony.ITelephonyRegistry$Stub.onTransact:455 android.os.Binder.execTransactInternal:1226 
03-05 23:35:45.038  2775  6484 W ContextImpl: Calling a method in the system process without a qualified user: android.app.ContextImpl.sendBroadcastMultiplePermissions:1258 com.android.server.TelephonyRegistry.broadcastServiceStateChanged:3012 com.android.server.TelephonyRegistry.notifyServiceStateForPhoneId:1614 com.android.internal.telephony.ITelephonyRegistry$Stub.onTransact:455 android.os.Binder.execTransactInternal:1226 
03-05 23:35:45.038  2775  2858 W BroadcastQueue: Skipping delivery of excluded package Intent { act=android.intent.action.SERVICE_STATE flg=0x1000010 (has extras) } to ProcessRecord{f7db99b 4345:com.android.phone/1001} (pid=4345, uid=1001) excludes package com.android.phone due to sender android (uid 1001)
03-05 23:35:45.038  2775  2858 W BroadcastQueue: Skipping delivery of excluded package Intent { act=android.intent.action.SERVICE_STATE flg=0x1000010 (has extras) } to ProcessRecord{f7db99b 4345:com.android.phone/1001} (pid=4345, uid=1001) excludes package com.android.phone due to sender android (uid 1001)
03-05 23:35:45.039  2775  2858 W BroadcastQueue: Permission Denial: receiving Intent { act=android.intent.action.SERVICE_STATE flg=0x1000010 (has extras) } to com.google.android.cellbroadcastreceiver/com.android.cellbroadcastreceiver.CellBroadcastReceiver requires android.permission.READ_PHONE_STATE due to sender android (uid 1001)
03-05 23:35:45.040  2775  2858 W BroadcastQueue: Skipping delivery of excluded package Intent { act=android.intent.action.SERVICE_STATE flg=0x1000010 (has extras) } to ProcessRecord{f7db99b 4345:com.android.phone/1001} (pid=4345, uid=1001) excludes package com.android.phone due to sender android (uid 1001)
03-05 23:35:45.040  2775  2858 W BroadcastQueue: Skipping delivery of excluded package Intent { act=android.intent.action.SERVICE_STATE flg=0x1000010 (has extras) } to ProcessRecord{f7db99b 4345:com.android.phone/1001} (pid=4345, uid=1001) excludes package com.android.phone due to sender android (uid 1001)
03-05 23:35:49.704  2775  3353 E OplusBatteryServiceFeature: ICharger getBattPPSChgPower failed, err = android.os.RemoteException: HwBinder Error: (-74)
03-05 23:35:49.705  2775  3353 E OplusBatteryServiceFeature: ICharger getBattPPSChgPower failed, err = android.os.RemoteException: HwBinder Error: (-74)
03-05 23:35:49.938 28456 28456 W ContextImpl: Calling a method in the system process without a qualified user: android.app.ContextImpl.startService:1819 android.content.ContextWrapper.startService:786 com.heytap.mcs.biz.statistics.StaticProcessTrackStatusManager.exitCurrentProcess:11 com.heytap.mcs.biz.statistics.StaticProcessTrackStatusManager$1.handleMessage:3 android.os.Handler.dispatchMessage:102 
03-05 23:35:50.002  2775  8536 I ActivityManager: Process com.heytap.mcs.statistics (pid 28456) has died: fg  SVC 
03-05 23:35:50.002  2775  8536 W ContextImpl: Calling a method in the system process without a qualified user: android.app.ContextImpl.sendBroadcast:1175 com.android.server.am.OplusExtraActivityManagerService.setKeyLockModeNormal:51 com.android.server.am.ActivityManagerServiceExtImpl.setKeyLockModeNormal:841 com.android.server.am.ActivityManagerService.appDiedLocked:3389 com.android.server.am.ActivityManagerService$AppDeathRecipient.binderDied:1531 
03-05 23:35:53.512  2775  3353 E OplusBatteryServiceFeature: ICharger getBattPPSChgPower failed, err = android.os.RemoteException: HwBinder Error: (-74)
03-05 23:35:53.513  2775  3353 E OplusBatteryServiceFeature: ICharger getBattPPSChgPower failed, err = android.os.RemoteException: HwBinder Error: (-74)
03-05 23:35:54.656  2775  3353 E OplusBatteryServiceFeature: ICharger getBattPPSChgPower failed, err = android.os.RemoteException: HwBinder Error: (-74)
03-05 23:35:54.657  2775  3353 E OplusBatteryServiceFeature: ICharger getBattPPSChgPower failed, err = android.os.RemoteException: HwBinder Error: (-74)
03-05 23:35:59.697  2775  3353 E OplusBatteryServiceFeature: ICharger getBattPPSChgPower failed, err = android.os.RemoteException: HwBinder Error: (-74)
03-05 23:35:59.698  2775  3353 E OplusBatteryServiceFeature: ICharger getBattPPSChgPower failed, err = android.os.RemoteException: HwBinder Error: (-74)
03-05 23:36:00.052  2775  3870 E OplusCustomizeRestrictionManagerService: isBiometricDisabled start
03-05 23:36:00.054  2775  4302 E OplusCustomizeRestrictionManagerService: isBiometricDisabled start
03-05 23:36:04.662  2775  3353 E OplusBatteryServiceFeature: ICharger getBattPPSChgPower failed, err = android.os.RemoteException: HwBinder Error: (-74)
03-05 23:36:04.663  2775  3353 E OplusBatteryServiceFeature: ICharger getBattPPSChgPower failed, err = android.os.RemoteException: HwBinder Error: (-74)
03-05 23:36:07.762  2775  4302 I ActivityManager: Killing 28425:com.google.android.webview:sandboxed_process0:org.chromium.content.app.SandboxedProcessService0:4/u0a96i13 (adj 0): isolated not needed
03-05 23:36:07.828  2775  2862 D KernelCpuUidUserSysTimeReader: Removing uids 99010-99010
03-05 23:36:09.710  2775  3353 E OplusBatteryServiceFeature: ICharger getBattPPSChgPower failed, err = android.os.RemoteException: HwBinder Error: (-74)
03-05 23:36:09.711  2775  3353 E OplusBatteryServiceFeature: ICharger getBattPPSChgPower failed, err = android.os.RemoteException: HwBinder Error: (-74)
03-05 23:36:09.793  2775  3353 E OplusBatteryServiceFeature: ICharger getBattPPSChgPower failed, err = android.os.RemoteException: HwBinder Error: (-74)
03-05 23:36:09.793  2775  3353 E OplusBatteryServiceFeature: ICharger getBattPPSChgPower failed, err = android.os.RemoteException: HwBinder Error: (-74)
03-05 23:36:14.657  2775  3353 E OplusBatteryServiceFeature: ICharger getBattPPSChgPower failed, err = android.os.RemoteException: HwBinder Error: (-74)
03-05 23:36:14.658  2775  3353 E OplusBatteryServiceFeature: ICharger getBattPPSChgPower failed, err = android.os.RemoteException: HwBinder Error: (-74)
03-05 23:36:16.833  2775  3353 E OplusBatteryServiceFeature: ICharger getBattPPSChgPower failed, err = android.os.RemoteException: HwBinder Error: (-74)
03-05 23:36:16.835  2775  3353 E OplusBatteryServiceFeature: ICharger getBattPPSChgPower failed, err = android.os.RemoteException: HwBinder Error: (-74)
03-05 23:36:19.704  2775  3353 E OplusBatteryServiceFeature: ICharger getBattPPSChgPower failed, err = android.os.RemoteException: HwBinder Error: (-74)
03-05 23:36:19.705  2775  3353 E OplusBatteryServiceFeature: ICharger getBattPPSChgPower failed, err = android.os.RemoteException: HwBinder Error: (-74)
03-05 23:36:24.664  2775  3353 E OplusBatteryServiceFeature: ICharger getBattPPSChgPower failed, err = android.os.RemoteException: HwBinder Error: (-74)
03-05 23:36:24.666  2775  3353 E OplusBatteryServiceFeature: ICharger getBattPPSChgPower failed, err = android.os.RemoteException: HwBinder Error: (-74)
03-05 23:36:26.083  2775  3353 E OplusBatteryServiceFeature: ICharger getBattPPSChgPower failed, err = android.os.RemoteException: HwBinder Error: (-74)
03-05 23:36:26.085  2775  3353 E OplusBatteryServiceFeature: ICharger getBattPPSChgPower failed, err = android.os.RemoteException: HwBinder Error: (-74)
03-05 23:36:27.161  1508  1508 I Quality : SFJankCountInfo: 160; 0; 0; 0; 1; 30; 10; 0; 8; 0; 25
03-05 23:36:27.406  2775  8536 D UsageStatsService: User[0] type=0 b=1709672787405 e=1709674587405 cb=1709632894911 ce=1709674587376 disk=0 all=792
03-05 23:36:27.460  2775  6435 D CompatibilityChangeReporter: Compat change id reported: 135634846; UID 10096; state: DISABLED
03-05 23:36:27.460  2775  6435 D CompatibilityChangeReporter: Compat change id reported: 177438394; UID 10096; state: DISABLED
03-05 23:36:27.460  2775  6435 D CompatibilityChangeReporter: Compat change id reported: 135772972; UID 10096; state: DISABLED
03-05 23:36:27.461  2775  6435 D CompatibilityChangeReporter: Compat change id reported: 135754954; UID 10096; state: ENABLED
03-05 23:36:27.461  2775  2850 D CompatibilityChangeReporter: Compat change id reported: 143937733; UID 10096; state: ENABLED
03-05 23:36:27.501  2775  2850 I ActivityManager: Start proc 28555:com.google.android.webview:sandboxed_process0:org.chromium.content.app.SandboxedProcessService0:5/u0i14 for  {com.google.android.gms/org.chromium.content.app.SandboxedProcessService0:5}
03-05 23:36:27.552  2775  6484 D UsageStatsService: User[0] type=0 b=1709674487295 e=1709674587536 cb=1709632894911 ce=1709674587531 disk=0 all=0
03-05 23:36:29.700  2775  3353 E OplusBatteryServiceFeature: ICharger getBattPPSChgPower failed, err = android.os.RemoteException: HwBinder Error: (-74)
03-05 23:36:29.701  2775  3353 E OplusBatteryServiceFeature: ICharger getBattPPSChgPower failed, err = android.os.RemoteException: HwBinder Error: (-74)
03-05 23:36:34.653  2775  3353 E OplusBatteryServiceFeature: ICharger getBattPPSChgPower failed, err = android.os.RemoteException: HwBinder Error: (-74)
03-05 23:36:34.655  2775  3353 E OplusBatteryServiceFeature: ICharger getBattPPSChgPower failed, err = android.os.RemoteException: HwBinder Error: (-74)
03-05 23:36:35.564  4345  4345 I Quality : SlowBinder: com.android.phone to com.android.internal.app.IAppOpsService cost= 694 code= 2
03-05 23:36:39.734  2775  3353 E OplusBatteryServiceFeature: ICharger getBattPPSChgPower failed, err = android.os.RemoteException: HwBinder Error: (-74)
03-05 23:36:39.735  2775  3353 E OplusBatteryServiceFeature: ICharger getBattPPSChgPower failed, err = android.os.RemoteException: HwBinder Error: (-74)
03-05 23:36:42.369  2775  3353 E OplusBatteryServiceFeature: ICharger getBattPPSChgPower failed, err = android.os.RemoteException: HwBinder Error: (-74)
03-05 23:36:42.371  2775  3353 E OplusBatteryServiceFeature: ICharger getBattPPSChgPower failed, err = android.os.RemoteException: HwBinder Error: (-74)
03-05 23:36:44.653  2775  3353 E OplusBatteryServiceFeature: ICharger getBattPPSChgPower failed, err = android.os.RemoteException: HwBinder Error: (-74)
03-05 23:36:44.655  2775  3353 E OplusBatteryServiceFeature: ICharger getBattPPSChgPower failed, err = android.os.RemoteException: HwBinder Error: (-74)
03-05 23:36:49.702  2775  3353 E OplusBatteryServiceFeature: ICharger getBattPPSChgPower failed, err = android.os.RemoteException: HwBinder Error: (-74)
03-05 23:36:49.703  2775  3353 E OplusBatteryServiceFeature: ICharger getBattPPSChgPower failed, err = android.os.RemoteException: HwBinder Error: (-74)
03-05 23:36:54.664  2775  3353 E OplusBatteryServiceFeature: ICharger getBattPPSChgPower failed, err = android.os.RemoteException: HwBinder Error: (-74)
03-05 23:36:54.666  2775  3353 E OplusBatteryServiceFeature: ICharger getBattPPSChgPower failed, err = android.os.RemoteException: HwBinder Error: (-74)
03-05 23:36:58.659  2775  3353 E OplusBatteryServiceFeature: ICharger getBattPPSChgPower failed, err = android.os.RemoteException: HwBinder Error: (-74)
03-05 23:36:58.660  2775  3353 E OplusBatteryServiceFeature: ICharger getBattPPSChgPower failed, err = android.os.RemoteException: HwBinder Error: (-74)
03-05 23:36:59.703  2775  3353 E OplusBatteryServiceFeature: ICharger getBattPPSChgPower failed, err = android.os.RemoteException: HwBinder Error: (-74)
03-05 23:36:59.704  2775  3353 E OplusBatteryServiceFeature: ICharger getBattPPSChgPower failed, err = android.os.RemoteException: HwBinder Error: (-74)
03-05 23:37:00.080  2775  6479 E OplusCustomizeRestrictionManagerService: isBiometricDisabled start
03-05 23:37:00.082  2775  3870 E OplusCustomizeRestrictionManagerService: isBiometricDisabled start
03-05 23:37:04.657  2775  3353 E OplusBatteryServiceFeature: ICharger getBattPPSChgPower failed, err = android.os.RemoteException: HwBinder Error: (-74)
03-05 23:37:04.658  2775  3353 E OplusBatteryServiceFeature: ICharger getBattPPSChgPower failed, err = android.os.RemoteException: HwBinder Error: (-74)
03-05 23:37:09.699  2775  3353 E OplusBatteryServiceFeature: ICharger getBattPPSChgPower failed, err = android.os.RemoteException: HwBinder Error: (-74)
03-05 23:37:09.701  2775  3353 E OplusBatteryServiceFeature: ICharger getBattPPSChgPower failed, err = android.os.RemoteException: HwBinder Error: (-74)
03-05 23:37:14.656  2775  3353 E OplusBatteryServiceFeature: ICharger getBattPPSChgPower failed, err = android.os.RemoteException: HwBinder Error: (-74)
03-05 23:37:14.658  2775  3353 E OplusBatteryServiceFeature: ICharger getBattPPSChgPower failed, err = android.os.RemoteException: HwBinder Error: (-74)
03-05 23:37:14.941  2775  3353 E OplusBatteryServiceFeature: ICharger getBattPPSChgPower failed, err = android.os.RemoteException: HwBinder Error: (-74)
03-05 23:37:14.942  2775  3353 E OplusBatteryServiceFeature: ICharger getBattPPSChgPower failed, err = android.os.RemoteException: HwBinder Error: (-74)
03-05 23:37:16.830  2775  3353 E OplusBatteryServiceFeature: ICharger getBattPPSChgPower failed, err = android.os.RemoteException: HwBinder Error: (-74)
03-05 23:37:16.832  2775  3353 E OplusBatteryServiceFeature: ICharger getBattPPSChgPower failed, err = android.os.RemoteException: HwBinder Error: (-74)
03-05 23:37:19.704  2775  3353 E OplusBatteryServiceFeature: ICharger getBattPPSChgPower failed, err = android.os.RemoteException: HwBinder Error: (-74)
03-05 23:37:19.706  2775  3353 E OplusBatteryServiceFeature: ICharger getBattPPSChgPower failed, err = android.os.RemoteException: HwBinder Error: (-74)
03-05 23:37:24.062  2775  6407 D UsageStatsService: User[0] type=0 b=1709674148427 e=1709674644061 cb=1709632894911 ce=1709674587531 disk=0 all=1
03-05 23:37:24.659  2775  3353 E OplusBatteryServiceFeature: ICharger getBattPPSChgPower failed, err = android.os.RemoteException: HwBinder Error: (-74)
03-05 23:37:24.660  2775  3353 E OplusBatteryServiceFeature: ICharger getBattPPSChgPower failed, err = android.os.RemoteException: HwBinder Error: (-74)
03-05 23:37:27.600  1508  1508 I Quality : SFJankCountInfo: 175; 0; 0; 0; 0; 24; 17; 8; 2; 0; 20
03-05 23:37:29.699  2775  3353 E OplusBatteryServiceFeature: ICharger getBattPPSChgPower failed, err = android.os.RemoteException: HwBinder Error: (-74)
03-05 23:37:29.700  2775  3353 E OplusBatteryServiceFeature: ICharger getBattPPSChgPower failed, err = android.os.RemoteException: HwBinder Error: (-74)
03-05 23:37:31.226  2775  3353 E OplusBatteryServiceFeature: ICharger getBattPPSChgPower failed, err = android.os.RemoteException: HwBinder Error: (-74)
03-05 23:37:31.228  2775  3353 E OplusBatteryServiceFeature: ICharger getBattPPSChgPower failed, err = android.os.RemoteException: HwBinder Error: (-74)
03-05 23:37:34.657  2775  3353 E OplusBatteryServiceFeature: ICharger getBattPPSChgPower failed, err = android.os.RemoteException: HwBinder Error: (-74)
03-05 23:37:34.659  2775  3353 E OplusBatteryServiceFeature: ICharger getBattPPSChgPower failed, err = android.os.RemoteException: HwBinder Error: (-74)
03-05 23:37:39.691  2775  3353 E OplusBatteryServiceFeature: ICharger getBattPPSChgPower failed, err = android.os.RemoteException: HwBinder Error: (-74)
03-05 23:37:39.693  2775  3353 E OplusBatteryServiceFeature: ICharger getBattPPSChgPower failed, err = android.os.RemoteException: HwBinder Error: (-74)
03-05 23:37:42.195  2775  6484 W PackageManager: package unknown uid 10107 pid 27567 call SetEnabledSetting(com.google.android.googlequicksearchbox component = com.google.android.apps.search.googleapp.saves.savefeature.sharereceiver.SavesShareReceiver, 1, 0x1, 0)
03-05 23:37:42.198  2775  6484 W PackageManager: package unknown uid 10107 pid 27567 call SetEnabledSetting(com.google.android.googlequicksearchbox component = com.google.android.apps.search.googleapp.saves.savefeature.sharereceiver.SavesShareReceiverWithImageType, 2, 0x1, 0)
03-05 23:37:42.209  2775  6484 W PackageManager: package unknown uid 10107 pid 27567 call SetEnabledSetting(com.google.android.googlequicksearchbox component = com.google.android.apps.search.assistant.verticals.familyshare.FamilyShareActivity, 2, 0x1, 0)
03-05 23:37:44.668  2775  3353 E OplusBatteryServiceFeature: ICharger getBattPPSChgPower failed, err = android.os.RemoteException: HwBinder Error: (-74)
03-05 23:37:44.670  2775  3353 E OplusBatteryServiceFeature: ICharger getBattPPSChgPower failed, err = android.os.RemoteException: HwBinder Error: (-74)
03-05 23:37:47.513  2775  3353 E OplusBatteryServiceFeature: ICharger getBattPPSChgPower failed, err = android.os.RemoteException: HwBinder Error: (-74)
03-05 23:37:47.514  2775  3353 E OplusBatteryServiceFeature: ICharger getBattPPSChgPower failed, err = android.os.RemoteException: HwBinder Error: (-74)
03-05 23:37:47.716  2775  8536 I ActivityManager: Killing 28555:com.google.android.webview:sandboxed_process0:org.chromium.content.app.SandboxedProcessService0:5/u0a96i14 (adj 0): isolated not needed
03-05 23:37:47.770  2775  2862 D KernelCpuUidUserSysTimeReader: Removing uids 99011-99011
03-05 23:37:49.692  2775  3353 E OplusBatteryServiceFeature: ICharger getBattPPSChgPower failed, err = android.os.RemoteException: HwBinder Error: (-74)
03-05 23:37:49.693  2775  3353 E OplusBatteryServiceFeature: ICharger getBattPPSChgPower failed, err = android.os.RemoteException: HwBinder Error: (-74)
03-05 23:37:51.500  2775  8536 D CompatibilityChangeReporter: Compat change id reported: 135634846; UID 10084; state: DISABLED
03-05 23:37:51.500  2775  8536 D CompatibilityChangeReporter: Compat change id reported: 177438394; UID 10084; state: DISABLED
03-05 23:37:51.500  2775  8536 D CompatibilityChangeReporter: Compat change id reported: 135772972; UID 10084; state: DISABLED
03-05 23:37:51.500  2775  8536 D CompatibilityChangeReporter: Compat change id reported: 135754954; UID 10084; state: ENABLED
03-05 23:37:51.502  2775  2850 D CompatibilityChangeReporter: Compat change id reported: 143937733; UID 10084; state: ENABLED
03-05 23:37:51.548  2775  2850 I ActivityManager: Start proc 28609:com.google.android.configupdater/u0a84 for broadcast {com.google.android.configupdater/com.google.android.configupdater.PhenotypeBroadcastReceiver}
03-05 23:37:51.598  2775  8536 D CompatibilityChangeReporter: Compat change id reported: 168419799; UID 10084; state: DISABLED
03-05 23:37:54.668  2775  3353 E OplusBatteryServiceFeature: ICharger getBattPPSChgPower failed, err = android.os.RemoteException: HwBinder Error: (-74)
03-05 23:37:54.669  2775  3353 E OplusBatteryServiceFeature: ICharger getBattPPSChgPower failed, err = android.os.RemoteException: HwBinder Error: (-74)
03-05 23:37:59.707  2775  3353 E OplusBatteryServiceFeature: ICharger getBattPPSChgPower failed, err = android.os.RemoteException: HwBinder Error: (-74)
03-05 23:37:59.708  2775  3353 E OplusBatteryServiceFeature: ICharger getBattPPSChgPower failed, err = android.os.RemoteException: HwBinder Error: (-74)
03-05 23:38:00.071  2775  6484 E OplusCustomizeRestrictionManagerService: isBiometricDisabled start
03-05 23:38:00.073  2775  6479 E OplusCustomizeRestrictionManagerService: isBiometricDisabled start
03-05 23:38:03.801  2775  3353 E OplusBatteryServiceFeature: ICharger getBattPPSChgPower failed, err = android.os.RemoteException: HwBinder Error: (-74)
03-05 23:38:03.802  2775  3353 E OplusBatteryServiceFeature: ICharger getBattPPSChgPower failed, err = android.os.RemoteException: HwBinder Error: (-74)
03-05 23:38:04.660  2775  3353 E OplusBatteryServiceFeature: ICharger getBattPPSChgPower failed, err = android.os.RemoteException: HwBinder Error: (-74)
03-05 23:38:04.662  2775  3353 E OplusBatteryServiceFeature: ICharger getBattPPSChgPower failed, err = android.os.RemoteException: HwBinder Error: (-74)
03-05 23:38:07.636  2775  6484 D UsageStatsService: User[0] type=0 b=1709672887634 e=1709674687634 cb=1709632894911 ce=1709674687601 disk=0 all=779
03-05 23:38:07.684  2775  3870 D CompatibilityChangeReporter: Compat change id reported: 135634846; UID 10096; state: DISABLED
03-05 23:38:07.684  2775  3870 D CompatibilityChangeReporter: Compat change id reported: 177438394; UID 10096; state: DISABLED
03-05 23:38:07.684  2775  3870 D CompatibilityChangeReporter: Compat change id reported: 135772972; UID 10096; state: DISABLED
03-05 23:38:07.684  2775  3870 D CompatibilityChangeReporter: Compat change id reported: 135754954; UID 10096; state: ENABLED
03-05 23:38:07.684  2775  2850 D CompatibilityChangeReporter: Compat change id reported: 143937733; UID 10096; state: ENABLED
03-05 23:38:07.729  2775  2850 I ActivityManager: Start proc 28670:com.google.android.webview:sandboxed_process0:org.chromium.content.app.SandboxedProcessService0:6/u0i15 for  {com.google.android.gms/org.chromium.content.app.SandboxedProcessService0:6}
03-05 23:38:07.738  2775  2850 W ActivityManager: Slow operation: 55ms so far, now at startProcess: done updating pids map
03-05 23:38:07.750  2775  6484 D UsageStatsService: User[0] type=0 b=1709674587536 e=1709674687737 cb=1709632894911 ce=1709674687601 disk=0 all=0
03-05 23:38:09.710  2775  3353 E OplusBatteryServiceFeature: ICharger getBattPPSChgPower failed, err = android.os.RemoteException: HwBinder Error: (-74)
03-05 23:38:09.712  2775  3353 E OplusBatteryServiceFeature: ICharger getBattPPSChgPower failed, err = android.os.RemoteException: HwBinder Error: (-74)
03-05 23:38:14.659  2775  3353 E OplusBatteryServiceFeature: ICharger getBattPPSChgPower failed, err = android.os.RemoteException: HwBinder Error: (-74)
03-05 23:38:14.660  2775  3353 E OplusBatteryServiceFeature: ICharger getBattPPSChgPower failed, err = android.os.RemoteException: HwBinder Error: (-74)
03-05 23:38:16.828  2775  3353 E OplusBatteryServiceFeature: ICharger getBattPPSChgPower failed, err = android.os.RemoteException: HwBinder Error: (-74)
03-05 23:38:16.830  2775  3353 E OplusBatteryServiceFeature: ICharger getBattPPSChgPower failed, err = android.os.RemoteException: HwBinder Error: (-74)
03-05 23:38:19.693  2775  3353 E OplusBatteryServiceFeature: ICharger getBattPPSChgPower failed, err = android.os.RemoteException: HwBinder Error: (-74)
03-05 23:38:19.694  2775  3353 E OplusBatteryServiceFeature: ICharger getBattPPSChgPower failed, err = android.os.RemoteException: HwBinder Error: (-74)
03-05 23:38:20.091  2775  3353 E OplusBatteryServiceFeature: ICharger getBattPPSChgPower failed, err = android.os.RemoteException: HwBinder Error: (-74)
03-05 23:38:20.093  2775  3353 E OplusBatteryServiceFeature: ICharger getBattPPSChgPower failed, err = android.os.RemoteException: HwBinder Error: (-74)
03-05 23:38:24.664  2775  3353 E OplusBatteryServiceFeature: ICharger getBattPPSChgPower failed, err = android.os.RemoteException: HwBinder Error: (-74)
03-05 23:38:24.667  2775  3353 E OplusBatteryServiceFeature: ICharger getBattPPSChgPower failed, err = android.os.RemoteException: HwBinder Error: (-74)
03-05 23:38:27.855  1508  1508 I Quality : SFJankCountInfo: 175; 0; 0; 0; 1; 28; 33; 7; 5; 0; 15
03-05 23:38:29.693  2775  3353 E OplusBatteryServiceFeature: ICharger getBattPPSChgPower failed, err = android.os.RemoteException: HwBinder Error: (-74)
03-05 23:38:29.694  2775  3353 E OplusBatteryServiceFeature: ICharger getBattPPSChgPower failed, err = android.os.RemoteException: HwBinder Error: (-74)
03-05 23:38:34.654  2775  3353 E OplusBatteryServiceFeature: ICharger getBattPPSChgPower failed, err = android.os.RemoteException: HwBinder Error: (-74)
03-05 23:38:34.655  2775  3353 E OplusBatteryServiceFeature: ICharger getBattPPSChgPower failed, err = android.os.RemoteException: HwBinder Error: (-74)
03-05 23:38:34.840  2775  6484 I OplusCustomizeService: pkg:com.android.systemui isPlatformSigned, return true drectly 
03-05 23:38:34.857  2775  6484 I OplusCustomizeService: pkg:com.android.systemui isPlatformSigned, return true drectly 
03-05 23:38:34.913  2775  3870 I OplusCustomizeService: pkg:com.android.systemui isPlatformSigned, return true drectly 
03-05 23:38:34.915  2775  6484 I OplusCustomizeService: pkg:com.android.systemui isPlatformSigned, return true drectly 
03-05 23:38:34.916  2775  6484 I OplusCustomizeService: pkg:com.android.systemui isPlatformSigned, return true drectly 
03-05 23:38:34.916  2775  6484 E OplusCustomizeRestrictionManagerService: getMobileDataMode error :s == null
03-05 23:38:34.925  2775  3870 I OplusCustomizeService: pkg:com.android.systemui isPlatformSigned, return true drectly 
03-05 23:38:34.926  2775  3870 I OplusCustomizeService: pkg:com.android.systemui isPlatformSigned, return true drectly 
03-05 23:38:34.926  2775  3870 I OplusCustomizeService: pkg:com.android.systemui isPlatformSigned, return true drectly 
03-05 23:38:34.927  2775  3870 E OplusCustomizeRestrictionManagerService: getMobileDataMode error :s == null
03-05 23:38:34.933  2775  3870 I OplusCustomizeService: pkg:com.android.systemui isPlatformSigned, return true drectly 
03-05 23:38:34.935  2775  3870 I OplusCustomizeService: pkg:com.android.systemui isPlatformSigned, return true drectly 
03-05 23:38:34.935  2775  3870 I OplusCustomizeService: pkg:com.android.systemui isPlatformSigned, return true drectly 
03-05 23:38:34.935  2775  3870 E OplusCustomizeRestrictionManagerService: getMobileDataMode error :s == null
03-05 23:38:34.941  2775  3870 I OplusCustomizeService: pkg:com.android.systemui isPlatformSigned, return true drectly 
03-05 23:38:34.942  2775  3870 I OplusCustomizeService: pkg:com.android.systemui isPlatformSigned, return true drectly 
03-05 23:38:34.943  2775  3870 I OplusCustomizeService: pkg:com.android.systemui isPlatformSigned, return true drectly 
03-05 23:38:34.943  2775  3870 E OplusCustomizeRestrictionManagerService: getMobileDataMode error :s == null
03-05 23:38:34.945  2775  3870 I OplusCustomizeService: pkg:com.android.systemui isPlatformSigned, return true drectly 
03-05 23:38:34.945  2775  3870 I OplusCustomizeService: pkg:com.android.systemui isPlatformSigned, return true drectly 
03-05 23:38:34.949  2775  3870 I OplusCustomizeService: pkg:com.android.systemui isPlatformSigned, return true drectly 
03-05 23:38:34.950  2775  3870 I OplusCustomizeService: pkg:com.android.systemui isPlatformSigned, return true drectly 
03-05 23:38:36.377  2775  3353 E OplusBatteryServiceFeature: ICharger getBattPPSChgPower failed, err = android.os.RemoteException: HwBinder Error: (-74)
03-05 23:38:36.379  2775  3353 E OplusBatteryServiceFeature: ICharger getBattPPSChgPower failed, err = android.os.RemoteException: HwBinder Error: (-74)
03-05 23:38:39.706  2775  3353 E OplusBatteryServiceFeature: ICharger getBattPPSChgPower failed, err = android.os.RemoteException: HwBinder Error: (-74)
03-05 23:38:39.708  2775  3353 E OplusBatteryServiceFeature: ICharger getBattPPSChgPower failed, err = android.os.RemoteException: HwBinder Error: (-74)
03-05 23:38:44.665  2775  3353 E OplusBatteryServiceFeature: ICharger getBattPPSChgPower failed, err = android.os.RemoteException: HwBinder Error: (-74)
03-05 23:38:44.666  2775  3353 E OplusBatteryServiceFeature: ICharger getBattPPSChgPower failed, err = android.os.RemoteException: HwBinder Error: (-74)
03-05 23:38:49.709  2775  3353 E OplusBatteryServiceFeature: ICharger getBattPPSChgPower failed, err = android.os.RemoteException: HwBinder Error: (-74)
03-05 23:38:49.711  2775  3353 E OplusBatteryServiceFeature: ICharger getBattPPSChgPower failed, err = android.os.RemoteException: HwBinder Error: (-74)
03-05 23:38:52.669  2775  3353 E OplusBatteryServiceFeature: ICharger getBattPPSChgPower failed, err = android.os.RemoteException: HwBinder Error: (-74)
03-05 23:38:52.671  2775  3353 E OplusBatteryServiceFeature: ICharger getBattPPSChgPower failed, err = android.os.RemoteException: HwBinder Error: (-74)
03-05 23:38:54.652  2775  3353 E OplusBatteryServiceFeature: ICharger getBattPPSChgPower failed, err = android.os.RemoteException: HwBinder Error: (-74)
03-05 23:38:54.654  2775  3353 E OplusBatteryServiceFeature: ICharger getBattPPSChgPower failed, err = android.os.RemoteException: HwBinder Error: (-74)
03-05 23:38:59.692  2775  3353 E OplusBatteryServiceFeature: ICharger getBattPPSChgPower failed, err = android.os.RemoteException: HwBinder Error: (-74)
03-05 23:38:59.694  2775  3353 E OplusBatteryServiceFeature: ICharger getBattPPSChgPower failed, err = android.os.RemoteException: HwBinder Error: (-74)
03-05 23:39:00.099  2775  6479 E OplusCustomizeRestrictionManagerService: isBiometricDisabled start
03-05 23:39:00.102  2775  3870 E OplusCustomizeRestrictionManagerService: isBiometricDisabled start
03-05 23:39:04.670  2775  3353 E OplusBatteryServiceFeature: ICharger getBattPPSChgPower failed, err = android.os.RemoteException: HwBinder Error: (-74)
03-05 23:39:04.672  2775  3353 E OplusBatteryServiceFeature: ICharger getBattPPSChgPower failed, err = android.os.RemoteException: HwBinder Error: (-74)
03-05 23:39:07.006  2775  3177 I Quality : INPUT LATENCY: Window{cf40bb8 com.arumcomm.crashlogviewer/com.arumcomm.crashlogviewer.MainActivity (server)} TIME COST: [ endToEndLatency= 965 eventToRead= 1 readToDeliver= 14 deliverToConsume= 17 appConsumeToFinish= 9621 action= ACTION_DOWN mNumEventsSinceLastSlowEventReport= 3810 mNumSkippedSlowEvents= 14 eventTime= 529807627765 deliveryTime= 529809079275 finishTime= 530772989639 inputEventId= 0x836997]
03-05 23:39:07.006  2775  3177 I Quality : INPUT STATISTICS: STAT INFO: [ endToEndLatency= 92 eventToRead= 0 readToDeliver= 2 deliverToConsume= 2 appConsumeToFinish= 58 action= ACTION_DOWN mNumEventsSinceLastSlowEventReport= 187 mNumSkippedSlowEvents= 14 eventTime= 1165438841428]
03-05 23:39:07.024  2775  3870 E OplusCustomizeRestrictionManagerService: isTaskButtonDisabled start
03-05 23:39:07.024  2775  3870 I OplusJoystickManager: read game pad state for game manager -> false
03-05 23:39:07.024  2775  3870 W OplusJoystickManager: mInterceptGamepadKey is false
03-05 23:39:07.126  2775  3870 I OplusJoystickManager: read game pad state for game manager -> false
03-05 23:39:07.126  2775  3870 W OplusJoystickManager: mInterceptGamepadKey is false
03-05 23:39:07.153  2775  3870 D OplusAppListInterceptManager: shouldFilterTask
03-05 23:39:07.153  2775  3870 D OplusAppListInterceptManager: shouldFilterTask::packageName = com.arumcomm.crashlogviewer
03-05 23:39:07.174  2775  3870 I ActivityTaskManager: START u0 {act=android.intent.action.MAIN cat=[android.intent.category.HOME] flg=0x10000000 pkg=com.android.launcher cmp=com.android.launcher/.Launcher (has extras) mCallingUid=10185} from uid 10185
03-05 23:39:07.188  2775  3870 D OplusZoomWindowManagerService: updateZoomStack : stack = Task{e72a0a6 #1 type=undefined ?? U=0 visible=false mode=fullscreen translucent=true sz=1}
03-05 23:39:07.191  2775  3870 V WindowManager: Changing focus from Window{afee519 u0 com.arumcomm.crashlogviewer/com.arumcomm.crashlogviewer.MainMenuActivity} to null,diplayid=0
03-05 23:39:07.191  2775  3870 D CompactWindowManagerService: notifyCompactWindowState task: Task{b987913 #28431 type=standard A=10560:com.arumcomm.crashlogviewer U=0 visible=true mode=fullscreen translucent=false sz=1}; hasFocus: false
03-05 23:39:07.193  2775  3870 D ActivityTaskManager: getStartingWindowType: newTask=false, taskSwitch=true, processRunning=true, allowTaskSnapshot=false, activityCreated=true, snapshot=null, record:ActivityRecord{90ffe5f u0 com.android.launcher/.Launcher t5}
03-05 23:39:07.206  2775  3870 D TaskExtImpl: addColorModeOnResume resume=true pkg = com.android.launcher
03-05 23:39:07.214  2775  6479 I OplusJoystickManager: handleApplicationSwitch deprecated!
03-05 23:39:07.215  2775  4558 D OplusEapManager: mTargetExitName :com.arumcomm.crashlogviewer
03-05 23:39:07.215  2775  4558 D VRR [OPlusFrontAppManager]: OnAppSwitchObserver: onAppExit , info.targetName = com.arumcomm.crashlogviewer
03-05 23:39:07.215  2775  4558 D OplusFeatureHDREnhanceBrightness: OnAppSwitchObserver: onAppExit , info = OplusAppExitInfo = {  targetName = com.arumcomm.crashlogviewer hasResumingActivity = true resumingPackageName = com.android.launcher resumingActivityName = com.android.launcher.Launcher resumingWindowMode = 1 isResumingMultiApp = false isResumingFirstStart = false extension = Bundle[{taskId=5, uid=10185}]}
03-05 23:39:07.215  2775  8536 W ActivityManager: Unable to start service Intent { act=heytap.intent.action.assistantscreen.window.server pkg=com.coloros.assistantscreen } U=0: not found
03-05 23:39:07.215  2775  2877 D VRR [OPlusRefreshRateService]: handleFrontAppChange pkgName: null
03-05 23:39:07.220  2775  2877 D VRR [OPlusExternalRefreshRateManager]: setFrontPackageName pkgName: null CurPkgName: com.arumcomm.crashlogviewer
03-05 23:39:07.220  2775  4558 D OplusEapManager: mTargetEnterName :com.android.launcher
03-05 23:39:07.221  2775  4558 D VRR [OPlusFrontAppManager]: OnAppSwitchObserver: onAppEnter , info.targetName = com.android.launcher
03-05 23:39:07.221  2775  4558 D OplusFeatureHDREnhanceBrightness: OnAppSwitchObserver: onAppEnter , info = OplusAppEnterInfo = {  windowMode = 1 targetName = com.android.launcher multiApp = false firstStart = false launchedFromPackage = null intent = Intent { act=android.intent.action.MAIN cat=[android.intent.category.HOME] flg=0x10000100 cmp=com.android.launcher/.Launcher (has extras) } extension = Bundle[{taskId=5, pid=3878, uid=10185}]}
03-05 23:39:07.222  2775  4558 D OplusFeatureHDREnhanceBrightness: checkIsPlayingHDR isPlayingHDR=0 rotation=0 whiteApp=true battery=28
03-05 23:39:07.227  2775  2877 D VRR [OPlusRefreshRateService]: handleFrontAppChange pkgName: com.android.launcher
03-05 23:39:07.228  2775  2877 D VRR [OPlusExternalRefreshRateManager]: setFrontPackageName pkgName: com.android.launcher CurPkgName: null
03-05 23:39:07.228  2775  2858 D OplusKeepAliveManager: TOP_APP is ProcessRecord{ac11f89 3878:com.android.launcher/u0a185} uid is 10185
03-05 23:39:07.244  2775  8536 D OplusGameRotationService: lockRotationInGame: change state to 0
03-05 23:39:07.246  2775  2837 D DisplayManagerService: Delivering display event: displayId=0, event=2
03-05 23:39:07.259  2775  3870 V WindowManager: Changing focus from null to Window{130c589 u0 com.android.launcher/com.android.launcher.Launcher},diplayid=0
03-05 23:39:07.260  2775  3870 D CompactWindowManagerService: notifyCompactWindowState task: Task{de182b9 #5 type=undefined I=com.android.launcher/.Launcher U=0 rootTaskId=1 visible=true mode=fullscreen translucent=false sz=1}; hasFocus: true
03-05 23:39:07.260  2775  3870 D ActivityTaskManager: onWindowFocusChanged Task{de182b9 #5 type=undefined I=com.android.launcher/.Launcher U=0 rootTaskId=1 visible=true mode=fullscreen translucent=false sz=1} would transfer to compact
03-05 23:39:07.282  3878  3878 I Quality : Skipped: false 1 cost 23.285572 refreshRate 0 processName com.android.launcher
03-05 23:39:07.284  2775  2838 D CompactWindowManagerService: updateBackgroundSurface openingApp: ActivityRecord{90ffe5f u0 com.android.launcher/.Launcher t5}
03-05 23:39:07.284  2775  2838 D OplusSplitScreenManagerService: isDragToSplitState mOplusSpiltScreenDnDUI is null, just return!
03-05 23:39:07.285  2775  2838 D OplusSplitScreenManagerService: isDragToSplitState mOplusSpiltScreenDnDUI is null, just return!
03-05 23:39:07.285  2775  2838 D OplusSplitScreenManagerService: isDragToSplitState mOplusSpiltScreenDnDUI is null, just return!
03-05 23:39:07.285  2775  2838 D OplusSplitScreenManagerService: isDragToSplitState mOplusSpiltScreenDnDUI is null, just return!
03-05 23:39:07.312  3878  3878 I HM_APP_AVG: recents.toggle_com.android.launcher 171
03-05 23:39:07.314  2775  2837 D TaskChangeNotificationControllerExtImpl: Skip pass Snapshot to listener:android.app.ITaskStackListener$Stub$Proxy@945bd97
03-05 23:39:07.580  2775  6479 V OplusZoomWindowManagerService: onAnimationFinished:  r = ActivityRecord{c818750 u0 com.arumcomm.crashlogviewer/.MainMenuActivity t28431}
03-05 23:39:07.581  2775  6479 V OplusZoomWindowManagerService: onAnimationFinished:  r = ActivityRecord{90ffe5f u0 com.android.launcher/.Launcher t5}
03-05 23:39:07.581  2775  6479 I OplusAppSwitchManagerService:  handleAppVisible , r = ActivityRecord{90ffe5f u0 com.android.launcher/.Launcher t5}
03-05 23:39:07.596  2775  2837 I VRR [OPlusRefreshRateManager]: hasADFRFeature return false
03-05 23:39:07.597  2775  2837 I DisplayManagerService: Comparing display specs: baseModeId=1 allowGroupSwitching=false primaryRefreshRateRange=[0 60] appRequestRefreshRateRange=[0 60] vrrPolicy=POLICY_DEFAULT, existing: baseModeId=1 allowGroupSwitching=false primaryRefreshRateRange=[0 60] appRequestRefreshRateRange=[0 60] vrrPolicy=POLICY_DEFAULT
03-05 23:39:08.428  2775  3870 V WindowManager: Changing focus from Window{130c589 u0 com.android.launcher/com.android.launcher.Launcher} to null,diplayid=0
03-05 23:39:08.428  2775  3870 D CompactWindowManagerService: notifyCompactWindowState task: Task{de182b9 #5 type=undefined I=com.android.launcher/.Launcher U=0 rootTaskId=1 visible=true mode=fullscreen translucent=false sz=1}; hasFocus: false
03-05 23:39:08.439  2775  3870 D ActivityTaskManager: getStartingWindowType: newTask=false, taskSwitch=true, processRunning=true, allowTaskSnapshot=true, activityCreated=true, snapshot=TaskSnapshot{ mId=1709674747296 mTopActivityComponent=com.arumcomm.crashlogviewer/.MainMenuActivity mSnapshot=android.hardware.HardwareBuffer@47d297c (1080x2400) mColorSpace=sRGB IEC61966-2.1 (id=0, model=RGB) mOrientation=1 mRotation=0 mTaskSize=Point(1080, 2400) mContentInsets=[0,108][0,132] mIsLowResolution=false mIsRealSnapshot=true mWindowingMode=1 mAppearance=0 mIsTranslucent=false mHasImeSurface=false, record:ActivityRecord{c818750 u0 com.arumcomm.crashlogviewer/.MainMenuActivity t28431}
03-05 23:39:08.453  2775  3870 D OplusKeepAliveManager: TOP_APP is ProcessRecord{8ffc87c 26342:com.arumcomm.crashlogviewer/u0a560} uid is 10560
03-05 23:39:08.473  2775  6489 I OplusJoystickManager: handleApplicationSwitch deprecated!
03-05 23:39:08.473  2775  4558 D OplusEapManager: mTargetExitName :com.android.launcher
03-05 23:39:08.473  2775  4558 D VRR [OPlusFrontAppManager]: OnAppSwitchObserver: onAppExit , info.targetName = com.android.launcher
03-05 23:39:08.473  2775  4558 D OplusFeatureHDREnhanceBrightness: OnAppSwitchObserver: onAppExit , info = OplusAppExitInfo = {  targetName = com.android.launcher hasResumingActivity = true resumingPackageName = com.arumcomm.crashlogviewer resumingActivityName = com.arumcomm.crashlogviewer.MainMenuActivity resumingWindowMode = 1 isResumingMultiApp = false isResumingFirstStart = false extension = Bundle[{taskId=28431, uid=10560}]}
03-05 23:39:08.475  2775  2877 D VRR [OPlusRefreshRateService]: handleFrontAppChange pkgName: null
03-05 23:39:08.475  2775  2877 D VRR [OPlusExternalRefreshRateManager]: setFrontPackageName pkgName: null CurPkgName: com.android.launcher
03-05 23:39:08.476  2775  4558 D OplusEapManager: mTargetEnterName :com.arumcomm.crashlogviewer
03-05 23:39:08.476  2775  6489 D TaskExtImpl: addColorModeOnResume resume=true pkg = com.arumcomm.crashlogviewer
03-05 23:39:08.477  2775  4558 D VRR [OPlusFrontAppManager]: OnAppSwitchObserver: onAppEnter , info.targetName = com.arumcomm.crashlogviewer
03-05 23:39:08.477  2775  4558 D OplusFeatureHDREnhanceBrightness: OnAppSwitchObserver: onAppEnter , info = OplusAppEnterInfo = {  windowMode = 1 targetName = com.arumcomm.crashlogviewer multiApp = false firstStart = false launchedFromPackage = com.android.launcher intent = Intent { act=android.intent.action.MAIN cat=[android.intent.category.LAUNCHER] flg=0x10200000 cmp=com.arumcomm.crashlogviewer/.MainMenuActivity bnds=[293,175][545,518] mCallingUid=10185 } extension = Bundle[{taskId=28431, pid=26342, uid=10560}]}
03-05 23:39:08.477  2775  4558 D OplusFeatureHDREnhanceBrightness: checkIsPlayingHDR isPlayingHDR=0 rotation=0 whiteApp=true battery=28
03-05 23:39:08.479  2775  2877 D VRR [OPlusRefreshRateService]: handleFrontAppChange pkgName: com.arumcomm.crashlogviewer
03-05 23:39:08.479  2775  2877 D VRR [OPlusExternalRefreshRateManager]: setFrontPackageName pkgName: com.arumcomm.crashlogviewer CurPkgName: null
03-05 23:39:08.496  2775  2838 D CompactWindowManagerService: updateBackgroundSurface openingApp: ActivityRecord{c818750 u0 com.arumcomm.crashlogviewer/.MainMenuActivity t28431}
03-05 23:39:08.496  2775  2838 D OplusSplitScreenManagerService: isDragToSplitState mOplusSpiltScreenDnDUI is null, just return!
03-05 23:39:08.497  2775  2838 D OplusSplitScreenManagerService: isDragToSplitState mOplusSpiltScreenDnDUI is null, just return!
03-05 23:39:08.497  2775  2838 D OplusSplitScreenManagerService: isDragToSplitState mOplusSpiltScreenDnDUI is null, just return!
03-05 23:39:08.497  2775  2838 D OplusSplitScreenManagerService: isDragToSplitState mOplusSpiltScreenDnDUI is null, just return!
03-05 23:39:08.501  2775  6479 D OplusGameRotationService: lockRotationInGame: change state to 0
03-05 23:39:08.513  2775  2838 I WindowStateExtImpl: onSurfaceShowChange show = true mPackageName = com.arumcomm.crashlogviewer parentPkgName = com.arumcomm.crashlogviewer
03-05 23:39:08.517  2775  4899 W ContextImpl: Calling a method in the system process without a qualified user: android.app.ContextImpl.sendBroadcast:1190 android.content.ContextWrapper.sendBroadcast:494 com.oplus.exsystemservice.athena.a.d.b.a:123 com.oplus.exsystemservice.athena.a.d.a.j.a:591 com.oplus.exsystemservice.athena.a.d.a.j.a:57 
03-05 23:39:08.526  2775  4302 V WindowManager: Changing focus from null to Window{afee519 u0 com.arumcomm.crashlogviewer/com.arumcomm.crashlogviewer.MainMenuActivity},diplayid=0
03-05 23:39:08.526  2775  4302 D CompactWindowManagerService: notifyCompactWindowState task: Task{b987913 #28431 type=standard A=10560:com.arumcomm.crashlogviewer U=0 visible=true mode=fullscreen translucent=false sz=1}; hasFocus: true
03-05 23:39:08.526  2775  4302 D ActivityTaskManager: onWindowFocusChanged Task{b987913 #28431 type=standard A=10560:com.arumcomm.crashlogviewer U=0 visible=true mode=fullscreen translucent=false sz=1} would transfer to compact
03-05 23:39:08.544  2775  2838 D OplusStartingWindowManager: interceptRemoveStartingWindow activity.packageName=com.arumcomm.crashlogviewer isSnapshot=true mStartingSurfaceRunnable=null
03-05 23:39:08.544  2775  2838 D OplusSplitScreenManagerService: notifyRemoveStartingWindow mOplusSpiltScreenDnDUI is null, just return!
03-05 23:39:08.582  2775  6484 D OplusAppListInterceptManager: shouldFilterTask
03-05 23:39:08.582  2775  6484 D OplusAppListInterceptManager: shouldFilterTask::packageName = com.arumcomm.crashlogviewer
03-05 23:39:08.589  2775  6435 D UsageStatsService: User[0] type=0 b=1709672948588 e=1709674748588 cb=1709632894911 ce=1709674748525 disk=0 all=756
03-05 23:39:08.661  2775  4980 D OplusProxyWakeLock: remove uid: 10268 wiht all pids from wakelockUidInfo list
03-05 23:39:08.668  2775  6435 D UsageStatsService: User[0] type=0 b=1709674687737 e=1709674748655 cb=1709632894911 ce=1709674748525 disk=0 all=5
03-05 23:39:08.695  2775  6435 I ActivityManager: Process com.android.chrome (pid 27834) has died: cch+25 CEM 
03-05 23:39:08.696  2775  6435 W ContextImpl: Calling a method in the system process without a qualified user: android.app.ContextImpl.sendBroadcast:1175 com.android.server.am.OplusExtraActivityManagerService.setKeyLockModeNormal:51 com.android.server.am.ActivityManagerServiceExtImpl.setKeyLockModeNormal:841 com.android.server.am.ActivityManagerService.appDiedLocked:3389 com.android.server.am.ActivityManagerService$AppDeathRecipient.binderDied:1531 
03-05 23:39:08.698  2775  4899 W ContextImpl: Calling a method in the system process without a qualified user: android.app.ContextImpl.sendBroadcast:1190 android.content.ContextWrapper.sendBroadcast:494 com.oplus.exsystemservice.athena.a.d.a.j.m:615 com.oplus.exsystemservice.athena.a.d.a.j.h:57 com.oplus.exsystemservice.athena.a.d.a.j$c.handleMessage:669 
03-05 23:39:08.717  2775  4980 D OplusProxyWakeLock: remove uid: 10294 wiht all pids from wakelockUidInfo list
03-05 23:39:08.745  2775  6435 I OplusAppSwitchManagerService: hanldeBinderDied
03-05 23:39:08.745  2775  6435 I OplusAppSwitchManagerService: appswitch unregisterAppSwitchObserver pkgName = com.oplus.securitypermission config = OplusAppSwitchConfig = {  mConfigs = {2=null} observerFingerPrint = 77602152}
03-05 23:39:08.745  2775  6435 I OplusAppSwitchStateDispatcher: unregisterAppSwitchObserver ok, pkgName = com.oplus.securitypermission info = OplusAppSwitchRuleInfo = {  observer = null observerFingerPrint = 77602152}
03-05 23:39:08.746  2775  2827 I ActivityManager: Process com.oplus.securitypermission (pid 26133) has died: vis IMPF
03-05 23:39:08.746  2775  2827 W ContextImpl: Calling a method in the system process without a qualified user: android.app.ContextImpl.sendBroadcast:1175 com.android.server.am.OplusExtraActivityManagerService.setKeyLockModeNormal:51 com.android.server.am.ActivityManagerServiceExtImpl.setKeyLockModeNormal:841 com.android.server.am.ActivityManagerService.appDiedLocked:3389 com.android.server.am.ActivityManagerService$AppDeathRecipient.binderDied:1531 
03-05 23:39:08.750  2775  2827 W ActivityManager: Scheduling restart of crashed service com.oplus.securitypermission/com.oplusos.securitypermission.common.rus.PermissionRUSService in 1000ms for start-requested
03-05 23:39:08.750  2775  2827 W ActivityManager: Scheduling restart of crashed service com.oplus.securitypermission/com.oplusos.securitypermission.permission.PermissionProtectService in 11000ms for start-requested
03-05 23:39:08.750  2775  2827 W ActivityManager: Scheduling restart of crashed service com.oplus.securitypermission/com.oplusos.lockscreenintercept.LockScreenInterceptService in 21000ms for start-requested
03-05 23:39:08.751  2775  2827 W ActivityManager: Scheduling restart of crashed service com.oplus.securitypermission/com.oplusos.securitypermission.permission.dialog.PermissionDialogService in 30999ms for start-requested
03-05 23:39:08.751  2775  2827 W ActivityManager: Scheduling restart of crashed service com.oplus.securitypermission/com.oplusos.securitypermission.permissionrecord.PermissionRecordService in 40999ms for start-requested
03-05 23:39:08.765  2775  2827 I ActivityManager: Process com.google.android.configupdater (pid 28609) has died: cch+15 CEM 
03-05 23:39:08.766  2775  2827 W ContextImpl: Calling a method in the system process without a qualified user: android.app.ContextImpl.sendBroadcast:1175 com.android.server.am.OplusExtraActivityManagerService.setKeyLockModeNormal:51 com.android.server.am.ActivityManagerServiceExtImpl.setKeyLockModeNormal:841 com.android.server.am.ActivityManagerService.appDiedLocked:3389 com.android.server.am.ActivityManagerService$AppDeathRecipient.binderDied:1531 
03-05 23:39:08.784  2775  3757 I ActivityManager: Process com.oplus.statistics.rom (pid 3659) has died: fg  BTOP
03-05 23:39:08.785  2775  3757 W ContextImpl: Calling a method in the system process without a qualified user: android.app.ContextImpl.sendBroadcast:1175 com.android.server.am.OplusExtraActivityManagerService.setKeyLockModeNormal:51 com.android.server.am.ActivityManagerServiceExtImpl.setKeyLockModeNormal:841 com.android.server.am.ActivityManagerService.appDiedLocked:3389 com.android.server.am.ActivityManagerService$AppDeathRecipient.binderDied:1531 
03-05 23:39:08.787  3878  3878 I ActivityThread: Removing dead content provider:android.content.ContentProviderProxy@5406809
03-05 23:39:08.791  2775  2827 I ActivityManager: Process com.qualcomm.qti.modemtestmode (pid 26104) has died: svcb SVC 
03-05 23:39:08.791  2775  2827 W ContextImpl: Calling a method in the system process without a qualified user: android.app.ContextImpl.sendBroadcast:1175 com.android.server.am.OplusExtraActivityManagerService.setKeyLockModeNormal:51 com.android.server.am.ActivityManagerServiceExtImpl.setKeyLockModeNormal:841 com.android.server.am.ActivityManagerService.appDiedLocked:3389 com.android.server.am.ActivityManagerService$AppDeathRecipient.binderDied:1531 
03-05 23:39:08.793  2775  2827 W ActivityManager: Scheduling restart of crashed service com.qualcomm.qti.modemtestmode/.MbnCheckService in 50957ms for start-requested
03-05 23:39:08.793  2775  2827 W ActivityManager: Scheduling restart of crashed service com.qualcomm.qti.modemtestmode/.MbnSystemService in 60957ms for start-requested
03-05 23:39:08.809  2775  2827 I ActivityManager: Process com.coloros.alarmclock:clockWidget (pid 25278) has died: cch+5 CEM 
03-05 23:39:08.809  2775  2827 W ContextImpl: Calling a method in the system process without a qualified user: android.app.ContextImpl.sendBroadcast:1175 com.android.server.am.OplusExtraActivityManagerService.setKeyLockModeNormal:51 com.android.server.am.ActivityManagerServiceExtImpl.setKeyLockModeNormal:841 com.android.server.am.ActivityManagerService.appDiedLocked:3389 com.android.server.am.ActivityManagerService$AppDeathRecipient.binderDied:1531 
03-05 23:39:08.820  2775  2838 I WindowStateExtImpl: onSurfaceShowChange show = false mPackageName = com.arumcomm.crashlogviewer parentPkgName = com.arumcomm.crashlogviewer
03-05 23:39:08.824  2775  2838 D WindowManager: Acquiring screen wakelock due to Window{cd3f75f u0 Toast}
03-05 23:39:08.824  2775  2838 D OplusAONSmartDim: onWakeLockAcquireLocked: lock=25051288, flags=0x2000000a, packageName=android, tag="WindowManager", ws=WorkSource{10193}, uid=1000, pid=2775
03-05 23:39:08.826  2775  3870 I ActivityManager: Process com.google.android.webview:webview_service (pid 26471) has died: cch+45 CEM 
