03-06 00:02:15.633  2775  6466 I OplusAppSwitchManagerService: appswitch registerAppSwitchObserver pName = com@@oplus@@cosa observer = com.oplus.app.IOplusAppSwitchObserver$Stub$Proxy@4df8f00 config = OplusAppSwitchConfig = {  mConfigs = {2=[ru@@foodtaxi@@app, TOM@@coloros@@backuprestore, TOM@@google@@android@@networkstack@@tethering, TOM@@NM@@healthservice, TOM@@taptap@@global, TOM@@android@@cts@@priv@@ctsshim, TOM@@realme@@link, TOM@@google@@android@@youtube, TOM@@arumTOMm@@crashlogviewer, TOM@@qualTOMm@@qti@@qcolor, TOM@@android@@internal@@display@@cutout@@emulation@@corner, TOM@@NM@@smartengine, TOM@@google@@android@@ext@@services, TOM@@coloros@@onekeylockscreen, TOM@@hmsgames@@utirochnik, TOM@@qualTOMm@@qti@@improvetouch@@service, TOM@@android@@internal@@display@@cutout@@emulation@@double, TOM@@android@@providers@@telephony, TOM@@NM@@securitykeyboard, TOM@@android@@dynsystem, TOM@@NM@@crashbox, TOM@@google@@android@@googlequicksearchbox, TOM@@google@@android@@cellbroadcastservice, TOM@@coloros@@smartsidebar, TOM@@vkontakte@@android, TOM@@android@@providers@@calendar, TOM@@utorrent@@client, TOM@@indie@@bustime, org@@telegram@@messenger, TOM@@frogovk@@apk, TOM@@android@@providers@@media, TOM@@coloros@@karaoke, TOM@@qti@@service@@colorservice, TOM@@google@@android@@onetimeinitializer, TOM@@google@@android@@ext@@shared, TOM@@android@@internal@@systemui@@navbar@@gestural_wide_back, ru@@foodfox@@client, TOM@@heytap@@music, TOM@@gearup@@booster, TOM@@qualTOMm@@qti@@simcontacts, TOM@@qualTOMm@@qti@@modemtestmode, TOM@@android@@wifi@@resources@@overlay@@NM, TOM@@NM@@location, pdf@@reader@@pdfviewer@@pdfeditor, TOM@@wixsite@@ut_app@@utalarm, TOM@@android@@launcher, TOM@@oppoex@@afterservice, TOM@@oppo@@operationManual, TOM@@NM@@screenrecorder, TOM@@android@@externalstorage, TOM@@qualTOMm@@uimremoteclient, TOM@@android@@htmlviewer, TOM@@coloros@@healthcheck, TOM@@whatsapp, TOM@@ghisler@@android@@TotalCommander, TOM@@qualTOMm@@qti@@uceShimService, TOM@@TOMpanyname@@taskmanager, TOM@@android@@TOMpaniondevicemanager, TOM@@coloros@@weather@@service, TOM@@android@@mms@@service, TOM@@android@@providers@@downloads, TOM@@maize@@digitalClock, TOM@@NM@@powermonitor, TOM@@google@@android@@apps@@authenticator2, TOM@@android@@systemui@@overlay@@fingerprint@@anim@@ccyh, TOM@@android@@systemui@@overlay@@fingerprint@@anim@@jhsy, TOM@@android@@systemui@@overlay@@fingerprint@@anim@@jslz, TOM@@android@@systemui@@overlay@@fingerprint@@anim@@lgsy, TOM@@android@@systemui@@overlay@@fingerprint@@anim@@nlgs, TOM@@android@@systemui@@overlay@@fingerprint@@anim@@tyjw, TOM@@android@@systemui@@overlay@@fingerprint@@anim@@xklc, ru@@mts@@mymts, NM@@frameworkres@@overlay@@display@@product, TOM@@android@@internal@@systemui@@onehanded@@gestural, vendor@@qti@@hardware@@cacert@@server, TOM@@discord, TOM@@NM@@interconnectcollectkit, TOM@@NM@@deepthinker, TOM@@NM@@qualityprotect, TOM@@NM@@apprecover, TOM@@qualTOMm@@qti@@gpudrivers@@msmnile@@api30, TOM@@mediatek@@omacp, TOM@@qualTOMm@@qti@@telephonyservice, ru@@pyaterochka@@app@@browser, TOM@@android@@bluetooth@@NM@@overlay, TOM@@free@@vpn@@super@@hotspot@@open, ru@@farfor, TOM@@qualTOMm@@qti@@performancemode, android@@frameworkres@@overlay@@display@@product, TOM@@freevpnplanet, TOM@@qualTOMm@@qti@@ridemodeaudio, TOM@@NM@@aod, TOM@@NM@@eid, TOM@@NM@@nhs, TOM@@NM@@ota, TOM@@NM@@pay, TOM@@NM@@sau, TOM@@NM@@sos, vendor@@qti@@iwlan, TOM@@google@@android@@configupdater, TOM@@coloros@@systemclone, TOM@@TOM@@tann@@dice, TOM@@NM@@exserviceui, TOM@@google@@android@@providers@@media@@module, TOM@@google@@android@@overlay@@modules@@permissioncontroller, TOM@@github@@android, TOM@@futuremark@@dmandroid@@application, TOM@@NM@@romupdate, TOM@@qualTOMm@@uimremoteserver, TOM@@heytap@@usercenter, TOM@@qti@@confuridialer, TOM@@coloros@@focusmode, TOM@@kaspersky@@who_calls, TOM@@android@@systemui@@plugin@@globalactions@@wallet, TOM@@google@@ar@@core, TOM@@google@@ar@@lens, TOM@@android@@providers@@downloads@@ui, TOM@@android@@vending, TOM@@android@@pacprocessor, TOM@@android@@simappdialog, TOM@@coloros@@oshare, TOM@@dragonnest@@drawnote, 
03-06 00:02:15.634  2775  6466 I OplusAppSwitchStateDispatcher: registerAppSwitchObserver addDynamicListener OK, info = OplusAppSwitchRuleInfo = {  observer = com.oplus.app.IOplusAppSwitchObserver$Stub$Proxy@4df8f00 observerFingerPrint = 22018998} rule size =1
03-06 00:02:15.634  2775  6484 I OplusAppSwitchManagerService: appswitch unregisterAppSwitchObserver pkgName = com.oplus.cosa config = OplusAppSwitchConfig = {  mConfigs = {} observerFingerPrint = 98794449}
03-06 00:02:15.634  2775  6484 I OplusAppSwitchStateDispatcher: unregisterAppSwitchObserver ok, pkgName = com.oplus.cosa info = OplusAppSwitchRuleInfo = {  observer = null observerFingerPrint = 98794449}
03-06 00:02:15.642  2775  2775 W Looper  : Drained
03-06 00:02:15.643  2775  6466 I OplusAppSwitchManagerService: appswitch unregisterAppSwitchObserver pkgName = com.oplus.notificationmanager config = OplusAppSwitchConfig = {  mConfigs = {} observerFingerPrint = 170340736}
03-06 00:02:15.643  2775  6466 I OplusAppSwitchStateDispatcher: unregisterAppSwitchObserver ok, pkgName = com.oplus.notificationmanager info = OplusAppSwitchRuleInfo = {  observer = null observerFingerPrint = 170340736}
03-06 00:02:15.661  2775  4302 I OplusAppSwitchManagerService: appswitch registerAppSwitchObserver pName = com@@oplus@@notificationmanager observer = com.oplus.app.IOplusAppSwitchObserver$Stub$Proxy@9b5fbc7 config = OplusAppSwitchConfig = {  mConfigs = {2=[TOM@@android@@chrome, TOM@@android@@contacts, TOM@@android@@mms, TOM@@android@@settings, TOM@@android@@vending, TOM@@coloros@@gallery3d, TOM@@coloros@@phonemanager, TOM@@coloros@@video, TOM@@google@@android@@apps@@maps, TOM@@google@@android@@calendar, TOM@@google@@android@@gm, TOM@@google@@android@@youtube, TOM@@NM@@camera, TOM@@animepictures@@stalkerg@@ap2, TOM@@avito@@android, TOM@@bitrix24@@android, TOM@@free@@vpn@@super@@hotspot@@open, TOM@@google@@android@@apps@@docs, TOM@@google@@android@@apps@@photos, TOM@@google@@android@@apps@@tachyon, TOM@@google@@android@@apps@@walletnfcrel, TOM@@google@@android@@apps@@youtube@@music, TOM@@google@@android@@play@@games, TOM@@google@@android@@videos, TOM@@microsoft@@office@@outlook, TOM@@opera@@browser, TOM@@NM@@videoeditor, TOM@@realme@@link, TOM@@yandex@@browser, ru@@appkode@@friendsclub, ru@@dodopizza@@app, ru@@mts@@mymts, tv@@twitch@@android@@app, TOM@@android@@stk, TOM@@coloros@@alarmclock, TOM@@coloros@@calculator, TOM@@coloros@@TOMpass2, TOM@@coloros@@filemanager, TOM@@coloros@@soundrecorder, TOM@@coloros@@weather2, TOM@@google@@android@@googlequicksearchbox, TOM@@google@@android@@keep, TOM@@heytap@@music, TOM@@NM@@games, air@@ru@@crazypanda@@wpcm, bbv@@avdev@@bbvpn, cn@@wps@@moffice_eng, TOM@@KonfaGames@@DespotsGame, TOM@@Nussygame@@Buriedbornes, TOM@@YoStarEN@@Arknights, TOM@@aefyr@@sai, TOM@@apegroup@@mcdonaldsrussia, TOM@@arumTOMm@@crashlogviewer, TOM@@azure@@authenticator, TOM@@binnovative@@turbovpn, TOM@@bitrixsoft@@otp, TOM@@bittorrent@@client, TOM@@blizzard@@bma, TOM@@chillyroom@@zhmr@@gp, TOM@@coloros@@backuprestore, TOM@@coloros@@onekeylockscreen, TOM@@TOM@@tann@@dice, TOM@@TOMpanyname@@app2, TOM@@TOMpanyname@@hmsmp, TOM@@TOMpanyname@@taskmanager, TOM@@deepl@@mobiletranslator, TOM@@delphicoder@@flud, TOM@@discord, TOM@@dragonnest@@drawnote, TOM@@facebook@@katana, TOM@@fast@@free@@unblock@@secure@@vpn, TOM@@fattoy@@swordash@@android, TOM@@freevpnplanet, TOM@@frogovk@@apk, TOM@@futuremark@@dmandroid@@application, TOM@@gearup@@booster, TOM@@ghisler@@android@@TotalCommander, TOM@@github@@android, TOM@@google@@android@@apps@@authenticator2, TOM@@google@@android@@diskusage, TOM@@google@@chromeremotedesktop, TOM@@grif@@vmp, TOM@@helalik@@australia@@vpn, TOM@@helalik@@canada@@vpn, TOM@@hmsgames@@utirochnik, TOM@@idamob@@tinkoff@@android, TOM@@indie@@bustime, TOM@@instagram@@android, TOM@@kaspersky@@who_calls, TOM@@klab@@bleach, TOM@@maize@@digitalClock, TOM@@medhaapps@@wififtpserver, TOM@@microsoft@@office@@word, TOM@@nordvpn@@android, TOM@@octopod@@russianpost@@client@@android, TOM@@openbank, TOM@@poncle@@vampiresurvivors, TOM@@realmeTOMm@@app, TOM@@rvgl@@rvgl, TOM@@spaceship@@screen@@textcopy, TOM@@stove@@epic7@@google, TOM@@supervpn@@vpn@@free@@proxy, TOM@@surfshark@@vpnclient@@android, TOM@@taptap@@global, TOM@@teacapps@@barcodescanner, TOM@@utorrent@@client, TOM@@valvesoftware@@android@@steam@@TOMmunity, TOM@@valvesoftware@@android@@steam@@friendsui, TOM@@vkontakte@@android, TOM@@whatsapp, TOM@@wixsite@@ut_app@@utalarm, TOM@@wuliang@@xapkinstaller, TOM@@xiaoji@@gamesirnsemulator, TOM@@xojot@@vrplayer, cz@@bsc@@rc, free@@vpn@@proxy@@secure, free@@vpn@@unblock@@proxy@@turbovpn, free@@vpnaustralia@@unlimited@@tunnel@@proxy@@secure@@hotspot, jp@@co@@gcgames@@pkalterna, org@@koitharu@@kotatsu, org@@telegram@@messenger, org@@yuzu@@yuzu_emu, pdf@@reader@@pdfviewer@@pdfeditor, ru@@aliexpress@@buyer, ru@@dns@@shop@@android, ru@@farfor, ru@@foodfox@@client, ru@@foodtaxi@@app, ru@@hh@@android, ru@@manzanagroup@@victoria, ru@@napoleonit@@kb, ru@@nspk@@mirpay, ru@@ozon@@app@@android, ru@@pivnoydvor@@mobile, ru@@pyaterochka@@app@@browser, ru@@rosterhit@@app, ru@@sberbankmobile, ru@@tele2@@mytele2, ru@@victoria@@app@@android, ru@@vtb24@@mobilebanking@@android, ru@@yandex@@taxi, ru@@yandex@@translate, ru@@yandex@@yandexmaps, skyline
03-06 00:02:15.662  2775  4302 I OplusAppSwitchStateDispatcher: registerAppSwitchObserver addDynamicListener OK, info = OplusAppSwitchRuleInfo = {  observer = com.oplus.app.IOplusAppSwitchObserver$Stub$Proxy@9b5fbc7 observerFingerPrint = 170340736} rule size =0
03-06 00:02:15.670  2775  2858 D CompatibilityChangeReporter: Compat change id reported: 135634846; UID 10091; state: DISABLED
03-06 00:02:15.670  2775  2858 D CompatibilityChangeReporter: Compat change id reported: 177438394; UID 10091; state: DISABLED
03-06 00:02:15.670  2775  2858 D CompatibilityChangeReporter: Compat change id reported: 135772972; UID 10091; state: DISABLED
03-06 00:02:15.670  2775  2858 D CompatibilityChangeReporter: Compat change id reported: 135754954; UID 10091; state: ENABLED
03-06 00:02:15.670  2775  2850 D CompatibilityChangeReporter: Compat change id reported: 143937733; UID 10091; state: ENABLED
03-06 00:02:15.699  2775  2850 I ActivityManager: Start proc 6309:com.google.android.apps.wellbeing/u0a91 for broadcast {com.google.android.apps.wellbeing/com.google.android.apps.wellbeing.common.receiver.coalescedreceivers.PackageFullyRemovedCoalescedBroadcast_Receiver}
03-06 00:02:15.707  2775  2845 I CompanionDeviceManagerService: Writing associations to disk: []
03-06 00:02:15.729  2775  3998 W OplusSelfProtectManager: pkg[com.android.keychain] not in policy list
03-06 00:02:15.737  2775  6466 D CompatibilityChangeReporter: Compat change id reported: 168419799; UID 10091; state: DISABLED
03-06 00:02:15.752  2775  2858 D CompatibilityChangeReporter: Compat change id reported: 135634846; UID 10059; state: DISABLED
03-06 00:02:15.752  2775  2858 D CompatibilityChangeReporter: Compat change id reported: 177438394; UID 10059; state: DISABLED
03-06 00:02:15.752  2775  2858 D CompatibilityChangeReporter: Compat change id reported: 135772972; UID 10059; state: DISABLED
03-06 00:02:15.752  2775  2858 D CompatibilityChangeReporter: Compat change id reported: 135754954; UID 10059; state: ENABLED
03-06 00:02:15.753  2775  2850 D CompatibilityChangeReporter: Compat change id reported: 143937733; UID 10059; state: ENABLED
03-06 00:02:15.785  2775  2850 I ActivityManager: Start proc 6336:com.google.android.documentsui/u0a59 for broadcast {com.google.android.documentsui/com.android.documentsui.PackageReceiver}
03-06 00:02:15.816  2775  3198 W LoadedApk: System took : 172ms in onReceive of class com.android.server.net.NetworkStatsService$4 for action : android.intent.action.UID_REMOVED
03-06 00:02:15.831  2775  3199 V OplusNPMS: getWarningNotification numWarningNotificaion10
03-06 00:02:15.831  2775  3199 V OplusNPMS: getWarningNotification numWarningNotificaion10
03-06 00:02:15.831  2775  3199 V OplusNPMS: getLimitNotificationState subID=2
03-06 00:02:15.831  2775  3199 V OplusNPMS: getLimitNotificationState mSubidToIccId != null
03-06 00:02:15.840  2775  2858 D CompatibilityChangeReporter: Compat change id reported: 135634846; UID 1000; state: DISABLED
03-06 00:02:15.840  2775  2858 D CompatibilityChangeReporter: Compat change id reported: 177438394; UID 1000; state: DISABLED
03-06 00:02:15.840  2775  2858 D CompatibilityChangeReporter: Compat change id reported: 135772972; UID 1000; state: DISABLED
03-06 00:02:15.841  2775  2858 D CompatibilityChangeReporter: Compat change id reported: 135754954; UID 1000; state: ENABLED
03-06 00:02:15.874  2775  2850 I ActivityManager: Start proc 6378:com.tencent.soter.soterserver/1000 for broadcast {com.tencent.soter.soterserver/com.tencent.soter.soterserver.SoterService$UserAppUninstallReceiver}
03-06 00:02:15.924  2775  2858 D CompatibilityChangeReporter: Compat change id reported: 177438394; UID 10254; state: DISABLED
03-06 00:02:15.924  2775  2858 D CompatibilityChangeReporter: Compat change id reported: 135772972; UID 10254; state: DISABLED
03-06 00:02:15.924  2775  2858 D CompatibilityChangeReporter: Compat change id reported: 135754954; UID 10254; state: ENABLED
03-06 00:02:15.924  2775  2850 D CompatibilityChangeReporter: Compat change id reported: 143937733; UID 10254; state: ENABLED
03-06 00:02:15.956  2775  2850 I ActivityManager: Start proc 6436:com.google.android.videos/u0a254 for broadcast {com.google.android.videos/com.google.android.libraries.social.peoplekit.thirdparty.viewcontrollers.ThirdPartyReceiver}
03-06 00:02:15.979  2775  6466 D CompatibilityChangeReporter: Compat change id reported: 135634846; UID 10054; state: DISABLED
03-06 00:02:15.979  2775  6466 D CompatibilityChangeReporter: Compat change id reported: 177438394; UID 10054; state: DISABLED
03-06 00:02:15.979  2775  6466 D CompatibilityChangeReporter: Compat change id reported: 135772972; UID 10054; state: DISABLED
03-06 00:02:15.979  2775  6466 D CompatibilityChangeReporter: Compat change id reported: 135754954; UID 10054; state: ENABLED
03-06 00:02:15.979  2775  2850 D CompatibilityChangeReporter: Compat change id reported: 143937733; UID 10054; state: ENABLED
03-06 00:02:15.989  2775  5547 D CompatibilityChangeReporter: Compat change id reported: 168419799; UID 10254; state: DISABLED
03-06 00:02:15.992  6336  6336 E OplusCustomizeRestrictionManager: sInstance is null, start a new sInstance
03-06 00:02:16.005  2775  2858 D CompatibilityChangeReporter: Compat change id reported: 177438394; UID 10277; state: DISABLED
03-06 00:02:16.005  2775  2858 D CompatibilityChangeReporter: Compat change id reported: 135772972; UID 10277; state: DISABLED
03-06 00:02:16.005  2775  2858 D CompatibilityChangeReporter: Compat change id reported: 135754954; UID 10277; state: ENABLED
03-06 00:02:16.020  2775  2850 I ActivityManager: Start proc 6467:com.android.providers.downloads/u0a54 for content provider {com.android.providers.downloads/com.android.providers.downloads.DownloadStorageProvider}
03-06 00:02:16.020  2775  2850 D CompatibilityChangeReporter: Compat change id reported: 143937733; UID 10277; state: ENABLED
03-06 00:02:16.064  2775  2850 W ActivityManager: Slow operation: 60ms so far, now at startProcess: returned from zygote!
03-06 00:02:16.069  2775  2850 W ActivityManager: Slow operation: 65ms so far, now at startProcess: done updating battery stats
03-06 00:02:16.069  2775  2850 W ActivityManager: Slow operation: 65ms so far, now at startProcess: building log message
03-06 00:02:16.069  2775  2850 I ActivityManager: Start proc 6514:com.nordvpn.android/u0a277 for broadcast {com.nordvpn.android/com.nordvpn.android.domain.broadcastReceivers.PackageRemovedReceiver}
03-06 00:02:16.069  2775  2850 W ActivityManager: Slow operation: 65ms so far, now at startProcess: starting to update pids map
03-06 00:02:16.069  2775  2850 W ActivityManager: Slow operation: 65ms so far, now at startProcess: done updating pids map
03-06 00:02:16.099  2775  3998 D CompatibilityChangeReporter: Compat change id reported: 168419799; UID 10277; state: DISABLED
03-06 00:02:16.105  2775  2858 D CompatibilityChangeReporter: Compat change id reported: 135634846; UID 10328; state: DISABLED
03-06 00:02:16.105  2775  2858 D CompatibilityChangeReporter: Compat change id reported: 177438394; UID 10328; state: DISABLED
03-06 00:02:16.105  2775  2858 D CompatibilityChangeReporter: Compat change id reported: 135772972; UID 10328; state: DISABLED
03-06 00:02:16.105  2775  2858 D CompatibilityChangeReporter: Compat change id reported: 135754954; UID 10328; state: ENABLED
03-06 00:02:16.106  2775  2850 D CompatibilityChangeReporter: Compat change id reported: 143937733; UID 10328; state: ENABLED
03-06 00:02:16.130  2775  2850 I ActivityManager: Start proc 6551:com.yandex.browser/u0a328 for broadcast {com.yandex.browser/ru.yandex.common.clid.ClidBroadcastReceiver}
03-06 00:02:16.298  2775  6822 D CompatibilityChangeReporter: Compat change id reported: 135634846; UID 10414; state: DISABLED
03-06 00:02:16.299  2775  6822 D CompatibilityChangeReporter: Compat change id reported: 177438394; UID 10414; state: DISABLED
03-06 00:02:16.299  2775  6822 D CompatibilityChangeReporter: Compat change id reported: 135772972; UID 10414; state: DISABLED
03-06 00:02:16.299  2775  6822 D CompatibilityChangeReporter: Compat change id reported: 135754954; UID 10414; state: ENABLED
03-06 00:02:16.300  2775  2850 D CompatibilityChangeReporter: Compat change id reported: 143937733; UID 10414; state: ENABLED
03-06 00:02:16.327  2775  2850 I ActivityManager: Start proc 6594:skyline.purple/u0a414 for content provider {skyline.purple/emu.skyline.provider.DocumentsProvider}
03-06 00:02:16.412  2775  3998 D CompatibilityChangeReporter: Compat change id reported: 168419799; UID 10414; state: DISABLED
03-06 00:02:16.623  2775  3998 D CompatibilityChangeReporter: Compat change id reported: 135634846; UID 10328; state: DISABLED
03-06 00:02:16.623  2775  3998 D CompatibilityChangeReporter: Compat change id reported: 177438394; UID 10328; state: DISABLED
03-06 00:02:16.623  2775  3998 D CompatibilityChangeReporter: Compat change id reported: 135772972; UID 10328; state: DISABLED
03-06 00:02:16.623  2775  3998 D CompatibilityChangeReporter: Compat change id reported: 135754954; UID 10328; state: ENABLED
03-06 00:02:16.624  2775  2850 D CompatibilityChangeReporter: Compat change id reported: 143937733; UID 10328; state: ENABLED
03-06 00:02:16.654  2775  2850 I ActivityManager: Start proc 6734:com.yandex.browser:Metrica/u0a328 for service {com.yandex.browser/com.yandex.metrica.MetricaService}
03-06 00:02:16.710  2775  5547 W PackageManager: package unknown uid 10328 pid 6551 call SetEnabledSetting(com.yandex.browser component = com.yandex.browser.autofill.service.ExternalAutofillService, 1, 0x1, 0)
03-06 00:02:16.721  2775  5547 W PackageManager: package unknown uid 10328 pid 6551 call SetEnabledSetting(com.yandex.browser component = com.yandex.voicereader.service.VoiceReaderService, 1, 0x1, 0)
03-06 00:02:16.721  2775  5547 W PackageManager: package unknown uid 10328 pid 6551 call SetEnabledSetting(com.yandex.browser component = com.yandex.voicereader.service.VoiceReaderMediaButtonReceiver, 1, 0x1, 0)
03-06 00:02:16.767  2775  3998 I ActivityManager: Killing 3337:com.android.vending:instant_app_installer/u0a95 (adj 985): empty #25
03-06 00:02:16.768  2775  3998 I ActivityManager: Killing 3194:com.google.android.tts/u0a134 (adj 985): empty #26
03-06 00:02:16.774  2775  3998 I ActivityManager: Killing 3107:com.google.android.partnersetup/u0a87 (adj 995): empty #27
03-06 00:02:16.791  2775  5547 E OplusCustomizePackageManagerService: getAdbInstallUninstallDisabled start
03-06 00:02:16.821  2775  2899 E OplusBatteryServiceFeature: ICharger getBattPPSChgPower failed, err = android.os.RemoteException: HwBinder Error: (-74)
03-06 00:02:16.821  2775  2899 E OplusBatteryServiceFeature: ICharger getBattPPSChgPower failed, err = android.os.RemoteException: HwBinder Error: (-74)
03-06 00:02:16.842  2775  6822 W PackageManager: package unknown uid 10328 pid 6551 call SetEnabledSetting(com.yandex.browser component = com.yandex.browser.InstallReceiver, 0, 0x1, 0)
03-06 00:02:16.843  2775  5547 D PackageInstallerSessionExtImpl: no pre: undesired name
03-06 00:02:16.843  2775  5547 D OplusInstallAccelerateManager: startAccelerate()
03-06 00:02:16.843  2775  5547 D OplusInstallAccelerateManager: operateCpuBouncingIfNeeded()
03-06 00:02:16.843  2775  5547 D OplusInstallAccelerateManager: originatingPackageName = unknown
03-06 00:02:16.843  2775  5547 D OplusInstallAccelerateManager: initiatingPackageName = unknown
03-06 00:02:16.843  2775  5547 D OplusInstallAccelerateManager: installerPackageName = pc
03-06 00:02:16.843  2775  5547 D OplusInstallAccelerateManager: disableCpuBouncing()
03-06 00:02:16.847  2775  6822 W PackageManager: Cannot suspend package "com.android.launcher": contains the active launcher
03-06 00:02:16.848  2775  2986 D PackageInstallerSessionExtImpl: not get pre-parsed ret
03-06 00:02:16.849  2775  6822 W PackageManager: Cannot suspend package "com.android.vending": required for package verification
03-06 00:02:16.849  2775  6822 W PackageManager: Cannot suspend the platform package: android
03-06 00:02:16.850  2775  6822 W PackageManager: Cannot suspend package "com.android.contacts": is the default dialer
03-06 00:02:16.852  2775  6822 W PackageManager: Cannot suspend package "com.google.android.permissioncontroller": required for permissions management
03-06 00:02:16.853  2775  6822 W PackageManager: Cannot suspend package "com.google.android.packageinstaller": required for package installation
03-06 00:02:16.858  2775  6822 W PackageManager: Could not find package setting for package: com.hms.taskmanager
03-06 00:02:16.956  2775  2901 I PackageManager: Integrity check passed for file:///data/app/vmdl482737951.tmp
03-06 00:02:17.001  2775  3163 D CompatibilityChangeReporter: Compat change id reported: 135634846; UID 10328; state: DISABLED
03-06 00:02:17.002  2775  3163 D CompatibilityChangeReporter: Compat change id reported: 177438394; UID 10328; state: DISABLED
03-06 00:02:17.002  2775  3163 D CompatibilityChangeReporter: Compat change id reported: 135772972; UID 10328; state: DISABLED
03-06 00:02:17.002  2775  3163 D CompatibilityChangeReporter: Compat change id reported: 135754954; UID 10328; state: ENABLED
03-06 00:02:17.003  2775  2850 D CompatibilityChangeReporter: Compat change id reported: 143937733; UID 10328; state: ENABLED
03-06 00:02:17.041  2775  2850 I ActivityManager: Start proc 6872:com.yandex.browser:passport/u0a328 for content provider {com.yandex.browser/com.yandex.passport.internal.provider.InternalProvider}
03-06 00:02:17.076  2775  2988 I ActivityManager: com.android.shell is exempt from freezer
03-06 00:02:17.077  2775  2988 D CompatibilityChangeReporter: Compat change id reported: 135634846; UID 2000; state: DISABLED
03-06 00:02:17.077  2775  2988 D CompatibilityChangeReporter: Compat change id reported: 177438394; UID 2000; state: DISABLED
03-06 00:02:17.077  2775  2988 D CompatibilityChangeReporter: Compat change id reported: 135772972; UID 2000; state: DISABLED
03-06 00:02:17.077  2775  2988 D CompatibilityChangeReporter: Compat change id reported: 135754954; UID 2000; state: ENABLED
03-06 00:02:17.104  2775  2850 I ActivityManager: Start proc 6917:com.android.shell/2000 for content provider {com.android.shell/com.android.shell.BugreportStorageProvider}
03-06 00:02:17.121  2775  2827 D CompatibilityChangeReporter: Compat change id reported: 168419799; UID 2000; state: DISABLED
03-06 00:02:17.245  2775  2858 I ActivityManager: Killing 3487:com.google.android.apps.photos/u0a261 (adj 925): empty #25
03-06 00:02:17.414  2775  2988 D CompatibilityChangeReporter: Compat change id reported: 135634846; UID 10063; state: DISABLED
03-06 00:02:17.415  2775  2988 D CompatibilityChangeReporter: Compat change id reported: 177438394; UID 10063; state: DISABLED
03-06 00:02:17.415  2775  2988 D CompatibilityChangeReporter: Compat change id reported: 135772972; UID 10063; state: DISABLED
03-06 00:02:17.415  2775  2988 D CompatibilityChangeReporter: Compat change id reported: 135754954; UID 10063; state: ENABLED
03-06 00:02:17.415  2775  2850 D CompatibilityChangeReporter: Compat change id reported: 143937733; UID 10063; state: ENABLED
03-06 00:02:17.442  2775  2850 I ActivityManager: Start proc 7073:com.android.traceur/u0a63 for content provider {com.android.traceur/com.android.traceur.StorageProvider}
03-06 00:02:17.466  2775  6466 D CompatibilityChangeReporter: Compat change id reported: 168419799; UID 10063; state: DISABLED
03-06 00:02:17.474  2775  2988 I ActivityManager: Killing 3609:com.google.android.apps.docs/u0a251 (adj 925): empty #25
03-06 00:02:17.480  2775  6466 I ActivityManager: Killing 3644:com.google.android.youtube/u0a142 (adj 975): empty #25
03-06 00:02:17.705  2775  6466 E ContentProviderHelper: ProcessRecord{4159c5e 3609:com.google.android.apps.docs/u0a251} was killed by AM but isn't really dead
03-06 00:02:17.707  2775  6466 W ActivityManager: ProcessRecord{4159c5e 3609:com.google.android.apps.docs/u0a251} is attached to a previous process
03-06 00:02:17.707  2775  6466 W ActivityManager: Existing proc ProcessRecord{4159c5e 3609:com.google.android.apps.docs/u0a251} was killed 231ms ago when adding ProcessRecord{d643a4b 0:com.google.android.apps.docs/u0a251}
03-06 00:02:17.708  2775  2849 I DropBoxManagerService: add tag=system_server_wtf isTagEnabled=true flags=0x2
03-06 00:02:17.708  2775  6466 D CompatibilityChangeReporter: Compat change id reported: 177438394; UID 10251; state: DISABLED
03-06 00:02:17.708  2775  6466 D CompatibilityChangeReporter: Compat change id reported: 135772972; UID 10251; state: DISABLED
03-06 00:02:17.709  2775  6466 D CompatibilityChangeReporter: Compat change id reported: 135754954; UID 10251; state: ENABLED
03-06 00:02:17.715  2775  2849 D DropBoxManagerService: file :: /data/system/dropbox/system_server_wtf@1709676137712.txt
03-06 00:02:17.967  2775  2850 W ActivityManager: Slow operation: 259ms so far, now at startProcess: asking zygote to start proc
03-06 00:02:17.967  2775  2850 D CompatibilityChangeReporter: Compat change id reported: 143937733; UID 10251; state: ENABLED
03-06 00:02:17.976  2775  6529 I ActivityManager: Killing 5062:com.android.chrome:sandboxed_process0:org.chromium.content.app.SandboxedProcessService0:0/u0a135i-9000 (adj 985): empty #25
03-06 00:02:17.981  2775  6529 I ActivityManager: Killing 24708:com.google.process.gapps/u0a96 (adj 985): empty #26
03-06 00:02:17.987  2775  6529 I ActivityManager: Killing 3552:com.google.android.gm/u0a140 (adj 995): empty #27
03-06 00:02:18.014  2775  2850 W ActivityManager: Slow operation: 306ms so far, now at startProcess: returned from zygote!
03-06 00:02:18.015  2775  2850 W ActivityManager: Slow operation: 307ms so far, now at startProcess: done updating battery stats
03-06 00:02:18.015  2775  2850 W ActivityManager: Slow operation: 307ms so far, now at startProcess: building log message
03-06 00:02:18.015  2775  2850 I ActivityManager: Start proc 7164:com.google.android.apps.docs/u0a251 for content provider {com.google.android.apps.docs/com.google.android.apps.docs.common.storagebackend.StorageBackendContentProvider}
03-06 00:02:18.015  2775  2850 W ActivityManager: Slow operation: 308ms so far, now at startProcess: starting to update pids map
03-06 00:02:18.016  2775  2850 W ActivityManager: Slow operation: 308ms so far, now at startProcess: done updating pids map
03-06 00:02:18.045  2775  3163 W ActivityManager: Scheduling restart of crashed service com.android.chrome/org.chromium.content.app.SandboxedProcessService0:0 in 1000ms for connection
03-06 00:02:18.059  2775  3998 D CompatibilityChangeReporter: Compat change id reported: 168419799; UID 10251; state: DISABLED
03-06 00:02:18.144  2775  5913 I ActivityManager: Killing 5275:com.oplus.stdid/1000 (adj 975): empty #25
03-06 00:02:18.223  2775  2901 D OplusPackageInstallInterceptManager: installStage send adb install pkg:com.hms.taskmanager   path: /data/app/vmdl482737951.tmp/base.apk installFlags:5243122
03-06 00:02:18.223  2775  2901 D OplusPackageInstallInterceptManager: the version isn't CN!
03-06 00:02:18.223  2775  2901 D OplusOsPackageManager: needVerifyInstall installerPackageName,pc
03-06 00:02:18.223  2775  2901 D PackageManager: installStage com.hms.taskmanager, dir=/data/app/vmdl482737951.tmp, installerPackageName=pc, installerUid=2000, full=false
03-06 00:02:18.227  2775  2901 D PackageManager: installStage com.hms.taskmanager0
03-06 00:02:18.228  2775  7205 D OplusDexOptimizeManager: Try to protect stablebility exclude install 
03-06 00:02:18.232  2775  2901 D PackageManager: installStage use for0
03-06 00:02:18.232  2775  7206 D OplusDexOptimizeManager: Try to protect stablebility.. 
03-06 00:02:18.251  2775  7205 D OplusDexOptimizeManager: can not detect dex2oat...
03-06 00:02:18.251  2775  7206 D OplusDexOptimizeManager: can not detect dex2oat...
03-06 00:02:18.253  2775  2901 E PackageManager: Fix up user restrict data of pkg: com.hms.taskmanager
03-06 00:02:18.259  2775  2901 I PackageManager: Permission ownership changed. Updating all permissions.
03-06 00:02:18.260  2775  2901 D OplusSensitivePermGrantPolicyManager: allow refined permission com.oppo.permission.safe.SAU for com.coloros.backuprestore
03-06 00:02:18.260  2775  2901 D OplusSensitivePermGrantPolicyManager: allow refined permission oppo.permission.OPPO_COMPONENT_SAFE for com.coloros.backuprestore
03-06 00:02:18.261  2775  2901 D OplusSensitivePermGrantPolicyManager: allow refined permission com.oppo.permission.safe.BACKUP for com.coloros.backuprestore
03-06 00:02:18.261  2775  2901 D OplusSensitivePermGrantPolicyManager: allow refined permission com.oppo.permission.safe.SECURITY for com.coloros.backuprestore
03-06 00:02:18.261  2775  2901 D OplusSensitivePermGrantPolicyManager: allow refined permission com.oplus.permission.safe.PRIVATE for com.coloros.backuprestore
03-06 00:02:18.261  2775  2901 D OplusSensitivePermGrantPolicyManager: allow refined permission com.oplus.permission.safe.BACKUP for com.coloros.backuprestore
03-06 00:02:18.261  2775  2901 D OplusSensitivePermGrantPolicyManager: allow refined permission com.oplus.permission.safe.SECURITY for com.coloros.backuprestore
03-06 00:02:18.261  2775  2901 D OplusSensitivePermGrantPolicyManager: allow refined permission oplus.permission.OPLUS_COMPONENT_SAFE for com.coloros.backuprestore
03-06 00:02:18.261  2775  2901 D OplusSensitivePermGrantPolicyManager: allow refined permission com.oplus.permission.safe.SAU for com.coloros.backuprestore
03-06 00:02:18.261  2775  2901 D OplusSensitivePermGrantPolicyManager: allow refined permission com.oplus.permission.safe.SETTINGS for com.coloros.backuprestore
03-06 00:02:18.261  2775  2901 D OplusSensitivePermGrantPolicyManager: allow refined permission com.oplus.permission.safe.PROTECT for com.coloros.backuprestore
03-06 00:02:18.261  2775  2901 D OplusSensitivePermGrantPolicyManager: allow refined permission com.oplus.permission.safe.APP_MANAGER for com.coloros.backuprestore
03-06 00:02:18.261  2775  2901 D OplusSensitivePermGrantPolicyManager: allow refined permission com.oplus.permission.safe.AI_APP for com.coloros.backuprestore
03-06 00:02:18.261  2775  2901 D OplusSensitivePermGrantPolicyManager: allow refined permission com.oppo.permission.safe.APP_MANAGER for com.coloros.backuprestore
03-06 00:02:18.261  2775  2901 D OplusSensitivePermGrantPolicyManager: allow refined permission com.oppo.permission.safe.PRIVATE for com.coloros.backuprestore
03-06 00:02:18.261  2775  2901 D OplusSensitivePermGrantPolicyManager: allow refined permission com.oppo.permission.safe.AI_APP for com.coloros.backuprestore
03-06 00:02:18.262  2775  2901 D OplusSensitivePermGrantPolicyManager: allow refined permission com.oppo.permission.safe.SETTINGS for com.coloros.backuprestore
03-06 00:02:18.262  2775  2901 D OplusSensitivePermGrantPolicyManager: allow refined permission com.oppo.permission.safe.PROTECT for com.coloros.backuprestore
03-06 00:02:18.263  2775  2901 D OplusSensitivePermGrantPolicyManager: no OplusPermissionKey in com.realme.link
03-06 00:02:18.263  2775  2901 D OplusSensitivePermGrantPolicyManager: no OplusPermissionKey in com.realme.link
03-06 00:02:18.263  2775  2901 D OplusSensitivePermGrantPolicyManager: allow refined permission oplus.permission.OPLUS_COMPONENT_SAFE for com.oplus.smartengine
03-06 00:02:18.263  2775  2901 D OplusSensitivePermGrantPolicyManager: allow refined permission oppo.permission.OPPO_COMPONENT_SAFE for com.oplus.smartengine
03-06 00:02:18.263  2775  2901 D OplusSensitivePermGrantPolicyManager: allow refined permission oppo.permission.OPPO_COMPONENT_SAFE for com.coloros.onekeylockscreen
03-06 00:02:18.263  2775  2901 D OplusSensitivePermGrantPolicyManager: allow refined permission oplus.permission.OPLUS_COMPONENT_SAFE for com.coloros.onekeylockscreen
03-06 00:02:18.265  2775  2901 D OplusSensitivePermGrantPolicyManager: allow refined permission oppo.permission.OPPO_COMPONENT_SAFE for com.coloros.smartsidebar
03-06 00:02:18.265  2775  2901 D OplusSensitivePermGrantPolicyManager: allow refined permission com.oppo.permission.safe.PICTURE for com.coloros.smartsidebar
03-06 00:02:18.265  2775  2901 D OplusSensitivePermGrantPolicyManager: allow refined permission com.oppo.permission.safe.LOG for com.coloros.smartsidebar
03-06 00:02:18.265  2775  2901 D OplusSensitivePermGrantPolicyManager: allow refined permission com.oppo.permission.safe.SAU for com.coloros.smartsidebar
03-06 00:02:18.265  2775  2901 D OplusSensitivePermGrantPolicyManager: allow refined permission com.oppo.permission.safe.SECURITY for com.coloros.smartsidebar
03-06 00:02:18.265  2775  2901 D OplusSensitivePermGrantPolicyManager: allow refined permission com.oplus.permission.safe.SECURITY for com.coloros.smartsidebar
03-06 00:02:18.265  2775  2901 D OplusSensitivePermGrantPolicyManager: allow refined permission com.oppo.permission.safe.APP_MANAGER for com.coloros.smartsidebar
03-06 00:02:18.265  2775  2901 D OplusSensitivePermGrantPolicyManager: allow refined permission oplus.permission.OPLUS_COMPONENT_SAFE for com.coloros.smartsidebar
03-06 00:02:18.265  2775  2901 D OplusSensitivePermGrantPolicyManager: allow refined permission com.oplus.permission.safe.LOG for com.coloros.smartsidebar
03-06 00:02:18.265  2775  2901 D OplusSensitivePermGrantPolicyManager: allow refined permission com.oplus.permission.safe.APP_MANAGER for com.coloros.smartsidebar
03-06 00:02:18.265  2775  2901 D OplusSensitivePermGrantPolicyManager: allow refined permission com.oplus.permission.safe.PICTURE for com.coloros.smartsidebar
03-06 00:02:18.265  2775  2901 D OplusSensitivePermGrantPolicyManager: allow refined permission com.oplus.permission.safe.SAU for com.coloros.smartsidebar
03-06 00:02:18.266  2775  2901 D OplusSensitivePermGrantPolicyManager: allow refined permission oppo.permission.OPPO_COMPONENT_SAFE for com.coloros.karaoke
03-06 00:02:18.266  2775  2901 D OplusSensitivePermGrantPolicyManager: allow refined permission com.oppo.permission.safe.SECURITY for com.coloros.karaoke
03-06 00:02:18.267  2775  2901 D OplusSensitivePermGrantPolicyManager: allow refined permission com.oplus.permission.safe.SECURITY for com.coloros.karaoke
03-06 00:02:18.267  2775  2901 D OplusSensitivePermGrantPolicyManager: allow refined permission oplus.permission.OPLUS_COMPONENT_SAFE for com.coloros.karaoke
03-06 00:02:18.267  2775  2901 D OplusSensitivePermGrantPolicyManager: allow refined permission oplus.permission.OPLUS_COMPONENT_SAFE for com.heytap.music
03-06 00:02:18.267  2775  2901 D OplusSensitivePermGrantPolicyManager: allow refined permission com.oppo.permission.safe.SAU for com.heytap.music
03-06 00:02:18.267  2775  2901 D OplusSensitivePermGrantPolicyManager: allow refined permission com.oplus.permission.safe.SAU for com.heytap.music
03-06 00:02:18.267  2775  2901 D OplusSensitivePermGrantPolicyManager: allow refined permission oppo.permission.OPPO_COMPONENT_SAFE for com.heytap.music
03-06 00:02:18.268  2775  2901 D OplusSensitivePermGrantPolicyManager: allow refined permission oppo.permission.OPPO_COMPONENT_SAFE for com.oppoex.afterservice
03-06 00:02:18.268  2775  2901 D OplusSensitivePermGrantPolicyManager: allow refined permission oplus.permission.OPLUS_COMPONENT_SAFE for com.oppoex.afterservice
03-06 00:02:18.268  2775  2901 D OplusSensitivePermGrantPolicyManager: allow refined permission oppo.permission.OPPO_COMPONENT_SAFE for com.oppo.operationManual
03-06 00:02:18.268  2775  2901 D OplusSensitivePermGrantPolicyManager: allow refined permission oplus.permission.OPLUS_COMPONENT_SAFE for com.oppo.operationManual
03-06 00:02:18.268  2775  2901 D OplusSensitivePermGrantPolicyManager: allow refined permission oplus.permission.OPLUS_COMPONENT_SAFE for com.oplus.screenrecorder
03-06 00:02:18.268  2775  2901 D OplusSensitivePermGrantPolicyManager: allow refined permission com.oplus.permission.safe.SAU for com.oplus.screenrecorder
03-06 00:02:18.268  2775  2901 D OplusSensitivePermGrantPolicyManager: allow refined permission com.oplus.permission.safe.SECURITY for com.oplus.screenrecorder
03-06 00:02:18.268  2775  2901 D OplusSensitivePermGrantPolicyManager: allow refined permission com.oplus.permission.safe.PICTURE for com.oplus.screenrecorder
03-06 00:02:18.269  2775  2901 D OplusSensitivePermGrantPolicyManager: allow refined permission com.oppo.permission.safe.SECURITY for com.oplus.screenrecorder
03-06 00:02:18.269  2775  2901 D OplusSensitivePermGrantPolicyManager: allow refined permission com.oppo.permission.safe.PICTURE for com.oplus.screenrecorder
03-06 00:02:18.269  2775  2901 D OplusSensitivePermGrantPolicyManager: allow refined permission oppo.permission.OPPO_COMPONENT_SAFE for com.oplus.screenrecorder
03-06 00:02:18.269  2775  2901 D OplusSensitivePermGrantPolicyManager: allow refined permission com.oppo.permission.safe.SAU for com.oplus.screenrecorder
03-06 00:02:18.269  2775  2901 D OplusSensitivePermGrantPolicyManager: allow refined permission oppo.permission.OPPO_COMPONENT_SAFE for com.coloros.healthcheck
03-06 00:02:18.269  2775  2901 D OplusSensitivePermGrantPolicyManager: allow refined permission oplus.permission.OPLUS_COMPONENT_SAFE for com.coloros.healthcheck
03-06 00:02:18.269  2775  2901 D OplusSensitivePermGrantPolicyManager: allow refined permission com.oppo.permission.safe.SAU for com.coloros.healthcheck
03-06 00:02:18.269  2775  2901 D OplusSensitivePermGrantPolicyManager: allow refined permission com.oppo.permission.safe.SECURITY for com.coloros.healthcheck
03-06 00:02:18.269  2775  2901 D OplusSensitivePermGrantPolicyManager: allow refined permission com.oppo.permission.safe.SETTINGS for com.coloros.healthcheck
03-06 00:02:18.269  2775  2901 D OplusSensitivePermGrantPolicyManager: allow refined permission com.oplus.permission.safe.SECURITY for com.coloros.healthcheck
03-06 00:02:18.269  2775  2901 D OplusSensitivePermGrantPolicyManager: allow refined permission com.oplus.permission.safe.SAU for com.coloros.healthcheck
03-06 00:02:18.269  2775  2901 D OplusSensitivePermGrantPolicyManager: allow refined permission com.oplus.permission.safe.SETTINGS for com.coloros.healthcheck
03-06 00:02:18.270  2775  2901 D OplusSensitivePermGrantPolicyManager: allow refined permission oppo.permission.OPPO_COMPONENT_SAFE for com.coloros.weather.service
03-06 00:02:18.270  2775  2901 D OplusSensitivePermGrantPolicyManager: allow refined permission com.oppo.permission.safe.SECURITY for com.coloros.weather.service
03-06 00:02:18.270  2775  2901 D OplusSensitivePermGrantPolicyManager: allow refined permission oplus.permission.OPLUS_COMPONENT_SAFE for com.coloros.weather.service
03-06 00:02:18.270  2775  2901 D OplusSensitivePermGrantPolicyManager: allow refined permission com.oplus.permission.safe.SECURITY for com.coloros.weather.service
03-06 00:02:18.270  2775  2901 D OplusSensitivePermGrantPolicyManager: allow refined permission oplus.permission.OPLUS_COMPONENT_SAFE for com.android.providers.downloads
03-06 00:02:18.270  2775  2901 D OplusSensitivePermGrantPolicyManager: allow refined permission oppo.permission.OPPO_COMPONENT_SAFE for com.android.providers.downloads
03-06 00:02:18.271  2775  2901 D OplusSensitivePermGrantPolicyManager: no OplusPermissionKey in ru.mts.mymts
03-06 00:02:18.271  2775  2901 D OplusSensitivePermGrantPolicyManager: no OplusPermissionKey in ru.mts.mymts
03-06 00:02:18.271  2775  2901 D OplusSensitivePermGrantPolicyManager: allow refined permission oplus.permission.OPLUS_COMPONENT_SAFE for com.oplus.interconnectcollectkit
03-06 00:02:18.271  2775  2901 D OplusSensitivePermGrantPolicyManager: allow refined permission com.oplus.permission.safe.LOG for com.oplus.interconnectcollectkit
03-06 00:02:18.271  2775  2901 D OplusSensitivePermGrantPolicyManager: allow refined permission com.oppo.permission.safe.LOG for com.oplus.interconnectcollectkit
03-06 00:02:18.271  2775  2901 D OplusSensitivePermGrantPolicyManager: allow refined permission oppo.permission.OPPO_COMPONENT_SAFE for com.oplus.interconnectcollectkit
03-06 00:02:18.272  2775  2901 D OplusSensitivePermGrantPolicyManager: allow refined permission oplus.permission.OPLUS_COMPONENT_SAFE for com.oplus.apprecover
03-06 00:02:18.272  2775  2901 D OplusSensitivePermGrantPolicyManager: allow refined permission com.oplus.permission.safe.SAU for com.oplus.apprecover
03-06 00:02:18.272  2775  2901 D OplusSensitivePermGrantPolicyManager: allow refined permission com.oplus.permission.safe.SECURITY for com.oplus.apprecover
03-06 00:02:18.272  2775  2901 D OplusSensitivePermGrantPolicyManager: allow refined permission com.oppo.permission.safe.SECURITY for com.oplus.apprecover
03-06 00:02:18.272  2775  2901 D OplusSensitivePermGrantPolicyManager: allow refined permission oppo.permission.OPPO_COMPONENT_SAFE for com.oplus.apprecover
03-06 00:02:18.272  2775  2901 D OplusSensitivePermGrantPolicyManager: allow refined permission com.oppo.permission.safe.SAU for com.oplus.apprecover
03-06 00:02:18.272  2775  2901 D OplusSensitivePermGrantPolicyManager: allow refined permission com.oplus.permission.safe.SECURITY for com.mediatek.omacp
03-06 00:02:18.272  2775  2901 D OplusSensitivePermGrantPolicyManager: allow refined permission oplus.permission.OPLUS_COMPONENT_SAFE for com.mediatek.omacp
03-06 00:02:18.272  2775  2901 D OplusSensitivePermGrantPolicyManager: allow refined permission com.oppo.permission.safe.SECURITY for com.mediatek.omacp
03-06 00:02:18.272  2775  2901 D OplusSensitivePermGrantPolicyManager: allow refined permission oppo.permission.OPPO_COMPONENT_SAFE for com.mediatek.omacp
03-06 00:02:18.273  2775  2901 D OplusSensitivePermGrantPolicyManager: allow refined permission com.oplus.permission.safe.SETTINGS for com.oplus.aod
03-06 00:02:18.273  2775  2901 D OplusSensitivePermGrantPolicyManager: allow refined permission com.oplus.permission.safe.SECURITY for com.oplus.aod
03-06 00:02:18.273  2775  2901 D OplusSensitivePermGrantPolicyManager: allow refined permission com.oplus.permission.safe.SETTINGS_SEARCH for com.oplus.aod
03-06 00:02:18.273  2775  2901 D OplusSensitivePermGrantPolicyManager: allow refined permission com.oplus.permission.safe.KEYGUARD for com.oplus.aod
03-06 00:02:18.273  2775  2901 D OplusSensitivePermGrantPolicyManager: allow refined permission oplus.permission.OPLUS_COMPONENT_SAFE for com.oplus.aod
03-06 00:02:18.273  2775  2901 D OplusSensitivePermGrantPolicyManager: allow refined permission com.oppo.permission.safe.KEYGUARD for com.oplus.aod
03-06 00:02:18.273  2775  2901 D OplusSensitivePermGrantPolicyManager: allow refined permission com.oppo.permission.safe.SECURITY for com.oplus.aod
03-06 00:02:18.273  2775  2901 D OplusSensitivePermGrantPolicyManager: allow refined permission oppo.permission.OPPO_COMPONENT_SAFE for com.oplus.aod
03-06 00:02:18.273  2775  2901 D OplusSensitivePermGrantPolicyManager: allow refined permission com.oppo.permission.safe.SETTINGS_SEARCH for com.oplus.aod
03-06 00:02:18.273  2775  2901 D OplusSensitivePermGrantPolicyManager: allow refined permission com.oppo.permission.safe.SETTINGS for com.oplus.aod
03-06 00:02:18.274  2775  2901 D OplusSensitivePermGrantPolicyManager: allow refined permission com.oplus.permission.safe.SAU for com.oplus.pay
03-06 00:02:18.274  2775  2901 D OplusSensitivePermGrantPolicyManager: allow refined permission com.oppo.permission.safe.SAU for com.oplus.pay
03-06 00:02:18.274  2775  2901 D OplusSensitivePermGrantPolicyManager: allow refined permission oplus.permission.OPLUS_COMPONENT_SAFE for com.oplus.sos
03-06 00:02:18.274  2775  2901 D OplusSensitivePermGrantPolicyManager: allow refined permission com.oplus.permission.safe.SECURITY for com.oplus.sos
03-06 00:02:18.274  2775  2901 D OplusSensitivePermGrantPolicyManager: allow refined permission com.oppo.permission.safe.SAU for com.oplus.sos
03-06 00:02:18.274  2775  2901 D OplusSensitivePermGrantPolicyManager: allow refined permission com.oppo.permission.safe.SECURITY for com.oplus.sos
03-06 00:02:18.274  2775  2901 D OplusSensitivePermGrantPolicyManager: allow refined permission oppo.permission.OPPO_COMPONENT_SAFE for com.oplus.sos
03-06 00:02:18.274  2775  2901 D OplusSensitivePermGrantPolicyManager: allow refined permission com.oplus.permission.safe.SAU for com.oplus.sos
03-06 00:02:18.275  2775  2901 D OplusSensitivePermGrantPolicyManager: allow refined permission oppo.permission.OPPO_COMPONENT_SAFE for com.coloros.systemclone
03-06 00:02:18.275  2775  2901 D OplusSensitivePermGrantPolicyManager: allow refined permission com.oppo.permission.safe.SECURITY for com.coloros.systemclone
03-06 00:02:18.275  2775  2901 D OplusSensitivePermGrantPolicyManager: allow refined permission com.oppo.permission.safe.PASSWORD for com.coloros.systemclone
03-06 00:02:18.275  2775  2901 D OplusSensitivePermGrantPolicyManager: allow refined permission com.oppo.permission.safe.SETTINGS for com.coloros.systemclone
03-06 00:02:18.275  2775  2901 D OplusSensitivePermGrantPolicyManager: allow refined permission com.oppo.permission.safe.SAU for com.coloros.systemclone
03-06 00:02:18.275  2775  2901 D OplusSensitivePermGrantPolicyManager: allow refined permission com.oppo.permission.safe.LOG for com.coloros.systemclone
03-06 00:02:18.275  2775  2901 D OplusSensitivePermGrantPolicyManager: allow refined permission com.oplus.permission.safe.SECURITY for com.coloros.systemclone
03-06 00:02:18.275  2775  2901 D OplusSensitivePermGrantPolicyManager: allow refined permission com.oplus.permission.safe.LOG for com.coloros.systemclone
03-06 00:02:18.275  2775  2901 D OplusSensitivePermGrantPolicyManager: allow refined permission oplus.permission.OPLUS_COMPONENT_SAFE for com.coloros.systemclone
03-06 00:02:18.275  2775  2901 D OplusSensitivePermGrantPolicyManager: allow refined permission com.oplus.permission.safe.SAU for com.coloros.systemclone
03-06 00:02:18.275  2775  2901 D OplusSensitivePermGrantPolicyManager: allow refined permission com.oplus.permission.safe.SETTINGS for com.coloros.systemclone
03-06 00:02:18.275  2775  2901 D OplusSensitivePermGrantPolicyManager: allow refined permission com.oplus.permission.safe.PASSWORD for com.coloros.systemclone
03-06 00:02:18.276  2775  2901 D OplusSensitivePermGrantPolicyManager: allow refined permission oplus.permission.OPLUS_COMPONENT_SAFE for com.oplus.romupdate
03-06 00:02:18.276  2775  2901 D OplusSensitivePermGrantPolicyManager: allow refined permission com.oplus.permission.safe.SECURITY for com.oplus.romupdate
03-06 00:02:18.276  2775  2901 D OplusSensitivePermGrantPolicyManager: allow refined permission com.oppo.permission.safe.SECURITY for com.oplus.romupdate
03-06 00:02:18.276  2775  2901 D OplusSensitivePermGrantPolicyManager: allow refined permission oppo.permission.OPPO_COMPONENT_SAFE for com.oplus.romupdate
03-06 00:02:18.276  2775  2901 D OplusSensitivePermGrantPolicyManager: allow refined permission oppo.permission.OPPO_COMPONENT_SAFE for com.heytap.usercenter
03-06 00:02:18.276  2775  2901 D OplusSensitivePermGrantPolicyManager: allow refined permission com.oplus.permission.safe.SECURITY for com.heytap.usercenter
03-06 00:02:18.276  2775  2901 D OplusSensitivePermGrantPolicyManager: allow refined permission com.oppo.permission.safe.SAU for com.heytap.usercenter
03-06 00:02:18.276  2775  2901 D OplusSensitivePermGrantPolicyManager: allow refined permission oplus.permission.OPLUS_COMPONENT_SAFE for com.heytap.usercenter
03-06 00:02:18.276  2775  2901 D OplusSensitivePermGrantPolicyManager: allow refined permission com.oppo.permission.safe.SECURITY for com.heytap.usercenter
03-06 00:02:18.276  2775  2901 D OplusSensitivePerm