03-05 23:49:44.660  2775  3352 E OplusBatteryServiceFeature: ICharger getBattPPSChgPower failed, err = android.os.RemoteException: HwBinder Error: (-74)
03-05 23:49:49.702  2775  3352 E OplusBatteryServiceFeature: ICharger getBattPPSChgPower failed, err = android.os.RemoteException: HwBinder Error: (-74)
03-05 23:49:49.703  2775  3352 E OplusBatteryServiceFeature: ICharger getBattPPSChgPower failed, err = android.os.RemoteException: HwBinder Error: (-74)
03-05 23:49:54.575  2775  3352 E OplusBatteryServiceFeature: ICharger getBattPPSChgPower failed, err = android.os.RemoteException: HwBinder Error: (-74)
03-05 23:49:54.577  2775  3352 E OplusBatteryServiceFeature: ICharger getBattPPSChgPower failed, err = android.os.RemoteException: HwBinder Error: (-74)
03-05 23:49:54.667  2775  3352 E OplusBatteryServiceFeature: ICharger getBattPPSChgPower failed, err = android.os.RemoteException: HwBinder Error: (-74)
03-05 23:49:54.669  2775  3352 E OplusBatteryServiceFeature: ICharger getBattPPSChgPower failed, err = android.os.RemoteException: HwBinder Error: (-74)
03-05 23:49:59.666  6959  7288 W ContextImpl: Calling a method in the system process without a qualified user: android.app.ContextImpl.bindService:1904 android.content.ContextWrapper.bindService:822 com.heytap.mcs.biz.statistics.agent.OBUSAgent.bindStatisticsApiService:9 com.heytap.mcs.biz.statistics.agent.OBUSAgent.upload:7 com.heytap.mcs.biz.statistics.agent.AgentManager.upload:3 
03-05 23:49:59.674  2775  7102 D CompatibilityChangeReporter: Compat change id reported: 135634846; UID 1000; state: DISABLED
03-05 23:49:59.675  2775  7102 D CompatibilityChangeReporter: Compat change id reported: 177438394; UID 1000; state: DISABLED
03-05 23:49:59.675  2775  7102 D CompatibilityChangeReporter: Compat change id reported: 135772972; UID 1000; state: DISABLED
03-05 23:49:59.675  2775  7102 D CompatibilityChangeReporter: Compat change id reported: 135754954; UID 1000; state: ENABLED
03-05 23:49:59.676  2775  6466 E OplusCustomizeRestrictionManagerService: isBiometricDisabled start
03-05 23:49:59.677  2775  6484 E OplusCustomizeRestrictionManagerService: isBiometricDisabled start
03-05 23:49:59.677  6959  7288 W ContextImpl: Calling a method in the system process without a qualified user: android.app.ContextImpl.startService:1819 android.content.ContextWrapper.startService:786 com.heytap.mcs.service.McsService.g:8 com.heytap.mcs.service.McsService.d:1 com.heytap.mcs.service.McsService$b.run:41 
03-05 23:49:59.701  2775  3352 E OplusBatteryServiceFeature: ICharger getBattPPSChgPower failed, err = android.os.RemoteException: HwBinder Error: (-74)
03-05 23:49:59.702  2775  3352 E OplusBatteryServiceFeature: ICharger getBattPPSChgPower failed, err = android.os.RemoteException: HwBinder Error: (-74)
03-05 23:49:59.715  2775  2850 I ActivityManager: Start proc 1741:com.heytap.mcs.statistics/1000 for service {com.heytap.mcs/com.heytap.mcs.biz.statistics.service.StatisticsApiService}
03-05 23:49:59.746  2775  2850 W ActivityManager: Slow operation: 65ms so far, now at startProcess: returned from zygote!
03-05 23:49:59.747  2775  2850 W ActivityManager: Slow operation: 66ms so far, now at startProcess: done updating battery stats
03-05 23:49:59.747  2775  2850 W ActivityManager: Slow operation: 67ms so far, now at startProcess: building log message
03-05 23:49:59.748  2775  2850 I ActivityManager: Start proc 1777:com.heytap.mcs.appservice/1000 for service {com.heytap.mcs/com.heytap.mcs.biz.appservice.McsSdkService}
03-05 23:49:59.748  2775  2850 W ActivityManager: Slow operation: 67ms so far, now at startProcess: starting to update pids map
03-05 23:49:59.748  2775  2850 W ActivityManager: Slow operation: 67ms so far, now at startProcess: done updating pids map
03-05 23:49:59.757  2775  6484 D CompatibilityChangeReporter: Compat change id reported: 168419799; UID 1000; state: DISABLED
03-05 23:50:04.669  2775  3352 E OplusBatteryServiceFeature: ICharger getBattPPSChgPower failed, err = android.os.RemoteException: HwBinder Error: (-74)
03-05 23:50:04.670  2775  3352 E OplusBatteryServiceFeature: ICharger getBattPPSChgPower failed, err = android.os.RemoteException: HwBinder Error: (-74)
03-05 23:50:04.853  1741  1741 W ContextImpl: Calling a method in the system process without a qualified user: android.app.ContextImpl.startService:1819 android.content.ContextWrapper.startService:786 com.heytap.mcs.biz.statistics.StaticProcessTrackStatusManager.exitCurrentProcess:11 com.heytap.mcs.biz.statistics.StaticProcessTrackStatusManager$1.handleMessage:3 android.os.Handler.dispatchMessage:102 
03-05 23:50:04.909  2775  6466 I ActivityManager: Process com.heytap.mcs.statistics (pid 1741) has died: fg  SVC 
03-05 23:50:04.910  2775  6466 W ContextImpl: Calling a method in the system process without a qualified user: android.app.ContextImpl.sendBroadcast:1175 com.android.server.am.OplusExtraActivityManagerService.setKeyLockModeNormal:51 com.android.server.am.ActivityManagerServiceExtImpl.setKeyLockModeNormal:841 com.android.server.am.ActivityManagerService.appDiedLocked:3389 com.android.server.am.ActivityManagerService$AppDeathRecipient.binderDied:1531 
03-05 23:50:09.699  2775  3352 E OplusBatteryServiceFeature: ICharger getBattPPSChgPower failed, err = android.os.RemoteException: HwBinder Error: (-74)
03-05 23:50:09.700  2775  3352 E OplusBatteryServiceFeature: ICharger getBattPPSChgPower failed, err = android.os.RemoteException: HwBinder Error: (-74)
03-05 23:50:10.866  2775  3352 E OplusBatteryServiceFeature: ICharger getBattPPSChgPower failed, err = android.os.RemoteException: HwBinder Error: (-74)
03-05 23:50:10.867  2775  3352 E OplusBatteryServiceFeature: ICharger getBattPPSChgPower failed, err = android.os.RemoteException: HwBinder Error: (-74)
03-05 23:50:14.655  2775  3352 E OplusBatteryServiceFeature: ICharger getBattPPSChgPower failed, err = android.os.RemoteException: HwBinder Error: (-74)
03-05 23:50:14.657  2775  3352 E OplusBatteryServiceFeature: ICharger getBattPPSChgPower failed, err = android.os.RemoteException: HwBinder Error: (-74)
03-05 23:50:16.833  2775  3352 E OplusBatteryServiceFeature: ICharger getBattPPSChgPower failed, err = android.os.RemoteException: HwBinder Error: (-74)
03-05 23:50:16.834  2775  3352 E OplusBatteryServiceFeature: ICharger getBattPPSChgPower failed, err = android.os.RemoteException: HwBinder Error: (-74)
03-05 23:50:19.706  2775  3352 E OplusBatteryServiceFeature: ICharger getBattPPSChgPower failed, err = android.os.RemoteException: HwBinder Error: (-74)
03-05 23:50:19.707  2775  3352 E OplusBatteryServiceFeature: ICharger getBattPPSChgPower failed, err = android.os.RemoteException: HwBinder Error: (-74)
03-05 23:50:20.014  2775  6484 I ActivityManager: Process com.heytap.mcs.appservice (pid 1777) has died: cch+5 CEM 
03-05 23:50:20.015  2775  6484 W ContextImpl: Calling a method in the system process without a qualified user: android.app.ContextImpl.sendBroadcast:1175 com.android.server.am.OplusExtraActivityManagerService.setKeyLockModeNormal:51 com.android.server.am.ActivityManagerServiceExtImpl.setKeyLockModeNormal:841 com.android.server.am.ActivityManagerService.appDiedLocked:3389 com.android.server.am.ActivityManagerService$AppDeathRecipient.binderDied:1531 
03-05 23:50:22.709  2169  2169 E TLOC    : [TLOCChannel]"Can't receive message due to timeout"
03-05 23:50:22.712  2169  2169 I TLOC    : [ModemComm  ]"Request succeeded for gps engine lock"
03-05 23:50:22.712  2169  2169 D TLOC    : [TLOCChannel] "Going to receive message for TLOCD"
03-05 23:50:22.712  2169  2169 D TLOC    : [TLOCChannel] "wait for message for user TLOCD"
03-05 23:50:22.713  2169  2389 I TLOC    : [Modem      ]"Sending location turned off status to the daemon"
03-05 23:50:22.713  2169  2389 D TLOC    : [TLOCChannel] "TLOCChannel is already initialized"
03-05 23:50:22.713  2169  2389 D TLOC    : [TLOCChannel] "Going to send message to TLOCD"
03-05 23:50:22.713  2169  2389 D TLOC    : [TLOCChannel]" --- message(id:15, size:0) ---> TLOCD"
03-05 23:50:22.713  2169  2169 D TLOC    : [TLOCChannel]" TLOCD <--- message(id:15, size:0) ---"
03-05 23:50:22.713  2169  2169 D TLOC    : [TLOCDaemon ]"Periodic location sampling is disabled"
03-05 23:50:22.713  2169  2169 D TLOC    : [TLOCDaemon ]"The command finished successfully"
03-05 23:50:22.713  2169  2169 D TLOC    : [TLOCDaemon ]"waiting for command"
03-05 23:50:22.713  2169  2169 D TLOC    : [TLOCChannel] "Going to receive message for TLOCD"
03-05 23:50:22.713  2169  2169 D TLOC    : [TLOCChannel] "wait for message for user TLOCD"
03-05 23:50:24.653  2775  3352 E OplusBatteryServiceFeature: ICharger getBattPPSChgPower failed, err = android.os.RemoteException: HwBinder Error: (-74)
03-05 23:50:24.655  2775  3352 E OplusBatteryServiceFeature: ICharger getBattPPSChgPower failed, err = android.os.RemoteException: HwBinder Error: (-74)
03-05 23:50:27.147  2775  3352 E OplusBatteryServiceFeature: ICharger getBattPPSChgPower failed, err = android.os.RemoteException: HwBinder Error: (-74)
03-05 23:50:27.149  2775  3352 E OplusBatteryServiceFeature: ICharger getBattPPSChgPower failed, err = android.os.RemoteException: HwBinder Error: (-74)
03-05 23:50:29.704  2775  3352 E OplusBatteryServiceFeature: ICharger getBattPPSChgPower failed, err = android.os.RemoteException: HwBinder Error: (-74)
03-05 23:50:29.706  2775  3352 E OplusBatteryServiceFeature: ICharger getBattPPSChgPower failed, err = android.os.RemoteException: HwBinder Error: (-74)
03-05 23:50:33.933  2775  2845 I ProcessStatsService: Pruning old procstats: /data/system/procstats/state-2024-03-04-11-00-17.bin
03-05 23:50:34.658  2775  3352 E OplusBatteryServiceFeature: ICharger getBattPPSChgPower failed, err = android.os.RemoteException: HwBinder Error: (-74)
03-05 23:50:34.660  2775  3352 E OplusBatteryServiceFeature: ICharger getBattPPSChgPower failed, err = android.os.RemoteException: HwBinder Error: (-74)
03-05 23:50:39.707  2775  3352 E OplusBatteryServiceFeature: ICharger getBattPPSChgPower failed, err = android.os.RemoteException: HwBinder Error: (-74)
03-05 23:50:39.710  2775  3352 E OplusBatteryServiceFeature: ICharger getBattPPSChgPower failed, err = android.os.RemoteException: HwBinder Error: (-74)
03-05 23:50:43.437  2775  3352 E OplusBatteryServiceFeature: ICharger getBattPPSChgPower failed, err = android.os.RemoteException: HwBinder Error: (-74)
03-05 23:50:43.438  2775  3352 E OplusBatteryServiceFeature: ICharger getBattPPSChgPower failed, err = android.os.RemoteException: HwBinder Error: (-74)
03-05 23:50:44.669  2775  3352 E OplusBatteryServiceFeature: ICharger getBattPPSChgPower failed, err = android.os.RemoteException: HwBinder Error: (-74)
03-05 23:50:44.671  2775  3352 E OplusBatteryServiceFeature: ICharger getBattPPSChgPower failed, err = android.os.RemoteException: HwBinder Error: (-74)
03-05 23:50:49.218  2775  2901 E OplusIconCachesManager: init appIconsCache failed!android.graphics.drawable.AdaptiveIconDrawable cannot be cast to android.graphics.drawable.BitmapDrawable
03-05 23:50:49.696  2775  3352 E OplusBatteryServiceFeature: ICharger getBattPPSChgPower failed, err = android.os.RemoteException: HwBinder Error: (-74)
03-05 23:50:49.696  2775  3352 E OplusBatteryServiceFeature: ICharger getBattPPSChgPower failed, err = android.os.RemoteException: HwBinder Error: (-74)
03-05 23:50:54.658  2775  3352 E OplusBatteryServiceFeature: ICharger getBattPPSChgPower failed, err = android.os.RemoteException: HwBinder Error: (-74)
03-05 23:50:54.659  2775  3352 E OplusBatteryServiceFeature: ICharger getBattPPSChgPower failed, err = android.os.RemoteException: HwBinder Error: (-74)
03-05 23:50:59.698  2775  3352 E OplusBatteryServiceFeature: ICharger getBattPPSChgPower failed, err = android.os.RemoteException: HwBinder Error: (-74)
03-05 23:50:59.700  2775  3352 E OplusBatteryServiceFeature: ICharger getBattPPSChgPower failed, err = android.os.RemoteException: HwBinder Error: (-74)
03-05 23:50:59.736  2775  3352 E OplusBatteryServiceFeature: ICharger getBattPPSChgPower failed, err = android.os.RemoteException: HwBinder Error: (-74)
03-05 23:50:59.736  2775  3352 E OplusBatteryServiceFeature: ICharger getBattPPSChgPower failed, err = android.os.RemoteException: HwBinder Error: (-74)
03-05 23:51:04.655  2775  3352 E OplusBatteryServiceFeature: ICharger getBattPPSChgPower failed, err = android.os.RemoteException: HwBinder Error: (-74)
03-05 23:51:04.658  2775  3352 E OplusBatteryServiceFeature: ICharger getBattPPSChgPower failed, err = android.os.RemoteException: HwBinder Error: (-74)
03-05 23:51:09.711  2775  3352 E OplusBatteryServiceFeature: ICharger getBattPPSChgPower failed, err = android.os.RemoteException: HwBinder Error: (-74)
03-05 23:51:09.713  2775  3352 E OplusBatteryServiceFeature: ICharger getBattPPSChgPower failed, err = android.os.RemoteException: HwBinder Error: (-74)
03-05 23:51:09.961  2775  4291 I OplusCustomizeService: pkg:com.android.systemui isPlatformSigned, return true drectly 
03-05 23:51:10.056  2775  6484 I OplusCustomizeService: pkg:com.android.systemui isPlatformSigned, return true drectly 
03-05 23:51:14.668  2775  3352 E OplusBatteryServiceFeature: ICharger getBattPPSChgPower failed, err = android.os.RemoteException: HwBinder Error: (-74)
03-05 23:51:14.669  2775  3352 E OplusBatteryServiceFeature: ICharger getBattPPSChgPower failed, err = android.os.RemoteException: HwBinder Error: (-74)
03-05 23:51:16.034  2775  3352 E OplusBatteryServiceFeature: ICharger getBattPPSChgPower failed, err = android.os.RemoteException: HwBinder Error: (-74)
03-05 23:51:16.036  2775  3352 E OplusBatteryServiceFeature: ICharger getBattPPSChgPower failed, err = android.os.RemoteException: HwBinder Error: (-74)
03-05 23:51:16.830  2775  3352 E OplusBatteryServiceFeature: ICharger getBattPPSChgPower failed, err = android.os.RemoteException: HwBinder Error: (-74)
03-05 23:51:16.831  2775  3352 E OplusBatteryServiceFeature: ICharger getBattPPSChgPower failed, err = android.os.RemoteException: HwBinder Error: (-74)
03-05 23:51:19.691  2775  3352 E OplusBatteryServiceFeature: ICharger getBattPPSChgPower failed, err = android.os.RemoteException: HwBinder Error: (-74)
03-05 23:51:19.692  2775  3352 E OplusBatteryServiceFeature: ICharger getBattPPSChgPower failed, err = android.os.RemoteException: HwBinder Error: (-74)
03-05 23:51:24.062  2775  6407 D UsageStatsService: User[0] type=0 b=1709675020822 e=1709675484061 cb=1709632894911 ce=1709675418157 disk=0 all=1
03-05 23:51:24.671  2775  3352 E OplusBatteryServiceFeature: ICharger getBattPPSChgPower failed, err = android.os.RemoteException: HwBinder Error: (-74)
03-05 23:51:24.673  2775  3352 E OplusBatteryServiceFeature: ICharger getBattPPSChgPower failed, err = android.os.RemoteException: HwBinder Error: (-74)
03-05 23:51:29.711  2775  3352 E OplusBatteryServiceFeature: ICharger getBattPPSChgPower failed, err = android.os.RemoteException: HwBinder Error: (-74)
03-05 23:51:29.712  2775  3352 E OplusBatteryServiceFeature: ICharger getBattPPSChgPower failed, err = android.os.RemoteException: HwBinder Error: (-74)
03-05 23:51:32.312  2775  3352 E OplusBatteryServiceFeature: ICharger getBattPPSChgPower failed, err = android.os.RemoteException: HwBinder Error: (-74)
03-05 23:51:32.313  2775  3352 E OplusBatteryServiceFeature: ICharger getBattPPSChgPower failed, err = android.os.RemoteException: HwBinder Error: (-74)
03-05 23:51:34.662  2775  3352 E OplusBatteryServiceFeature: ICharger getBattPPSChgPower failed, err = android.os.RemoteException: HwBinder Error: (-74)
03-05 23:51:34.664  2775  3352 E OplusBatteryServiceFeature: ICharger getBattPPSChgPower failed, err = android.os.RemoteException: HwBinder Error: (-74)
03-05 23:51:39.708  2775  3352 E OplusBatteryServiceFeature: ICharger getBattPPSChgPower failed, err = android.os.RemoteException: HwBinder Error: (-74)
03-05 23:51:39.709  2775  3352 E OplusBatteryServiceFeature: ICharger getBattPPSChgPower failed, err = android.os.RemoteException: HwBinder Error: (-74)
03-05 23:51:44.668  2775  3352 E OplusBatteryServiceFeature: ICharger getBattPPSChgPower failed, err = android.os.RemoteException: HwBinder Error: (-74)
03-05 23:51:44.670  2775  3352 E OplusBatteryServiceFeature: ICharger getBattPPSChgPower failed, err = android.os.RemoteException: HwBinder Error: (-74)
03-05 23:51:45.258  2775  2860 D BatteryStatsImplExtImpl: updateDevicePowerDetails
03-05 23:51:45.262  2775  2860 D OplusRpmSubsystemManager: battery drained... 
03-05 23:51:45.262  2775  2860 D OplusRpmSubsystemManager: init...
03-05 23:51:45.268  2775  2860 D BatteryStatsImplExtImpl: PowerDetails: time=2024-03-05-23-51-45, top=com.android.launcher.Launcher, ref_counts=19393, ref_mode=0, brightness=0, refs_per_sec=0.0, modem_txTimeMs=[0, 0, 0, 0, 0], traffic=[0,0,0,0], ctr_drain=[0,0,0,0], rpmstat=null, sap=false, audio=[spk:0, headset:0]
03-05 23:51:45.268  2775  2860 D BatteryStatsImplExtImpl: , modem=[activity:0]
03-05 23:51:45.268  2775  2860 D BatteryStatsImplExtImpl: , endc=0
03-05 23:51:48.620  2775  3352 E OplusBatteryServiceFeature: ICharger getBattPPSChgPower failed, err = android.os.RemoteException: HwBinder Error: (-74)
03-05 23:51:48.622  2775  3352 E OplusBatteryServiceFeature: ICharger getBattPPSChgPower failed, err = android.os.RemoteException: HwBinder Error: (-74)
03-05 23:51:49.707  2775  3352 E OplusBatteryServiceFeature: ICharger getBattPPSChgPower failed, err = android.os.RemoteException: HwBinder Error: (-74)
03-05 23:51:49.708  2775  3352 E OplusBatteryServiceFeature: ICharger getBattPPSChgPower failed, err = android.os.RemoteException: HwBinder Error: (-74)
03-05 23:51:54.669  2775  3352 E OplusBatteryServiceFeature: ICharger getBattPPSChgPower failed, err = android.os.RemoteException: HwBinder Error: (-74)
03-05 23:51:54.670  2775  3352 E OplusBatteryServiceFeature: ICharger getBattPPSChgPower failed, err = android.os.RemoteException: HwBinder Error: (-74)
03-05 23:51:59.709  2775  3352 E OplusBatteryServiceFeature: ICharger getBattPPSChgPower failed, err = android.os.RemoteException: HwBinder Error: (-74)
03-05 23:51:59.710  2775  3352 E OplusBatteryServiceFeature: ICharger getBattPPSChgPower failed, err = android.os.RemoteException: HwBinder Error: (-74)
03-05 23:52:04.668  2775  3352 E OplusBatteryServiceFeature: ICharger getBattPPSChgPower failed, err = android.os.RemoteException: HwBinder Error: (-74)
03-05 23:52:04.669  2775  3352 E OplusBatteryServiceFeature: ICharger getBattPPSChgPower failed, err = android.os.RemoteException: HwBinder Error: (-74)
03-05 23:52:04.911  2775  3352 E OplusBatteryServiceFeature: ICharger getBattPPSChgPower failed, err = android.os.RemoteException: HwBinder Error: (-74)
03-05 23:52:04.913  2775  3352 E OplusBatteryServiceFeature: ICharger getBattPPSChgPower failed, err = android.os.RemoteException: HwBinder Error: (-74)
03-05 23:52:09.709  2775  3352 E OplusBatteryServiceFeature: ICharger getBattPPSChgPower failed, err = android.os.RemoteException: HwBinder Error: (-74)
03-05 23:52:09.711  2775  3352 E OplusBatteryServiceFeature: ICharger getBattPPSChgPower failed, err = android.os.RemoteException: HwBinder Error: (-74)
03-05 23:52:14.669  2775  3352 E OplusBatteryServiceFeature: ICharger getBattPPSChgPower failed, err = android.os.RemoteException: HwBinder Error: (-74)
03-05 23:52:14.671  2775  3352 E OplusBatteryServiceFeature: ICharger getBattPPSChgPower failed, err = android.os.RemoteException: HwBinder Error: (-74)
03-05 23:52:16.830  2775  3352 E OplusBatteryServiceFeature: ICharger getBattPPSChgPower failed, err = android.os.RemoteException: HwBinder Error: (-74)
03-05 23:52:16.832  2775  3352 E OplusBatteryServiceFeature: ICharger getBattPPSChgPower failed, err = android.os.RemoteException: HwBinder Error: (-74)
03-05 23:52:19.711  2775  3352 E OplusBatteryServiceFeature: ICharger getBattPPSChgPower failed, err = android.os.RemoteException: HwBinder Error: (-74)
03-05 23:52:19.713  2775  3352 E OplusBatteryServiceFeature: ICharger getBattPPSChgPower failed, err = android.os.RemoteException: HwBinder Error: (-74)
03-05 23:52:21.190  2775  3352 E OplusBatteryServiceFeature: ICharger getBattPPSChgPower failed, err = android.os.RemoteException: HwBinder Error: (-74)
03-05 23:52:21.192  2775  3352 E OplusBatteryServiceFeature: ICharger getBattPPSChgPower failed, err = android.os.RemoteException: HwBinder Error: (-74)
03-05 23:52:24.676  2775  3352 E OplusBatteryServiceFeature: ICharger getBattPPSChgPower failed, err = android.os.RemoteException: HwBinder Error: (-74)
03-05 23:52:24.678  2775  3352 E OplusBatteryServiceFeature: ICharger getBattPPSChgPower failed, err = android.os.RemoteException: HwBinder Error: (-74)
03-05 23:52:29.725  2775  3352 E OplusBatteryServiceFeature: ICharger getBattPPSChgPower failed, err = android.os.RemoteException: HwBinder Error: (-74)
03-05 23:52:29.726  2775  3352 E OplusBatteryServiceFeature: ICharger getBattPPSChgPower failed, err = android.os.RemoteException: HwBinder Error: (-74)
03-05 23:52:34.287  2775  6466 D DisplayManagerService: Display listener for pid 4889 died.
03-05 23:52:34.290  2775  6484 I ActivityManager: Process com.google.android.gms (pid 4889) has died: cch+15 CEM 
03-05 23:52:34.291  2775  6484 W ContextImpl: Calling a method in the system process without a qualified user: android.app.ContextImpl.sendBroadcast:1175 com.android.server.am.OplusExtraActivityManagerService.setKeyLockModeNormal:51 com.android.server.am.ActivityManagerServiceExtImpl.setKeyLockModeNormal:841 com.android.server.am.ActivityManagerService.appDiedLocked:3389 com.android.server.am.ActivityManagerService$AppDeathRecipient.binderDied:1531 
03-05 23:52:34.667  2775  3352 E OplusBatteryServiceFeature: ICharger getBattPPSChgPower failed, err = android.os.RemoteException: HwBinder Error: (-74)
03-05 23:52:34.669  2775  3352 E OplusBatteryServiceFeature: ICharger getBattPPSChgPower failed, err = android.os.RemoteException: HwBinder Error: (-74)
03-05 23:52:37.492  2775  3352 E OplusBatteryServiceFeature: ICharger getBattPPSChgPower failed, err = android.os.RemoteException: HwBinder Error: (-74)
03-05 23:52:37.493  2775  3352 E OplusBatteryServiceFeature: ICharger getBattPPSChgPower failed, err = android.os.RemoteException: HwBinder Error: (-74)
03-05 23:52:39.712  2775  3352 E OplusBatteryServiceFeature: ICharger getBattPPSChgPower failed, err = android.os.RemoteException: HwBinder Error: (-74)
03-05 23:52:39.714  2775  3352 E OplusBatteryServiceFeature: ICharger getBattPPSChgPower failed, err = android.os.RemoteException: HwBinder Error: (-74)
03-05 23:52:44.655  2775  3352 E OplusBatteryServiceFeature: ICharger getBattPPSChgPower failed, err = android.os.RemoteException: HwBinder Error: (-74)
03-05 23:52:44.657  2775  3352 E OplusBatteryServiceFeature: ICharger getBattPPSChgPower failed, err = android.os.RemoteException: HwBinder Error: (-74)
03-05 23:52:49.698  2775  3352 E OplusBatteryServiceFeature: ICharger getBattPPSChgPower failed, err = android.os.RemoteException: HwBinder Error: (-74)
03-05 23:52:49.699  2775  3352 E OplusBatteryServiceFeature: ICharger getBattPPSChgPower failed, err = android.os.RemoteException: HwBinder Error: (-74)
03-05 23:52:53.770  2775  3352 E OplusBatteryServiceFeature: ICharger getBattPPSChgPower failed, err = android.os.RemoteException: HwBinder Error: (-74)
03-05 23:52:53.771  2775  3352 E OplusBatteryServiceFeature: ICharger getBattPPSChgPower failed, err = android.os.RemoteException: HwBinder Error: (-74)
03-05 23:52:54.658  2775  3352 E OplusBatteryServiceFeature: ICharger getBattPPSChgPower failed, err = android.os.RemoteException: HwBinder Error: (-74)
03-05 23:52:54.660  2775  3352 E OplusBatteryServiceFeature: ICharger getBattPPSChgPower failed, err = android.os.RemoteException: HwBinder Error: (-74)
03-05 23:52:59.710  2775  3352 E OplusBatteryServiceFeature: ICharger getBattPPSChgPower failed, err = android.os.RemoteException: HwBinder Error: (-74)
03-05 23:52:59.712  2775  3352 E OplusBatteryServiceFeature: ICharger getBattPPSChgPower failed, err = android.os.RemoteException: HwBinder Error: (-74)
03-05 23:53:04.655  2775  3352 E OplusBatteryServiceFeature: ICharger getBattPPSChgPower failed, err = android.os.RemoteException: HwBinder Error: (-74)
03-05 23:53:04.656  2775  3352 E OplusBatteryServiceFeature: ICharger getBattPPSChgPower failed, err = android.os.RemoteException: HwBinder Error: (-74)
03-05 23:53:09.701  2775  3352 E OplusBatteryServiceFeature: ICharger getBattPPSChgPower failed, err = android.os.RemoteException: HwBinder Error: (-74)
03-05 23:53:09.703  2775  3352 E OplusBatteryServiceFeature: ICharger getBattPPSChgPower failed, err = android.os.RemoteException: HwBinder Error: (-74)
03-05 23:53:10.062  2775  3352 E OplusBatteryServiceFeature: ICharger getBattPPSChgPower failed, err = android.os.RemoteException: HwBinder Error: (-74)
03-05 23:53:10.063  2775  3352 E OplusBatteryServiceFeature: ICharger getBattPPSChgPower failed, err = android.os.RemoteException: HwBinder Error: (-74)
03-05 23:53:14.652  2775  3352 E OplusBatteryServiceFeature: ICharger getBattPPSChgPower failed, err = android.os.RemoteException: HwBinder Error: (-74)
03-05 23:53:14.653  2775  3352 E OplusBatteryServiceFeature: ICharger getBattPPSChgPower failed, err = android.os.RemoteException: HwBinder Error: (-74)
03-05 23:53:16.830  2775  3352 E OplusBatteryServiceFeature: ICharger getBattPPSChgPower failed, err = android.os.RemoteException: HwBinder Error: (-74)
03-05 23:53:16.832  2775  3352 E OplusBatteryServiceFeature: ICharger getBattPPSChgPower failed, err = android.os.RemoteException: HwBinder Error: (-74)
03-05 23:53:19.705  2775  3352 E OplusBatteryServiceFeature: ICharger getBattPPSChgPower failed, err = android.os.RemoteException: HwBinder Error: (-74)
03-05 23:53:19.706  2775  3352 E OplusBatteryServiceFeature: ICharger getBattPPSChgPower failed, err = android.os.RemoteException: HwBinder Error: (-74)
03-05 23:53:24.062  2775  6407 D UsageStatsService: User[0] type=0 b=1709675020822 e=1709675604061 cb=1709632894911 ce=1709675554298 disk=0 all=1
03-05 23:53:24.648  2775  3352 E OplusBatteryServiceFeature: ICharger getBattPPSChgPower failed, err = android.os.RemoteException: HwBinder Error: (-74)
03-05 23:53:24.650  2775  3352 E OplusBatteryServiceFeature: ICharger getBattPPSChgPower failed, err = android.os.RemoteException: HwBinder Error: (-74)
03-05 23:53:26.353  2775  3352 E OplusBatteryServiceFeature: ICharger getBattPPSChgPower failed, err = android.os.RemoteException: HwBinder Error: (-74)
03-05 23:53:26.354  2775  3352 E OplusBatteryServiceFeature: ICharger getBattPPSChgPower failed, err = android.os.RemoteException: HwBinder Error: (-74)
03-05 23:53:29.692  2775  3352 E OplusBatteryServiceFeature: ICharger getBattPPSChgPower failed, err = android.os.RemoteException: HwBinder Error: (-74)
03-05 23:53:29.694  2775  3352 E OplusBatteryServiceFeature: ICharger getBattPPSChgPower failed, err = android.os.RemoteException: HwBinder Error: (-74)
03-05 23:53:34.663  2775  3352 E OplusBatteryServiceFeature: ICharger getBattPPSChgPower failed, err = android.os.RemoteException: HwBinder Error: (-74)
03-05 23:53:34.665  2775  3352 E OplusBatteryServiceFeature: ICharger getBattPPSChgPower failed, err = android.os.RemoteException: HwBinder Error: (-74)
03-05 23:53:39.699  2775  3352 E OplusBatteryServiceFeature: ICharger getBattPPSChgPower failed, err = android.os.RemoteException: HwBinder Error: (-74)
03-05 23:53:39.701  2775  3352 E OplusBatteryServiceFeature: ICharger getBattPPSChgPower failed, err = android.os.RemoteException: HwBinder Error: (-74)
03-05 23:53:40.858  2775  6466 I OplusCustomizeService: pkg:com.android.systemui isPlatformSigned, return true drectly 
03-05 23:53:40.876  2775  6466 I OplusCustomizeService: pkg:com.android.systemui isPlatformSigned, return true drectly 
03-05 23:53:40.896  2775  6466 I OplusCustomizeService: pkg:com.android.systemui isPlatformSigned, return true drectly 
03-05 23:53:40.899  2775  6484 I OplusCustomizeService: pkg:com.android.systemui isPlatformSigned, return true drectly 
03-05 23:53:40.900  2775  6484 I OplusCustomizeService: pkg:com.android.systemui isPlatformSigned, return true drectly 
03-05 23:53:40.900  2775  6484 E OplusCustomizeRestrictionManagerService: getMobileDataMode error :s == null
03-05 23:53:40.906  2775  6484 I OplusCustomizeService: pkg:com.android.systemui isPlatformSigned, return true drectly 
03-05 23:53:40.908  2775  6484 I OplusCustomizeService: pkg:com.android.systemui isPlatformSigned, return true drectly 
03-05 23:53:40.908  2775  6484 I OplusCustomizeService: pkg:com.android.systemui isPlatformSigned, return true drectly 
03-05 23:53:40.908  2775  6484 E OplusCustomizeRestrictionManagerService: getMobileDataMode error :s == null
03-05 23:53:40.913  2775  6484 I OplusCustomizeService: pkg:com.android.systemui isPlatformSigned, return true drectly 
03-05 23:53:40.914  2775  6484 I OplusCustomizeService: pkg:com.android.systemui isPlatformSigned, return true drectly 
03-05 23:53:40.915  2775  6484 I OplusCustomizeService: pkg:com.android.systemui isPlatformSigned, return true drectly 
03-05 23:53:40.915  2775  6484 E OplusCustomizeRestrictionManagerService: getMobileDataMode error :s == null
03-05 23:53:40.920  2775  6466 I OplusCustomizeService: pkg:com.android.systemui isPlatformSigned, return true drectly 
03-05 23:53:40.924  2775  6466 I OplusCustomizeService: pkg:com.android.systemui isPlatformSigned, return true drectly 
03-05 23:53:40.924  2775  6466 I OplusCustomizeService: pkg:com.android.systemui isPlatformSigned, return true drectly 
03-05 23:53:40.925  2775  6466 E OplusCustomizeRestrictionManagerService: getMobileDataMode error :s == null
03-05 23:53:40.926  2775  6466 I OplusCustomizeService: pkg:com.android.systemui isPlatformSigned, return true drectly 
03-05 23:53:40.927  2775  6466 I OplusCustomizeService: pkg:com.android.systemui isPlatformSigned, return true drectly 
03-05 23:53:40.928  2775  6466 I OplusCustomizeService: pkg:com.android.systemui isPlatformSigned, return true drectly 
03-05 23:53:40.929  2775  6466 I OplusCustomizeService: pkg:com.android.systemui isPlatformSigned, return true drectly 
03-05 23:53:42.655  2775  3352 E OplusBatteryServiceFeature: ICharger getBattPPSChgPower failed, err = android.os.RemoteException: HwBinder Error: (-74)
03-05 23:53:42.657  2775  3352 E OplusBatteryServiceFeature: ICharger getBattPPSChgPower failed, err = android.os.RemoteException: HwBinder Error: (-74)
03-05 23:53:44.659  2775  3352 E OplusBatteryServiceFeature: ICharger getBattPPSChgPower failed, err = android.os.RemoteException: HwBinder Error: (-74)
03-05 23:53:44.660  2775  3352 E OplusBatteryServiceFeature: ICharger getBattPPSChgPower failed, err = android.os.RemoteException: HwBinder Error: (-74)
03-05 23:53:49.699  2775  3352 E OplusBatteryServiceFeature: ICharger getBattPPSChgPower failed, err = android.os.RemoteException: HwBinder Error: (-74)
03-05 23:53:49.700  2775  3352 E OplusBatteryServiceFeature: ICharger getBattPPSChgPower failed, err = android.os.RemoteException: HwBinder Error: (-74)
03-05 23:53:54.670  2775  3352 E OplusBatteryServiceFeature: ICharger getBattPPSChgPower failed, err = android.os.RemoteException: HwBinder Error: (-74)
03-05 23:53:54.672  2775  3352 E OplusBatteryServiceFeature: ICharger getBattPPSChgPower failed, err = android.os.RemoteException: HwBinder Error: (-74)
03-05 23:53:58.937  2775  3352 E OplusBatteryServiceFeature: ICharger getBattPPSChgPower failed, err = android.os.RemoteException: HwBinder Error: (-74)
03-05 23:53:58.939  2775  3352 E OplusBatteryServiceFeature: ICharger getBattPPSChgPower failed, err = android.os.RemoteException: HwBinder Error: (-74)
03-05 23:53:59.706  2775  3352 E OplusBatteryServiceFeature: ICharger getBattPPSChgPower failed, err = android.os.RemoteException: HwBinder Error: (-74)
03-05 23:53:59.708  2775  3352 E OplusBatteryServiceFeature: ICharger getBattPPSChgPower failed, err = android.os.RemoteException: HwBinder Error: (-74)
03-05 23:54:04.648  2775  3352 E OplusBatteryServiceFeature: ICharger getBattPPSChgPower failed, err = android.os.RemoteException: HwBinder Error: (-74)
03-05 23:54:04.649  2775  3352 E OplusBatteryServiceFeature: ICharger getBattPPSChgPower failed, err = android.os.RemoteException: HwBinder Error: (-74)
03-05 23:54:09.695  2775  3352 E OplusBatteryServiceFeature: ICharger getBattPPSChgPower failed, err = android.os.RemoteException: HwBinder Error: (-74)
03-05 23:54:09.696  2775  3352 E OplusBatteryServiceFeature: ICharger getBattPPSChgPower failed, err = android.os.RemoteException: HwBinder Error: (-74)
03-05 23:54:10.020  2775  3154 D CompatibilityChangeReporter: Compat change id reported: 135634846; UID 10096; state: DISABLED
03-05 23:54:10.020  2775  3154 D CompatibilityChangeReporter: Compat change id reported: 177438394; UID 10096; state: DISABLED
03-05 23:54:10.021  2775  3154 D CompatibilityChangeReporter: Compat change id reported: 135772972; UID 10096; state: DISABLED
03-05 23:54:10.021  2775  3154 D CompatibilityChangeReporter: Compat change id reported: 135754954; UID 10096; state: ENABLED
03-05 23:54:10.022  2775  2850 D CompatibilityChangeReporter: Compat change id reported: 143937733; UID 10096; state: ENABLED
03-05 23:54:10.048  2775  6466 E OplusCustomizeRestrictionManagerService: isBiometricDisabled start
03-05 23:54:10.051  2775  5913 E OplusCustomizeRestrictionManagerService: isBiometricDisabled start
03-05 23:54:10.055  2775  3154 D CompatibilityChangeReporter: Compat change id reported: 168419799; UID 10163; state: DISABLED
03-05 23:54:10.064  2775  2850 I ActivityManager: Start proc 1922:com.google.android.gms/u0a96 for service {com.google.android.gms/com.google.android.gms.chimera.GmsIntentOperationService}
03-05 23:54:10.064  2775  2850 W ContextImpl: Calling a method in the system process without a qualified user: android.app.ContextImpl.sendBroadcast:1175 com.android.server.am.OplusAppStartupConfig.sendAbnormalNotify:1199 com.android.server.am.OplusAppStartupConfig.notifyAbnormalInfo:1132 com.android.server.am.OplusAppStartupManager.handleStartAppInfo:5123 com.android.server.am.ProcessListExtImpl.hookHandleProcessStart:250 
03-05 23:54:10.066  2775  3199 V OplusNPMS: getWarningNotification numWarningNotificaion10
03-05 23:54:10.066  2775  3199 V OplusNPMS: getWarningNotification numWarningNotificaion10
03-05 23:54:10.066  2775  3199 V OplusNPMS: getLimitNotificationState subID=2
03-05 23:54:10.066  2775  3199 V OplusNPMS: getLimitNotificationState mSubidToIccId != null
03-05 23:54:10.096  2775  5547 D CompatibilityChangeReporter: Compat change id reported: 171306433; UID 1000; state: ENABLED
03-05 23:54:10.154  2775  5547 I ActivityManager: Process com.oplus.romupdate (pid 28878) has died: fg  SVC 
03-05 23:54:10.154  2775  5547 W ContextImpl: Calling a method in the system process without a qualified user: android.app.ContextImpl.sendBroadcast:1175 com.android.server.am.OplusExtraActivityManagerService.setKeyLockModeNormal:51 com.android.server.am.ActivityManagerServiceExtImpl.setKeyLockModeNormal:841 com.android.server.am.ActivityManagerService.appDiedLocked:3389 com.android.server.am.ActivityManagerService$AppDeathRecipient.binderDied:1531 
03-05 23:54:14.700  2775  3352 E OplusBatteryServiceFeature: ICharger getBattPPSChgPower failed, err = android.os.RemoteException: HwBinder Error: (-74)
03-05 23:54:14.701  2775  3352 E OplusBatteryServiceFeature: ICharger getBattPPSChgPower failed, err = android.os.RemoteException: HwBinder Error: (-74)
03-05 23:54:15.237  2775  3352 E OplusBatteryServiceFeature: ICharger getBattPPSChgPower failed, err = android.os.RemoteException: HwBinder Error: (-74)
03-05 23:54:15.239  2775  3352 E OplusBatteryServiceFeature: ICharger getBattPPSChgPower failed, err = android.os.RemoteException: HwBinder Error: (-74)
03-05 23:54:16.834  2775  3352 E OplusBatteryServiceFeature: ICharger getBattPPSChgPower failed, err = android.os.RemoteException: HwBinder Error: (-74)
03-05 23:54:16.836  2775  3352 E OplusBatteryServiceFeature: ICharger getBattPPSChgPower failed, err = android.os.RemoteException: HwBinder Error: (-74)
03-05 23:54:19.697  2775  3352 E OplusBatteryServiceFeature: ICharger getBattPPSChgPower failed, err = android.os.RemoteException: HwBinder Error: (-74)
03-05 23:54:19.699  2775  3352 E OplusBatteryServiceFeature: ICharger getBattPPSChgPower failed, err = android.os.RemoteException: HwBinder Error: (-74)
03-05 23:54:24.665  2775  3352 E OplusBatteryServiceFeature: ICharger getBattPPSChgPower failed, err = android.os.RemoteException: HwBinder Error: (-74)
03-05 23:54:24.666  2775  3352 E OplusBatteryServiceFeature: ICharger getBattPPSChgPower failed, err = android.os.RemoteException: HwBinder Error: (-74)
03-05 23:54:29.697  2775  3352 E OplusBatteryServiceFeature: ICharger getBattPPSChgPower failed, err = android.os.RemoteException: HwBinder Error: (-74)
03-05 23:54:29.698  2775  3352 E OplusBatteryServiceFeature: ICharger getBattPPSChgPower failed, err = android.os.RemoteException: HwBinder Error: (-74)
03-05 23:54:31.526  2775  3352 E OplusBatteryServiceFeature: ICharger getBattPPSChgPower failed, err = android.os.RemoteException: HwBinder Error: (-74)
03-05 23:54:31.528  2775  3352 E OplusBatteryServiceFeature: ICharger getBattPPSChgPower failed, err = android.os.RemoteException: HwBinder Error: (-74)
03-05 23:54:34.660  2775  3352 E OplusBatteryServiceFeature: ICharger getBattPPSChgPower failed, err = android.os.RemoteException: HwBinder Error: (-74)
03-05 23:54:34.661  2775  3352 E OplusBatteryServiceFeature: ICharger getBattPPSChgPower failed, err = android.os.RemoteException: HwBinder Error: (-74)
03-05 23:54:39.706  2775  3352 E OplusBatteryServiceFeature: ICharger getBattPPSChgPower failed, err = android.os.RemoteException: HwBinder Error: (-74)
03-05 23:54:39.707  2775  3352 E OplusBatteryServiceFeature: ICharger getBattPPSChgPower failed, err = android.os.RemoteException: HwBinder Error: (-74)
03-05 23:54:44.691  2775  3352 E OplusBatteryServiceFeature: ICharger getBattPPSChgPower failed, err = android.os.RemoteException: HwBinder Error: (-74)
03-05 23:54:44.692  2775  3352 E OplusBatteryServiceFeature: ICharger getBattPPSChgPower failed, err = android.os.RemoteException: HwBinder Error: (-74)
03-05 23:54:47.816  2775  3352 E OplusBatteryServiceFeature: ICharger getBattPPSChgPower failed, err = android.os.RemoteException: HwBinder Error: (-74)
03-05 23:54:47.817  2775  3352 E OplusBatteryServiceFeature: ICharger getBattPPSChgPower failed, err = android.os.RemoteException: HwBinder Error: (-74)
03-05 23:54:49.694  2775  3352 E OplusBatteryServiceFeature: ICharger getBattPPSChgPower failed, err = android.os.RemoteException: HwBinder Error: (-74)
03-05 23:54:49.696  2775  3352 E OplusBatteryServiceFeature: ICharger getBattPPSChgPower failed, err = android.os.RemoteException: HwBinder Error: (-74)
03-05 23:54:54.677  2775  3352 E OplusBatteryServiceFeature: ICharger getBattPPSChgPower failed, err = android.os.RemoteException: HwBinder Error: (-74)
03-05 23:54:54.678  2775  3352 E OplusBatteryServiceFeature: ICharger getBattPPSChgPower failed, err = android.os.RemoteException: HwBinder Error: (-74)
03-05 23:54:59.704  2775  3352 E OplusBatteryServiceFeature: ICharger getBattPPSChgPower failed, err = android.os.RemoteException: HwBinder Error: (-74)
03-05 23:54:59.705  2775  3352 E OplusBatteryServiceFeature: ICharger getBattPPSChgPower failed, err = android.os.RemoteException: HwBinder Error: (-74)
03-05 23:55:04.123  2775  3352 E OplusBatteryServiceFeature: ICharger getBattPPSChgPower failed, err = android.os.RemoteException: HwBinder Error: (-74)
03-05 23:55:04.124  2775  3352 E OplusBatteryServiceFeature: ICharger getBattPPSChgPower failed, err = android.os.RemoteException: HwBinder Error: (-74)
03-05 23:55:04.672  2775  3352 E OplusBatteryServiceFeature: ICharger getBattPPSChgPower failed, err = android.os.RemoteException: HwBinder Error: (-74)
03-05 23:55:04.673  2775  3352 E OplusBatteryServiceFeature: ICharger getBattPPSChgPower failed, err = android.os.RemoteException: HwBinder Error: (-74)
03-05 23:55:09.697  2775  3352 E OplusBatteryServiceFeature: ICharger getBattPPSChgPower failed, err = android.os.RemoteException: HwBinder Error: (-74)
03-05 23:55:09.699  2775  3352 E OplusBatteryServiceFeature: ICharger getBattPPSChgPower failed, err = android.os.RemoteException: HwBinder Error: (-74)
03-05 23:55:14.676  2775  3352 E OplusBatteryServiceFeature: ICharger getBattPPSChgPower failed, err = android.os.RemoteException: HwBinder Error: (-74)
03-05 23:55:14.678  2775  3352 E OplusBatteryServiceFeature: ICharger getBattPPSChgPower failed, err = android.os.RemoteException: HwBinder Error: (-74)
03-05 23:55:16.830  2775  3352 E OplusBatteryServiceFeature: ICharger getBattPPSChgPower failed, err = android.os.RemoteException: HwBinder Error: (-74)
03-05 23:55:16.831  2775  3352 E OplusBatteryServiceFeature: ICharger getBattPPSChgPower failed, err = android.os.RemoteException: HwBinder Error: (-74)
03-05 23:55:19.704  2775  3352 E OplusBatteryServiceFeature: ICharger getBattPPSChgPower failed, err = android.os.RemoteException: HwBinder Error: (-74)
03-05 23:55:19.705  2775  3352 E OplusBatteryServiceFeature: ICharger getBattPPSChgPower failed, err = android.os.RemoteException: HwBinder Error: (-74)
03-05 23:55:20.399  2775  3352 E OplusBatteryServiceFeature: ICharger getBattPPSChgPower failed, err = android.os.RemoteException: HwBinder Error: (-74)
03-05 23:55:20.401  2775  3352 E OplusBatteryServiceFeature: ICharger getBattPPSChgPower failed, err = android.os.RemoteException: HwBinder Error: (-74)
03-05 23:55:24.063  2775  6407 D UsageStatsService: User[0] type=0 b=1709675020822 e=1709675724062 cb=1709632894911 ce=1709675650025 disk=0 all=1
03-05 23:55:24.657  2775  3352 E OplusBatteryServiceFeature: ICharger getBattPPSChgPower failed, err = android.os.RemoteException: HwBinder Error: (-74)
03-05 23:55:24.659  2775  3352 E OplusBatteryServiceFeature: ICharger getBattPPSChgPower failed, err = android.os.RemoteException: HwBinder Error: (-74)
03-05 23:55:29.704  2775  3352 E OplusBatteryServiceFeature: ICharger getBattPPSChgPower failed, err = android.os.RemoteException: HwBinder Error: (-74)
03-05 23:55:29.706  2775  3352 E OplusBatteryServiceFeature: ICharger getBattPPSChgPower failed, err = android.os.RemoteException: HwBinder Error: (-74)
03-05 23:55:34.658  2775  3352 E OplusBatteryServiceFeature: ICharger getBattPPSChgPower failed, err = android.os.RemoteException: HwBinder Error: (-74)
03-05 23:55:34.659  2775  3352 E OplusBatteryServiceFeature: ICharger getBattPPSChgPower failed, err = android.os.RemoteException: HwBinder Error: (-74)
03-05 23:55:36.706  2775  3352 E OplusBatteryServiceFeature: ICharger getBattPPSChgPower failed, err = android.os.RemoteException: HwBinder Error: (-74)
03-05 23:55:36.707  2775  3352 E OplusBatteryServiceFeature: ICharger getBattPPSChgPower failed, err = android.os.RemoteException: HwBinder Error: (-74)
03-05 23:55:39.699  2775  3352 E OplusBatteryServiceFeature: ICharger getBattPPSChgPower failed, err = android.os.RemoteException: HwBinder Error: (-74)
03-05 23:55:39.700  2775  3352 E OplusBatteryServiceFeature: ICharger getBattPPSChgPower failed, err = android.os.RemoteException: HwBinder Error: (-74)
03-05 23:55:44.654  2775  3352 E OplusBatteryServiceFeature: ICharger getBattPPSChgPower failed, err = android.os.RemoteException: HwBinder Error: (-74)
03-05 23:55:44.656  2775  3352 E OplusBatteryServiceFeature: ICharger getBattPPSChgPower failed, err = android.os.RemoteException: HwBinder Error: (-74)
03-05 23:55:49.692  2775  3352 E OplusBatteryServiceFeature: ICharger getBattPPSChgPower failed, err = android.os.RemoteException: HwBinder Error: (-74)
03-05 23:55:49.693  2775  3352 E OplusBatteryServiceFeature: ICharger getBattPPSChgPower failed, err = android.os.RemoteException: HwBinder Error: (-74)
03-05 23:55:52.986  2775  3352 E OplusBatteryServiceFeature: ICharger getBattPPSChgPower failed, err = android.os.RemoteException: HwBinder Error: (-74)
03-05 23:55:52.988  2775  3352 E OplusBatteryServiceFeature: ICharger getBattPPSChgPower failed, err = android.os.RemoteException: HwBinder Error: (-74)
03-05 23:55:54.655  2775  3352 E OplusBatteryServiceFeature: ICharger getBattPPSChgPower failed, err = android.os.RemoteException: HwBinder Error: (-74)
03-05 23:55:54.656  2775  3352 E OplusBatteryServiceFeature: ICharger getBattPPSChgPower failed, err = android.os.RemoteException: HwBinder Error: (-74)
03-05 23:55:59.702  2775  3352 E OplusBatteryServiceFeature: ICharger getBattPPSChgPower failed, err = android.os.RemoteException: HwBinder Error: (-74)
03-05 23:55:59.704  2775  3352 E OplusBatteryServiceFeature: ICharger getBattPPSChgPower failed, err = android.os.RemoteException: HwBinder Error: (-74)
03-05 23:56:04.657  2775  3352 E OplusBatteryServiceFeature: ICharger getBattPPSChgPower failed, err = android.os.RemoteException: HwBinder Error: (-74)
03-05 23:56:04.658  2775  3352 E OplusBatteryServiceFeature: ICharger getBattPPSChgPower failed, err = android.os.RemoteException: HwBinder Error: (-74)
03-05 23:56:09.275  2775  3352 E OplusBatteryServiceFeature: ICharger getBattPPSChgPower failed, err = android.os.RemoteException: HwBinder Error: (-74)
03-05 23:56:09.276  2775  3352 E OplusBatteryServiceFeature: ICharger getBattPPSChgPower failed, err = android.os.RemoteException: HwBinder Error: (-74)
03-05 23:56:09.717  2775  3352 E OplusBatteryServiceFeature: ICharger getBattPPSChgPower failed, err = android.os.RemoteException: HwBinder Error: (-74)
03-05 23:56:09.718  2775  3352 E OplusBatteryServiceFeature: ICharger getBattPPSChgPower failed, err = android.os.RemoteException: HwBinder Error: (-74)
03-05 23:56:14.661  2775  3352 E OplusBatteryServiceFeature: ICharger getBattPPSChgPower failed, err = android.os.RemoteException: HwBinder Error: (-74)
03-05 23:56:14.662  2775  3352 E OplusBatteryServiceFeature: ICharger getBattPPSChgPower failed, err = android.os.RemoteException: HwBinder Error: (-74)
03-05 23:56:16.830  2775  3352 E OplusBatteryServiceFeature: ICharger getBattPPSChgPower failed, err = android.os.RemoteException: HwBinder Error: (-74)
03-05 23:56:16.832  2775  3352 E OplusBatteryServiceFeature: ICharger getBattPPSChgPower failed, err = android.os.RemoteException: HwBinder Error: (-74)
03-05 23:56:19.708  2775  3352 E OplusBatteryServiceFeature: ICharger getBattPPSChgPower failed, err = android.os.RemoteException: HwBinder Error: (-74)
03-05 23:56:19.710  2775  3352 E OplusBatteryServiceFeature: ICharger getBattPPSChgPower failed, err = android.os.RemoteException: HwBinder Error: (-74)
03-05 23:56:24.662  2775  3352 E OplusBatteryServiceFeature: ICharger getBattPPSChgPower failed, err = android.os.RemoteException: HwBinder Error: (-74)
03-05 23:56:24.664  2775  3352 E OplusBatteryServiceFeature: ICharger getBattPPSChgPower failed, err = android.os.RemoteException: HwBinder Error: (-74)
03-05 23:56:25.566  2775  3352 E OplusBatteryServiceFeature: ICharger getBattPPSChgPower failed, err = android.os.RemoteException: HwBinder Error: (-74)
03-05 23:56:25.567  2775  3352 E OplusBatteryServiceFeature: ICharger getBattPPSChgPower failed, err = android.os.RemoteException: HwBinder Error: (-74)
03-05 23:56:29.709  2775  3352 E OplusBatteryServiceFeature: ICharger getBattPPSChgPower failed, err = android.os.RemoteException: HwBinder Error: (-74)
03-05 23:56:29.710  2775  3352 E OplusBatteryServiceFeature: ICharger getBattPPSChgPower failed, err = android.os.RemoteException: HwBinder Error: (-74)
03-05 23:56:34.663  2775  3352 E OplusBatteryServiceFeature: ICharger getBattPPSChgPower failed, err = android.os.RemoteException: HwBinder Error: (-74)
03-05 23:56:34.665  2775  3352 E OplusBatteryServiceFeature: ICharger getBattPPSChgPower failed, err = android.os.RemoteException: HwBinder Error: (-74)
03-05 23:56:39.700  2775  3352 E OplusBatteryServiceFeature: ICharger getBattPPSChgPower failed, err = android.os.RemoteException: HwBinder Error: (-74)
03-05 23:56:39.702  2775  3352 E OplusBatteryServiceFeature: ICharger getBattPPSChgPower failed, err = android.os.RemoteException: HwBinder Error: (-74)
03-05 23:56:41.862  2775  3352 E OplusBatteryServiceFeature: ICharger getBattPPSChgPower failed, err = android.os.RemoteException: HwBinder Error: (-74)
03-05 23:56:41.864  2775  3352 E OplusBatteryServiceFeature: ICharger getBattPPSChgPower failed, err = android.os.RemoteException: HwBinder Error: (-74)
03-05 23:56:44.663  2775  3352 E OplusBatteryServiceFeature: ICharger getBattPPSChgPower failed, err = android.os.RemoteException: HwBinder Error: (-74)
03-05 23:56:44.665  2775  3352 E OplusBatteryServiceFeature: ICharger getBattPPSChgPower failed, err = android.os.RemoteException: HwBinder Error: (-74)
03-05 23:56:44.705  2775  2860 D BatteryStatsImplExtImpl: updateDevicePowerDetails
03-05 23:56:44.707  2775  2860 D OplusRpmSubsystemManager: battery drained... 
03-05 23:56:44.707  2775  2860 D OplusRpmSubsystemManager: init...
03-05 23:56:44.711  2775  2860 D BatteryStatsImplExtImpl: PowerDetails: time=2024-03-05-23-56-44, top=com.android.launcher.Launcher, ref_counts=19393, ref_mode=0, brightness=0, refs_per_sec=0.0, modem_txTimeMs=[0, 0, 0, 0, 0], traffic=[0,0,0,0], ctr_drain=[0,0,0,0], rpmstat=null, sap=false, audio=[spk:0, headset:0]
03-05 23:56:44.711  2775  2860 D BatteryStatsImplExtImpl: , modem=[activity:0]
03-05 23:56:44.711  2775  2860 D BatteryStatsImplExtImpl: , endc=0
03-05 23:56:49.710  2775  3352 E OplusBatteryServiceFeature: ICharger getBattPPSChgPower failed, err = android.os.RemoteException: HwBinder Error: (-74)
03-05 23:56:49.712  2775  3352 E OplusBatteryServiceFeature: ICharger getBattPPSChgPower failed, err = android.os.RemoteException: HwBinder Error: (-74)
