03-06 00:02:14.134  2775  2901 D OplusSensitivePermGrantPolicyManager: allow refined permission com.oplus.permission.safe.SAU for com.coloros.phonemanager
03-06 00:02:14.134  2775  2901 D OplusSensitivePermGrantPolicyManager: allow refined permission oppo.permission.OPPO_COMPONENT_SAFE for com.coloros.securepay
03-06 00:02:14.134  2775  2901 D OplusSensitivePermGrantPolicyManager: allow refined permission com.oppo.permission.safe.SECURITY for com.coloros.securepay
03-06 00:02:14.135  2775  2901 D OplusSensitivePermGrantPolicyManager: allow refined permission com.oppo.permission.safe.CONNECTIVITY for com.coloros.securepay
03-06 00:02:14.135  2775  2901 D OplusSensitivePermGrantPolicyManager: allow refined permission com.oplus.permission.safe.CONNECTIVITY for com.coloros.securepay
03-06 00:02:14.135  2775  2901 D OplusSensitivePermGrantPolicyManager: allow refined permission com.oplus.permission.safe.SECURITY for com.coloros.securepay
03-06 00:02:14.135  2775  2901 D OplusSensitivePermGrantPolicyManager: allow refined permission oplus.permission.OPLUS_COMPONENT_SAFE for com.coloros.securepay
03-06 00:02:14.135  2775  2901 D OplusSensitivePermGrantPolicyManager: allow refined permission oppo.permission.OPPO_COMPONENT_SAFE for com.realme.movieshot
03-06 00:02:14.135  2775  2901 D OplusSensitivePermGrantPolicyManager: allow refined permission com.oppo.permission.safe.SECURITY for com.realme.movieshot
03-06 00:02:14.135  2775  2901 D OplusSensitivePermGrantPolicyManager: allow refined permission com.oplus.permission.safe.SECURITY for com.realme.movieshot
03-06 00:02:14.135  2775  2901 D OplusSensitivePermGrantPolicyManager: allow refined permission com.oplus.permission.safe.SAFE_MANAGER for com.realme.movieshot
03-06 00:02:14.135  2775  2901 D OplusSensitivePermGrantPolicyManager: allow refined permission com.oppo.permission.safe.SAFE_MANAGER for com.realme.movieshot
03-06 00:02:14.135  2775  2901 D OplusSensitivePermGrantPolicyManager: allow refined permission oplus.permission.OPLUS_COMPONENT_SAFE for com.realme.movieshot
03-06 00:02:14.135  2775  2901 D OplusSensitivePermGrantPolicyManager: allow refined permission oplus.permission.OPLUS_COMPONENT_SAFE for com.heytap.colorfulengine
03-06 00:02:14.135  2775  2901 D OplusSensitivePermGrantPolicyManager: allow refined permission com.oplus.permission.safe.KEYGUARD for com.heytap.colorfulengine
03-06 00:02:14.135  2775  2901 D OplusSensitivePermGrantPolicyManager: allow refined permission com.oplus.permission.safe.SECURITY for com.heytap.colorfulengine
03-06 00:02:14.136  2775  2901 D OplusSensitivePermGrantPolicyManager: allow refined permission com.oplus.permission.safe.AI_APP for com.heytap.colorfulengine
03-06 00:02:14.136  2775  2901 D OplusSensitivePermGrantPolicyManager: allow refined permission com.oplus.permission.safe.LOG for com.heytap.colorfulengine
03-06 00:02:14.136  2775  2901 D OplusSensitivePermGrantPolicyManager: allow refined permission com.oppo.permission.safe.KEYGUARD for com.heytap.colorfulengine
03-06 00:02:14.136  2775  2901 D OplusSensitivePermGrantPolicyManager: allow refined permission com.oppo.permission.safe.SECURITY for com.heytap.colorfulengine
03-06 00:02:14.136  2775  2901 D OplusSensitivePermGrantPolicyManager: allow refined permission com.oppo.permission.safe.LOG for com.heytap.colorfulengine
03-06 00:02:14.136  2775  2901 D OplusSensitivePermGrantPolicyManager: allow refined permission oppo.permission.OPPO_COMPONENT_SAFE for com.heytap.colorfulengine
03-06 00:02:14.136  2775  2901 D OplusSensitivePermGrantPolicyManager: allow refined permission com.oppo.permission.safe.AI_APP for com.heytap.colorfulengine
03-06 00:02:14.136  2775  2901 D OplusSensitivePermGrantPolicyManager: allow refined permission oplus.permission.OPLUS_COMPONENT_SAFE for com.oplus.blacklistapp
03-06 00:02:14.136  2775  2901 D OplusSensitivePermGrantPolicyManager: allow refined permission com.oplus.permission.safe.SAU for com.oplus.blacklistapp
03-06 00:02:14.136  2775  2901 D OplusSensitivePermGrantPolicyManager: allow refined permission com.oplus.permission.safe.SECURITY for com.oplus.blacklistapp
03-06 00:02:14.136  2775  2901 D OplusSensitivePermGrantPolicyManager: allow refined permission com.oppo.permission.safe.SECURITY for com.oplus.blacklistapp
03-06 00:02:14.136  2775  2901 D OplusSensitivePermGrantPolicyManager: allow refined permission oppo.permission.OPPO_COMPONENT_SAFE for com.oplus.blacklistapp
03-06 00:02:14.136  2775  2901 D OplusSensitivePermGrantPolicyManager: allow refined permission com.oppo.permission.safe.SAU for com.oplus.blacklistapp
03-06 00:02:14.139  2775  2901 D OplusSensitivePermGrantPolicyManager: allow refined permission oplus.permission.OPLUS_COMPONENT_SAFE for com.oplus.multiapp
03-06 00:02:14.139  2775  2901 D OplusSensitivePermGrantPolicyManager: allow refined permission com.oplus.permission.safe.PROTECT for com.oplus.multiapp
03-06 00:02:14.139  2775  2901 D OplusSensitivePermGrantPolicyManager: allow refined permission oppo.permission.OPPO_COMPONENT_SAFE for com.oplus.multiapp
03-06 00:02:14.139  2775  2901 D OplusSensitivePermGrantPolicyManager: allow refined permission com.oppo.permission.safe.PROTECT for com.oplus.multiapp
03-06 00:02:14.139  2775  2901 D OplusSensitivePermGrantPolicyManager: no OplusPermissionKey in com.oplus.portrait
03-06 00:02:14.139  2775  2901 D OplusSensitivePermGrantPolicyManager: allow refined permission oplus.permission.OPLUS_COMPONENT_SAFE for com.oplus.portrait
03-06 00:02:14.139  2775  2901 D OplusSensitivePermGrantPolicyManager: allow refined permission oppo.permission.OPPO_COMPONENT_SAFE for com.oplus.portrait
03-06 00:02:14.139  2775  2901 D OplusSensitivePermGrantPolicyManager: no OplusPermissionKey in com.oplus.portrait
03-06 00:02:14.140  2775  2901 D OplusSensitivePermGrantPolicyManager: allow refined permission oppo.permission.OPPO_COMPONENT_SAFE for com.coloros.video
03-06 00:02:14.140  2775  2901 D OplusSensitivePermGrantPolicyManager: allow refined permission oplus.permission.OPLUS_COMPONENT_SAFE for com.coloros.video
03-06 00:02:14.140  2775  2901 D OplusSensitivePermGrantPolicyManager: allow refined permission com.oppo.permission.safe.SECURITY for com.coloros.video
03-06 00:02:14.140  2775  2901 D OplusSensitivePermGrantPolicyManager: allow refined permission com.oplus.permission.safe.CONNECTIVITY for com.coloros.video
03-06 00:02:14.140  2775  2901 D OplusSensitivePermGrantPolicyManager: allow refined permission com.oppo.permission.safe.SAU for com.coloros.video
03-06 00:02:14.140  2775  2901 D OplusSensitivePermGrantPolicyManager: allow refined permission com.oppo.permission.safe.CONNECTIVITY for com.coloros.video
03-06 00:02:14.140  2775  2901 D OplusSensitivePermGrantPolicyManager: allow refined permission com.oplus.permission.safe.SECURITY for com.coloros.video
03-06 00:02:14.140  2775  2901 D OplusSensitivePermGrantPolicyManager: allow refined permission com.oplus.permission.safe.SAU for com.coloros.video
03-06 00:02:14.140  2775  2901 D OplusSensitivePermGrantPolicyManager: allow refined permission com.oplus.permission.safe.SETTINGS for com.heytap.accessory
03-06 00:02:14.140  2775  2901 D OplusSensitivePermGrantPolicyManager: allow refined permission oplus.permission.OPLUS_COMPONENT_SAFE for com.heytap.accessory
03-06 00:02:14.140  2775  2901 D OplusSensitivePermGrantPolicyManager: allow refined permission com.oplus.permission.safe.SAU for com.heytap.accessory
03-06 00:02:14.140  2775  2901 D OplusSensitivePermGrantPolicyManager: allow refined permission com.oplus.permission.safe.PERSISTENT for com.heytap.accessory
03-06 00:02:14.140  2775  2901 D OplusSensitivePermGrantPolicyManager: allow refined permission com.oplus.permission.safe.SECURITY for com.heytap.accessory
03-06 00:02:14.140  2775  2901 D OplusSensitivePermGrantPolicyManager: allow refined permission com.oplus.permission.safe.IOT for com.heytap.accessory
03-06 00:02:14.140  2775  2901 D OplusSensitivePermGrantPolicyManager: allow refined permission com.oplus.permission.safe.BLUETOOTH for com.heytap.accessory
03-06 00:02:14.141  2775  2901 D OplusSensitivePermGrantPolicyManager: allow refined permission com.oplus.permission.safe.SETTINGS_SEARCH for com.heytap.accessory
03-06 00:02:14.141  2775  2901 D OplusSensitivePermGrantPolicyManager: allow refined permission com.oplus.permission.safe.CONNECTIVITY for com.heytap.accessory
03-06 00:02:14.141  2775  2901 D OplusSensitivePermGrantPolicyManager: allow refined permission com.oppo.permission.safe.IOT for com.heytap.accessory
03-06 00:02:14.141  2775  2901 D OplusSensitivePermGrantPolicyManager: allow refined permission com.oppo.permission.safe.CONNECTIVITY for com.heytap.accessory
03-06 00:02:14.141  2775  2901 D OplusSensitivePermGrantPolicyManager: allow refined permission com.oppo.permission.safe.PERSISTENT for com.heytap.accessory
03-06 00:02:14.141  2775  2901 D OplusSensitivePermGrantPolicyManager: allow refined permission com.oppo.permission.safe.SECURITY for com.heytap.accessory
03-06 00:02:14.141  2775  2901 D OplusSensitivePermGrantPolicyManager: allow refined permission com.oppo.permission.safe.BLUETOOTH for com.heytap.accessory
03-06 00:02:14.141  2775  2901 D OplusSensitivePermGrantPolicyManager: allow refined permission oppo.permission.OPPO_COMPONENT_SAFE for com.heytap.accessory
03-06 00:02:14.141  2775  2901 D OplusSensitivePermGrantPolicyManager: allow refined permission com.oppo.permission.safe.SETTINGS_SEARCH for com.heytap.accessory
03-06 00:02:14.141  2775  2901 D OplusSensitivePermGrantPolicyManager: allow refined permission com.oppo.permission.safe.SAU for com.heytap.accessory
03-06 00:02:14.141  2775  2901 D OplusSensitivePermGrantPolicyManager: allow refined permission com.oppo.permission.safe.SETTINGS for com.heytap.accessory
03-06 00:02:14.141  2775  2901 D OplusSensitivePermGrantPolicyManager: allow refined permission com.oppo.permission.safe.CONNECTIVITY for com.coloros.filemanager
03-06 00:02:14.141  2775  2901 D OplusSensitivePermGrantPolicyManager: allow refined permission com.oplus.permission.safe.CONNECTIVITY for com.coloros.filemanager
03-06 00:02:14.141  2775  2901 D OplusSensitivePermGrantPolicyManager: allow refined permission oppo.permission.OPPO_COMPONENT_SAFE for com.coloros.filemanager
03-06 00:02:14.142  2775  2901 D OplusSensitivePermGrantPolicyManager: allow refined permission com.oppo.permission.safe.SAU for com.coloros.filemanager
03-06 00:02:14.142  2775  2901 D OplusSensitivePermGrantPolicyManager: allow refined permission com.oppo.permission.safe.PRIVATE for com.coloros.filemanager
03-06 00:02:14.142  2775  2901 D OplusSensitivePermGrantPolicyManager: allow refined permission com.oppo.permission.safe.SECURITY for com.coloros.filemanager
03-06 00:02:14.142  2775  2901 D OplusSensitivePermGrantPolicyManager: allow refined permission com.oplus.permission.safe.SECURITY for com.coloros.filemanager
03-06 00:02:14.142  2775  2901 D OplusSensitivePermGrantPolicyManager: allow refined permission com.oplus.permission.safe.APP_MANAGER for com.coloros.filemanager
03-06 00:02:14.142  2775  2901 D OplusSensitivePermGrantPolicyManager: allow refined permission com.oplus.permission.safe.AUTHENTICATE for com.coloros.filemanager
03-06 00:02:14.142  2775  2901 D OplusSensitivePermGrantPolicyManager: allow refined permission oplus.permission.OPLUS_COMPONENT_SAFE for com.coloros.filemanager
03-06 00:02:14.142  2775  2901 D OplusSensitivePermGrantPolicyManager: allow refined permission com.oppo.permission.safe.APP_MANAGER for com.coloros.filemanager
03-06 00:02:14.142  2775  2901 D OplusSensitivePermGrantPolicyManager: allow refined permission com.oplus.permission.safe.PRIVATE for com.coloros.filemanager
03-06 00:02:14.142  2775  2901 D OplusSensitivePermGrantPolicyManager: allow refined permission com.oplus.permission.safe.SAU for com.coloros.filemanager
03-06 00:02:14.142  2775  2901 D OplusSensitivePermGrantPolicyManager: allow refined permission com.oppo.permission.safe.AUTHENTICATE for com.coloros.filemanager
03-06 00:02:14.143  2775  2901 D OplusSensitivePermGrantPolicyManager: allow refined permission oppo.permission.OPPO_COMPONENT_SAFE for com.coloros.soundrecorder
03-06 00:02:14.143  2775  2901 D OplusSensitivePermGrantPolicyManager: allow refined permission oplus.permission.OPLUS_COMPONENT_SAFE for com.coloros.soundrecorder
03-06 00:02:14.143  2775  2901 D OplusSensitivePermGrantPolicyManager: allow refined permission com.oppo.permission.safe.SAU for com.coloros.soundrecorder
03-06 00:02:14.143  2775  2901 D OplusSensitivePermGrantPolicyManager: allow refined permission com.oplus.permission.safe.SAU for com.coloros.soundrecorder
03-06 00:02:14.143  2775  2901 D OplusSensitivePermGrantPolicyManager: allow refined permission com.oppo.permission.safe.PRIVATE for com.coloros.soundrecorder
03-06 00:02:14.143  2775  2901 D OplusSensitivePermGrantPolicyManager: allow refined permission com.oplus.permission.safe.PRIVATE for com.coloros.soundrecorder
03-06 00:02:14.146  2775  2901 D OplusSensitivePermGrantPolicyManager: allow refined permission oplus.permission.OPLUS_COMPONENT_SAFE for com.oplus.cast
03-06 00:02:14.146  2775  2901 D OplusSensitivePermGrantPolicyManager: allow refined permission com.oplus.permission.safe.SECURITY for com.oplus.cast
03-06 00:02:14.146  2775  2901 D OplusSensitivePermGrantPolicyManager: allow refined permission com.oplus.permission.safe.PROTECT for com.oplus.cast
03-06 00:02:14.146  2775  2901 D OplusSensitivePermGrantPolicyManager: allow refined permission com.oplus.permission.safe.CONNECTIVITY for com.oplus.cast
03-06 00:02:14.146  2775  2901 D OplusSensitivePermGrantPolicyManager: allow refined permission com.oplus.permission.safe.APP_MANAGER for com.oplus.cast
03-06 00:02:14.146  2775  2901 D OplusSensitivePermGrantPolicyManager: allow refined permission com.oppo.permission.safe.CONNECTIVITY for com.oplus.cast
03-06 00:02:14.146  2775  2901 D OplusSensitivePermGrantPolicyManager: allow refined permission com.oppo.permission.safe.SECURITY for com.oplus.cast
03-06 00:02:14.146  2775  2901 D OplusSensitivePermGrantPolicyManager: allow refined permission com.oppo.permission.safe.APP_MANAGER for com.oplus.cast
03-06 00:02:14.146  2775  2901 D OplusSensitivePermGrantPolicyManager: allow refined permission oppo.permission.OPPO_COMPONENT_SAFE for com.oplus.cast
03-06 00:02:14.146  2775  2901 D OplusSensitivePermGrantPolicyManager: allow refined permission com.oppo.permission.safe.PROTECT for com.oplus.cast
03-06 00:02:14.146  2775  2901 D OplusSensitivePermGrantPolicyManager: allow refined permission oplus.permission.OPLUS_COMPONENT_SAFE for com.oplus.cosa
03-06 00:02:14.146  2775  2901 D OplusSensitivePermGrantPolicyManager: allow refined permission com.oplus.permission.safe.PERSISTENT for com.oplus.cosa
03-06 00:02:14.146  2775  2901 D OplusSensitivePermGrantPolicyManager: allow refined permission com.oplus.permission.safe.SECURITY for com.oplus.cosa
03-06 00:02:14.146  2775  2901 D OplusSensitivePermGrantPolicyManager: allow refined permission com.oplus.permission.safe.GAME for com.oplus.cosa
03-06 00:02:14.146  2775  2901 D OplusSensitivePermGrantPolicyManager: allow refined permission com.oplus.permission.safe.LOG for com.oplus.cosa
03-06 00:02:14.146  2775  2901 D OplusSensitivePermGrantPolicyManager: allow refined permission com.oplus.permission.safe.SETTINGS for com.oplus.cosa
03-06 00:02:14.146  2775  2901 D OplusSensitivePermGrantPolicyManager: allow refined permission com.oppo.permission.safe.PERSISTENT for com.oplus.cosa
03-06 00:02:14.146  2775  2901 D OplusSensitivePermGrantPolicyManager: allow refined permission com.oppo.permission.safe.SECURITY for com.oplus.cosa
03-06 00:02:14.147  2775  2901 D OplusSensitivePermGrantPolicyManager: allow refined permission com.oppo.permission.safe.LOG for com.oplus.cosa
03-06 00:02:14.147  2775  2901 D OplusSensitivePermGrantPolicyManager: allow refined permission oppo.permission.OPPO_COMPONENT_SAFE for com.oplus.cosa
03-06 00:02:14.147  2775  2901 D OplusSensitivePermGrantPolicyManager: allow refined permission com.oppo.permission.safe.GAME for com.oplus.cosa
03-06 00:02:14.147  2775  2901 D OplusSensitivePermGrantPolicyManager: allow refined permission com.oppo.permission.safe.SETTINGS for com.oplus.cosa
03-06 00:02:14.147  2775  2901 D OplusSensitivePermGrantPolicyManager: allow refined permission oplus.permission.OPLUS_COMPONENT_SAFE for com.oplus.cota
03-06 00:02:14.147  2775  2901 D OplusSensitivePermGrantPolicyManager: allow refined permission com.oplus.permission.safe.WINDOW for com.oplus.cota
03-06 00:02:14.147  2775  2901 D OplusSensitivePermGrantPolicyManager: allow refined permission com.oplus.permission.safe.SECURITY for com.oplus.cota
03-06 00:02:14.147  2775  2901 D OplusSensitivePermGrantPolicyManager: allow refined permission com.oppo.permission.safe.SECURITY for com.oplus.cota
03-06 00:02:14.147  2775  2901 D OplusSensitivePermGrantPolicyManager: allow refined permission oppo.permission.OPPO_COMPONENT_SAFE for com.oplus.cota
03-06 00:02:14.147  2775  2901 D OplusSensitivePermGrantPolicyManager: allow refined permission oplus.permission.OPLUS_COMPONENT_SAFE for com.oplus.onet
03-06 00:02:14.147  2775  2901 D OplusSensitivePermGrantPolicyManager: allow refined permission com.oplus.permission.safe.PERSISTENT for com.oplus.onet
03-06 00:02:14.147  2775  2901 D OplusSensitivePermGrantPolicyManager: allow refined permission com.oplus.permission.safe.SETTINGS for com.oplus.onet
03-06 00:02:14.147  2775  2901 D OplusSensitivePermGrantPolicyManager: allow refined permission com.oplus.permission.safe.SECURITY for com.oplus.onet
03-06 00:02:14.148  2775  2901 D OplusSensitivePermGrantPolicyManager: allow refined permission com.oplus.permission.safe.IOT for com.oplus.onet
03-06 00:02:14.148  2775  2901 D OplusSensitivePermGrantPolicyManager: allow refined permission com.oppo.permission.safe.IOT for com.oplus.onet
03-06 00:02:14.148  2775  2901 D OplusSensitivePermGrantPolicyManager: allow refined permission com.oppo.permission.safe.PERSISTENT for com.oplus.onet
03-06 00:02:14.148  2775  2901 D OplusSensitivePermGrantPolicyManager: allow refined permission com.oppo.permission.safe.SECURITY for com.oplus.onet
03-06 00:02:14.148  2775  2901 D OplusSensitivePermGrantPolicyManager: allow refined permission oppo.permission.OPPO_COMPONENT_SAFE for com.oplus.onet
03-06 00:02:14.148  2775  2901 D OplusSensitivePermGrantPolicyManager: allow refined permission com.oppo.permission.safe.SETTINGS for com.oplus.onet
03-06 00:02:14.148  2775  2901 D OplusSensitivePermGrantPolicyManager: allow refined permission oplus.permission.OPLUS_COMPONENT_SAFE for com.oplus.camera
03-06 00:02:14.148  2775  2901 D OplusSensitivePermGrantPolicyManager: allow refined permission com.oplus.permission.safe.SECURITY for com.oplus.camera
03-06 00:02:14.148  2775  2901 D OplusSensitivePermGrantPolicyManager: allow refined permission com.oplus.permission.safe.SAU for com.oplus.camera
03-06 00:02:14.148  2775  2901 D OplusSensitivePermGrantPolicyManager: allow refined permission com.oplus.permission.safe.PHONE for com.oplus.camera
03-06 00:02:14.148  2775  2901 D OplusSensitivePermGrantPolicyManager: allow refined permission com.oplus.permission.safe.PRIVATE for com.oplus.camera
03-06 00:02:14.149  2775  2901 D OplusSensitivePermGrantPolicyManager: allow refined permission com.oppo.permission.safe.PHONE for com.oplus.camera
03-06 00:02:14.149  2775  2901 D OplusSensitivePermGrantPolicyManager: allow refined permission com.oppo.permission.safe.SECURITY for com.oplus.camera
03-06 00:02:14.149  2775  2901 D OplusSensitivePermGrantPolicyManager: allow refined permission com.oppo.permission.safe.PRIVATE for com.oplus.camera
03-06 00:02:14.149  2775  2901 D OplusSensitivePermGrantPolicyManager: allow refined permission oppo.permission.OPPO_COMPONENT_SAFE for com.oplus.camera
03-06 00:02:14.149  2775  2901 D OplusSensitivePermGrantPolicyManager: allow refined permission com.oppo.permission.safe.SAU for com.oplus.camera
03-06 00:02:14.149  2775  2901 D OplusSensitivePermGrantPolicyManager: allow refined permission com.oplus.permission.safe.APP_MANAGER for com.oppo.quicksearchbox
03-06 00:02:14.149  2775  2901 D OplusSensitivePermGrantPolicyManager: allow refined permission com.oppo.permission.safe.APP_MANAGER for com.oppo.quicksearchbox
03-06 00:02:14.149  2775  2901 D OplusSensitivePermGrantPolicyManager: allow refined permission oplus.permission.OPLUS_COMPONENT_SAFE for com.oppo.quicksearchbox
03-06 00:02:14.149  2775  2901 D OplusSensitivePermGrantPolicyManager: allow refined permission oppo.permission.OPPO_COMPONENT_SAFE for com.oppo.quicksearchbox
03-06 00:02:14.149  2775  2901 D OplusSensitivePermGrantPolicyManager: allow refined permission com.oplus.permission.safe.SECURITY for com.oppo.quicksearchbox
03-06 00:02:14.149  2775  2901 D OplusSensitivePermGrantPolicyManager: allow refined permission com.oppo.permission.safe.SECURITY for com.oppo.quicksearchbox
03-06 00:02:14.149  2775  2901 D OplusSensitivePermGrantPolicyManager: allow refined permission com.oplus.permission.safe.SETTINGS for com.oppo.quicksearchbox
03-06 00:02:14.149  2775  2901 D OplusSensitivePermGrantPolicyManager: allow refined permission com.oppo.permission.safe.SETTINGS for com.oppo.quicksearchbox
03-06 00:02:14.149  2775  2901 D OplusSensitivePermGrantPolicyManager: allow refined permission com.oplus.permission.safe.LOG for com.oppo.quicksearchbox
03-06 00:02:14.149  2775  2901 D OplusSensitivePermGrantPolicyManager: allow refined permission com.oppo.permission.safe.LOG for com.oppo.quicksearchbox
03-06 00:02:14.149  2775  2901 D OplusSensitivePermGrantPolicyManager: allow refined permission com.oppo.permission.safe.SAU for com.oppo.quicksearchbox
03-06 00:02:14.149  2775  2901 D OplusSensitivePermGrantPolicyManager: allow refined permission com.oplus.permission.safe.SAU for com.oppo.quicksearchbox
03-06 00:02:14.151  2775  2901 D OplusSensitivePermGrantPolicyManager: allow refined permission oplus.permission.OPLUS_COMPONENT_SAFE for com.oplus.phonenoareainquire
03-06 00:02:14.151  2775  2901 D OplusSensitivePermGrantPolicyManager: allow refined permission com.oplus.permission.safe.SECURITY for com.oplus.phonenoareainquire
03-06 00:02:14.151  2775  2901 D OplusSensitivePermGrantPolicyManager: allow refined permission com.oppo.permission.safe.SECURITY for com.oplus.phonenoareainquire
03-06 00:02:14.151  2775  2901 D OplusSensitivePermGrantPolicyManager: allow refined permission oppo.permission.OPPO_COMPONENT_SAFE for com.oplus.phonenoareainquire
03-06 00:02:14.151  2775  2901 D OplusSensitivePermGrantPolicyManager: allow refined permission oppo.permission.OPPO_COMPONENT_SAFE for com.coloros.floatassistant
03-06 00:02:14.151  2775  2901 D OplusSensitivePermGrantPolicyManager: allow refined permission oplus.permission.OPLUS_COMPONENT_SAFE for com.coloros.floatassistant
03-06 00:02:14.151  2775  2901 D OplusSensitivePermGrantPolicyManager: allow refined permission com.oppo.permission.safe.SECURITY for com.coloros.floatassistant
03-06 00:02:14.151  2775  2901 D OplusSensitivePermGrantPolicyManager: allow refined permission com.oplus.permission.safe.SECURITY for com.coloros.floatassistant
03-06 00:02:14.151  2775  2901 D OplusSensitivePermGrantPolicyManager: allow refined permission com.oppo.permission.safe.SAU for com.coloros.floatassistant
03-06 00:02:14.152  2775  2901 D OplusSensitivePermGrantPolicyManager: allow refined permission com.oplus.permission.safe.SAU for com.coloros.floatassistant
03-06 00:02:14.152  2775  2901 D OplusSensitivePermGrantPolicyManager: allow refined permission com.oppo.permission.safe.PERSISTENT for com.coloros.floatassistant
03-06 00:02:14.152  2775  2901 D OplusSensitivePermGrantPolicyManager: allow refined permission com.oplus.permission.safe.PERSISTENT for com.coloros.floatassistant
03-06 00:02:14.152  2775  2901 D OplusSensitivePermGrantPolicyManager: allow refined permission com.oppo.permission.safe.IOT for com.coloros.floatassistant
03-06 00:02:14.152  2775  2901 D OplusSensitivePermGrantPolicyManager: allow refined permission com.oplus.permission.safe.IOT for com.coloros.floatassistant
03-06 00:02:14.152  2775  2901 D OplusSensitivePermGrantPolicyManager: allow refined permission com.oplus.permission.safe.WINDOW for com.coloros.floatassistant
03-06 00:02:14.152  2775  2901 D OplusSensitivePermGrantPolicyManager: allow refined permission com.oplus.permission.safe.SETTINGS for com.coloros.floatassistant
03-06 00:02:14.152  2775  2901 D OplusSensitivePermGrantPolicyManager: allow refined permission com.oppo.permission.safe.SETTINGS for com.coloros.floatassistant
03-06 00:02:14.152  2775  2901 D OplusSensitivePermGrantPolicyManager: allow refined permission oppo.permission.OPPO_COMPONENT_SAFE for com.coloros.childrenspace
03-06 00:02:14.152  2775  2901 D OplusSensitivePermGrantPolicyManager: allow refined permission oplus.permission.OPLUS_COMPONENT_SAFE for com.coloros.childrenspace
03-06 00:02:14.152  2775  2901 D OplusSensitivePermGrantPolicyManager: allow refined permission com.oppo.permission.safe.PERSISTENT for com.coloros.childrenspace
03-06 00:02:14.152  2775  2901 D OplusSensitivePermGrantPolicyManager: allow refined permission com.oppo.permission.safe.SECURITY for com.coloros.childrenspace
03-06 00:02:14.152  2775  2901 D OplusSensitivePermGrantPolicyManager: allow refined permission com.oppo.permission.safe.SETTINGS_SEARCH for com.coloros.childrenspace
03-06 00:02:14.152  2775  2901 D OplusSensitivePermGrantPolicyManager: allow refined permission com.oppo.permission.safe.SETTINGS for com.coloros.childrenspace
03-06 00:02:14.152  2775  2901 D OplusSensitivePermGrantPolicyManager: allow refined permission com.oplus.permission.safe.SETTINGS for com.coloros.childrenspace
03-06 00:02:14.152  2775  2901 D OplusSensitivePermGrantPolicyManager: allow refined permission com.oppo.permission.safe.PASSWORD for com.coloros.childrenspace
03-06 00:02:14.152  2775  2901 D OplusSensitivePermGrantPolicyManager: allow refined permission com.oplus.permission.safe.PASSWORD for com.coloros.childrenspace
03-06 00:02:14.152  2775  2901 D OplusSensitivePermGrantPolicyManager: allow refined permission com.oplus.permission.safe.PROTECT for com.coloros.childrenspace
03-06 00:02:14.153  2775  2901 D OplusSensitivePermGrantPolicyManager: allow refined permission com.oppo.permission.safe.PROTECT for com.coloros.childrenspace
03-06 00:02:14.153  2775  2901 D OplusSensitivePermGrantPolicyManager: allow refined permission com.oplus.permission.safe.PERSISTENT for com.coloros.childrenspace
03-06 00:02:14.153  2775  2901 D OplusSensitivePermGrantPolicyManager: allow refined permission com.oplus.permission.safe.SECURITY for com.coloros.childrenspace
03-06 00:02:14.153  2775  2901 D OplusSensitivePermGrantPolicyManager: allow refined permission com.oplus.permission.safe.SETTINGS_SEARCH for com.coloros.childrenspace
03-06 00:02:14.153  2775  2901 D OplusSensitivePermGrantPolicyManager: allow refined permission com.oplus.permission.safe.PROTECT for com.oplus.linker
03-06 00:02:14.153  2775  2901 D OplusSensitivePermGrantPolicyManager: allow refined permission com.oplus.permission.safe.SECURITY for com.oplus.linker
03-06 00:02:14.153  2775  2901 D OplusSensitivePermGrantPolicyManager: allow refined permission com.oplus.permission.safe.PERSISTENT for com.oplus.linker
03-06 00:02:14.153  2775  2901 D OplusSensitivePermGrantPolicyManager: allow refined permission com.oplus.permission.safe.CONNECTIVITY for com.oplus.linker
03-06 00:02:14.153  2775  2901 D OplusSensitivePermGrantPolicyManager: allow refined permission com.oplus.permission.safe.WINDOW for com.oplus.linker
03-06 00:02:14.153  2775  2901 D OplusSensitivePermGrantPolicyManager: allow refined permission oplus.permission.OPLUS_COMPONENT_SAFE for com.oplus.linker
03-06 00:02:14.153  2775  2901 D OplusSensitivePermGrantPolicyManager: allow refined permission com.oplus.permission.safe.IOT for com.oplus.linker
03-06 00:02:14.153  2775  2901 D OplusSensitivePermGrantPolicyManager: allow refined permission com.oplus.permission.safe.AI_APP for com.oplus.linker
03-06 00:02:14.153  2775  2901 D OplusSensitivePermGrantPolicyManager: allow refined permission com.oplus.permission.safe.SETTINGS_SEARCH for com.oplus.linker
03-06 00:02:14.154  2775  2901 D OplusSensitivePermGrantPolicyManager: allow refined permission com.oplus.permission.safe.GAME for com.oplus.linker
03-06 00:02:14.154  2775  2901 D OplusSensitivePermGrantPolicyManager: allow refined permission com.oppo.permission.safe.IOT for com.oplus.linker
03-06 00:02:14.154  2775  2901 D OplusSensitivePermGrantPolicyManager: allow refined permission com.oppo.permission.safe.CONNECTIVITY for com.oplus.linker
03-06 00:02:14.154  2775  2901 D OplusSensitivePermGrantPolicyManager: allow refined permission com.oppo.permission.safe.PERSISTENT for com.oplus.linker
03-06 00:02:14.154  2775  2901 D OplusSensitivePermGrantPolicyManager: allow refined permission com.oppo.permission.safe.SECURITY for com.oplus.linker
03-06 00:02:14.154  2775  2901 D OplusSensitivePermGrantPolicyManager: allow refined permission oppo.permission.OPPO_COMPONENT_SAFE for com.oplus.linker
03-06 00:02:14.154  2775  2901 D OplusSensitivePermGrantPolicyManager: allow refined permission com.oppo.permission.safe.SETTINGS_SEARCH for com.oplus.linker
03-06 00:02:14.154  2775  2901 D OplusSensitivePermGrantPolicyManager: allow refined permission com.oppo.permission.safe.GAME for com.oplus.linker
03-06 00:02:14.154  2775  2901 D OplusSensitivePermGrantPolicyManager: allow refined permission com.oppo.permission.safe.AI_APP for com.oplus.linker
03-06 00:02:14.154  2775  2901 D OplusSensitivePermGrantPolicyManager: allow refined permission com.oppo.permission.safe.PROTECT for com.oplus.linker
03-06 00:02:14.154  2775  2901 D OplusSensitivePermGrantPolicyManager: allow refined permission oplus.permission.OPLUS_COMPONENT_SAFE for com.oplus.melody
03-06 00:02:14.154  2775  2901 D OplusSensitivePermGrantPolicyManager: allow refined permission com.oplus.permission.safe.IOT for com.oplus.melody
03-06 00:02:14.154  2775  2901 D OplusSensitivePermGrantPolicyManager: allow refined permission com.oplus.permission.safe.SECURITY for com.oplus.melody
03-06 00:02:14.154  2775  2901 D OplusSensitivePermGrantPolicyManager: allow refined permission com.oppo.permission.safe.IOT for com.oplus.melody
03-06 00:02:14.154  2775  2901 D OplusSensitivePermGrantPolicyManager: allow refined permission com.oppo.permission.safe.SECURITY for com.oplus.melody
03-06 00:02:14.155  2775  2901 D OplusSensitivePermGrantPolicyManager: allow refined permission oppo.permission.OPPO_COMPONENT_SAFE for com.oplus.melody
03-06 00:02:14.155  2775  2901 D OplusSensitivePermGrantPolicyManager: allow refined permission com.oppo.permission.safe.SAU for com.coloros.gallery3d
03-06 00:02:14.155  2775  2901 D OplusSensitivePermGrantPolicyManager: allow refined permission com.oplus.permission.safe.SAU for com.coloros.gallery3d
03-06 00:02:14.155  2775  2901 D OplusSensitivePermGrantPolicyManager: allow refined permission com.oplus.permission.safe.CONNECTIVITY for com.coloros.gallery3d
03-06 00:02:14.155  2775  2901 D OplusSensitivePermGrantPolicyManager: allow refined permission oppo.permission.OPPO_COMPONENT_SAFE for com.coloros.gallery3d
03-06 00:02:14.155  2775  2901 D OplusSensitivePermGrantPolicyManager: allow refined permission com.oppo.permission.safe.PRIVATE for com.coloros.gallery3d
03-06 00:02:14.155  2775  2901 D OplusSensitivePermGrantPolicyManager: allow refined permission com.oplus.permission.safe.PRIVATE for com.coloros.gallery3d
03-06 00:02:14.155  2775  2901 D OplusSensitivePermGrantPolicyManager: allow refined permission oplus.permission.OPLUS_COMPONENT_SAFE for com.coloros.gallery3d
03-06 00:02:14.155  2775  2901 D OplusSensitivePermGrantPolicyManager: allow refined permission com.oppo.permission.safe.SECURITY for com.coloros.gallery3d
03-06 00:02:14.155  2775  2901 D OplusSensitivePermGrantPolicyManager: allow refined permission com.oplus.permission.safe.SECURITY for com.coloros.gallery3d
03-06 00:02:14.155  2775  2901 D OplusSensitivePermGrantPolicyManager: allow refined permission com.oppo.permission.safe.CONNECTIVITY for com.coloros.gallery3d
03-06 00:02:14.156  2775  2901 D OplusSensitivePermGrantPolicyManager: allow refined permission com.oplus.permission.safe.SAU for com.android.providers.contacts
03-06 00:02:14.156  2775  2901 D OplusSensitivePermGrantPolicyManager: allow refined permission oplus.permission.OPLUS_COMPONENT_SAFE for com.android.providers.contacts
03-06 00:02:14.156  2775  2901 D OplusSensitivePermGrantPolicyManager: allow refined permission com.oplus.permission.safe.SECURITY for com.android.providers.contacts
03-06 00:02:14.156  2775  2901 D OplusSensitivePermGrantPolicyManager: allow refined permission com.oppo.permission.safe.SECURITY for com.android.providers.contacts
03-06 00:02:14.156  2775  2901 D OplusSensitivePermGrantPolicyManager: allow refined permission oppo.permission.OPPO_COMPONENT_SAFE for com.android.providers.contacts
03-06 00:02:14.156  2775  2901 D OplusSensitivePermGrantPolicyManager: allow refined permission com.oppo.permission.safe.SAU for com.android.providers.contacts
03-06 00:02:14.156  2775  2901 D OplusSensitivePermGrantPolicyManager: allow refined permission oplus.permission.OPLUS_COMPONENT_SAFE for com.oplus.screenshot
03-06 00:02:14.156  2775  2901 D OplusSensitivePermGrantPolicyManager: allow refined permission com.oplus.permission.safe.SECURITY for com.oplus.screenshot
03-06 00:02:14.157  2775  2901 D OplusSensitivePermGrantPolicyManager: allow refined permission com.oplus.permission.safe.SETTINGS for com.oplus.screenshot
03-06 00:02:14.157  2775  2901 D OplusSensitivePermGrantPolicyManager: allow refined permission com.oplus.permission.safe.WINDOW for com.oplus.screenshot
03-06 00:02:14.157  2775  2901 D OplusSensitivePermGrantPolicyManager: allow refined permission com.oplus.permission.safe.PRIVATE for com.oplus.screenshot
03-06 00:02:14.157  2775  2901 D OplusSensitivePermGrantPolicyManager: allow refined permission com.oplus.permission.safe.SAU for com.oplus.screenshot
03-06 00:02:14.157  2775  2901 D OplusSensitivePermGrantPolicyManager: allow refined permission com.oplus.permission.safe.SAFE_MANAGER for com.oplus.screenshot
03-06 00:02:14.157  2775  2901 D OplusSensitivePermGrantPolicyManager: allow refined permission com.oplus.permission.safe.PROTECT for com.oplus.screenshot
03-06 00:02:14.157  2775  2901 D OplusSensitivePermGrantPolicyManager: allow refined permission com.oplus.permission.safe.AUTHENTICATE for com.oplus.screenshot
03-06 00:02:14.157  2775  2901 D OplusSensitivePermGrantPolicyManager: allow refined permission com.oppo.permission.safe.PRIVATE for com.oplus.screenshot
03-06 00:02:14.157  2775  2901 D OplusSensitivePermGrantPolicyManager: allow refined permission com.oppo.permission.safe.SAFE_MANAGER for com.oplus.screenshot
03-06 00:02:14.157  2775  2901 D OplusSensitivePermGrantPolicyManager: allow refined permission com.oppo.permission.safe.SECURITY for com.oplus.screenshot
03-06 00:02:14.157  2775  2901 D OplusSensitivePermGrantPolicyManager: allow refined permission oppo.permission.OPPO_COMPONENT_SAFE for com.oplus.screenshot
03-06 00:02:14.157  2775  2901 D OplusSensitivePermGrantPolicyManager: allow refined permission com.oppo.permission.safe.SAU for com.oplus.screenshot
03-06 00:02:14.157  2775  2901 D OplusSensitivePermGrantPolicyManager: allow refined permission com.oppo.permission.safe.AUTHENTICATE for com.oplus.screenshot
03-06 00:02:14.157  2775  2901 D OplusSensitivePermGrantPolicyManager: allow refined permission com.oppo.permission.safe.SETTINGS for com.oplus.screenshot
03-06 00:02:14.157  2775  2901 D OplusSensitivePermGrantPolicyManager: allow refined permission com.oppo.permission.safe.PROTECT for com.oplus.screenshot
03-06 00:02:14.254  2775  2834 W Looper  : Slow dispatch took 173ms android.fg h=android.os.Handler c=<recycled PooledLambda@c57db07> m=0
03-06 00:02:14.274  2775  2901 D PackageManager: send ACTION_PACKAGE_FULLY_REMOVED reason:dataRemoved=true !isRemovedPackageSystemUpdate=true
03-06 00:02:14.278  2775  2901 I OplusOperatorManagerService: getActiveOperatorPackages: []
03-06 00:02:14.501  2775  2901 D OplusRemovableAppManager: isSystemApp = false
03-06 00:02:14.501  2775  2901 W OplusRemovableAppManager: tPs is null
03-06 00:02:14.501  2775  2901 D OplusRemovableAppManager: uninstalled by all users = true
03-06 00:02:14.502  4482 29743 D iopgp   : OnPackageChangeEvent:Received PackageChangeEvent{packageName=com.hms.taskmanager,version=-1,lastUpdateTimeMillis=0}
03-06 00:02:14.502  4482 29743 D iopgp   : OnPackageChangeEvent:package remove.
03-06 00:02:14.502  4482 29743 D iopgp   : Clean up files for package com.hms.taskmanager with version 1
03-06 00:02:14.502  4482 29743 D iopgp   : Clean up files for activity crc64addee25fb5c22997.MainActivity
03-06 00:02:14.649  2775  2899 E OplusBatteryServiceFeature: ICharger getBattPPSChgPower failed, err = android.os.RemoteException: HwBinder Error: (-74)
03-06 00:02:14.649  2775  2899 E OplusBatteryServiceFeature: ICharger getBattPPSChgPower failed, err = android.os.RemoteException: HwBinder Error: (-74)
03-06 00:02:15.109  2775  2901 W PackageManager: Not removing non-existent package com.hms.taskmanager
03-06 00:02:15.111  2775  2901 D OplusRemovableAppManager: isSystemApp = false
03-06 00:02:15.111  2775  2901 W OplusRemovableAppManager: tPs is null
03-06 00:02:15.111  2775  2901 D OplusRemovableAppManager: uninstalled by all users = true
03-06 00:02:15.111  4482 29743 D iopgp   : OnPackageChangeEvent:Received PackageChangeEvent{packageName=com.hms.taskmanager,version=-1,lastUpdateTimeMillis=0}
03-06 00:02:15.111  2775  2901 E UserUninstallRecorder: duplicate uninstall com.hms.taskmanager, please check it.
03-06 00:02:15.111  4482 29743 D iopgp   : OnPackageChangeEvent:package remove.
03-06 00:02:15.111  4482 29743 D iopgp   : Clean up files for package com.hms.taskmanager with version 1
03-06 00:02:15.112  4482 29743 D iopgp   : Clean up files for activity crc64addee25fb5c22997.MainActivity
03-06 00:02:15.129  2775  2901 I PackageManager: set persist.sys.package.SHA1 as 8b84737d1451c4187a7c7785b03e36c5e2705322
03-06 00:02:15.163  2775  2901 D PackageManager: notifyPackageXmlVerify done. result=true
03-06 00:02:15.165  2775  2901 I ActivityManager: Force stopping com.hms.taskmanager appid=10558 user=0: pkg removed
03-06 00:02:15.166  2775  2901 W ContextImpl: Calling a method in the system process without a qualified user: android.app.ContextImpl.sendBroadcast:1175 com.android.server.am.OplusExtraActivityManagerService.setKeyLockModeNormal:51 com.android.server.am.ActivityManagerServiceExtImpl.setKeyLockModeNormal:841 com.android.server.am.ActivityManagerService.forceStopPackageLocked:4514 com.android.server.am.ActivityManagerService.broadcastIntentLocked:13772 
03-06 00:02:15.184  2775  4980 D OplusProxyWakeLock: remove uid: 10251 wiht all pids from wakelockUidInfo list
03-06 00:02:15.192  2775  2834 D CompanionDeviceManagerService: onPackageRemoved(packageName = com.hms.taskmanager, uid = 10558)
03-06 00:02:15.192  2775  2834 I CompanionDeviceManagerService: Updating associations: []  -->  []
03-06 00:02:15.193  2775  2775 D OplusCustomizeService: UninstallBroadcastReceiver, pkgName=com.hms.taskmanager, isReInstall=false
03-06 00:02:15.194  2775  3191 V StorageManagerService: Package com.hms.taskmanager does not have legacy storage
03-06 00:02:15.201  2775  4980 D OplusProxyWakeLock: remove uid: 10261 wiht all pids from wakelockUidInfo list
03-06 00:02:15.205  2775  4980 D OplusProxyWakeLock: remove uid: 10268 wiht all pids from wakelockUidInfo list
03-06 00:02:15.207  2775  2775 D OplusCustomizeService: getOperator, result=-1
03-06 00:02:15.209  2775  4980 D OplusProxyWakeLock: remove uid: 10294 wiht all pids from wakelockUidInfo list
03-06 00:02:15.212  6800  6928 W ContextImpl: Calling a method in the system process without a qualified user: android.app.ContextImpl.startService:1819 android.content.ContextWrapper.startService:786 com.oplus.athena.action.dexopt.c.b:113 com.oplus.athena.action.dexopt.c.a:48 com.oplus.athena.d.a.a:76 
03-06 00:02:15.224  2775  2858 W BroadcastQueue: Background execution not allowed: receiving Intent { act=android.intent.action.PACKAGE_REMOVED dat=package:com.hms.taskmanager flg=0x4000010 (has extras) } to com.android.vending/com.google.android.finsky.packagemonitor.impl.PackageMonitorReceiverImpl$RegisteredReceiver
03-06 00:02:15.233  2775  2858 W BroadcastQueue: Background execution not allowed: receiving Intent { act=android.intent.action.PACKAGE_REMOVED dat=package:com.hms.taskmanager flg=0x4000010 (has extras) } to com.android.vending/com.google.android.finsky.packagemonitor.backgroundimpl.BackgroundPackageMonitorReceiverImpl$RegisteredReceiver
03-06 00:02:15.247  2775  6466 W OplusSelfProtectManager: pkg[com.android.keychain] not in policy list
03-06 00:02:15.249  2775  2775 D DeviceIdleHelper: pacakge removed: name=com.hms.taskmanager not in PowerSaveWhitelist
03-06 00:02:15.251  2775  2775 D OplusBrightUtils: CtsTest = false
03-06 00:02:15.253  2775  2775 I GameManagerService: Disabling downscale for com.hms.taskmanager
03-06 00:02:15.254  2775  2858 W BroadcastQueue: Background execution not allowed: receiving Intent { act=android.intent.action.PACKAGE_REMOVED dat=package:com.hms.taskmanager flg=0x4000010 (has extras) } to com.android.vending/com.google.android.finsky.instantapps.appmanagement.InstantAppRemoveMonitor
03-06 00:02:15.256  2775  2858 W BroadcastQueue: Background execution not allowed: receiving Intent { act=android.intent.action.PACKAGE_REMOVED dat=package:com.hms.taskmanager flg=0x4000010 (has extras) } to com.google.android.gms/.chimera.GmsIntentOperationService$PersistentTrustedReceiver
03-06 00:02:15.256  2775  2858 W BroadcastQueue: Background execution not allowed: receiving Intent { act=android.intent.action.PACKAGE_REMOVED dat=package:com.hms.taskmanager flg=0x4000010 (has extras) } to com.google.android.gms/.games.chimera.GamesSystemBroadcastReceiverProxy
03-06 00:02:15.257  2775  2858 W BroadcastQueue: Background execution not allowed: receiving Intent { act=android.intent.action.PACKAGE_REMOVED dat=package:com.hms.taskmanager flg=0x4000010 (has extras) } to com.google.android.videos/com.google.android.libraries.social.peoplekit.thirdparty.viewcontrollers.ThirdPartyReceiver
03-06 00:02:15.260  2775  2858 W BroadcastQueue: Background execution not allowed: receiving Intent { act=android.intent.action.PACKAGE_REMOVED dat=package:com.hms.taskmanager flg=0x4000010 (has extras) } to com.kaspersky.who_calls/.oCCCgcbvvxhha
03-06 00:02:15.261  2775  2858 W BroadcastQueue: Background execution not allowed: receiving Intent { act=android.intent.action.PACKAGE_REMOVED dat=package:com.hms.taskmanager flg=0x4000010 (has extras) } to com.vkontakte.android/ru.mail.libverify.utils.PackageStateReceiver
03-06 00:02:15.270  2775  2901 I ActivityManager: Force stopping com.hms.taskmanager appid=10558 user=0: pkg removed
03-06 00:02:15.270  2775  2901 W ContextImpl: Calling a method in the system process without a qualified user: android.app.ContextImpl.sendBroadcast:1175 com.android.server.am.OplusExtraActivityManagerService.setKeyLockModeNormal:51 com.android.server.am.ActivityManagerServiceExtImpl.setKeyLockModeNormal:841 com.android.server.am.ActivityManagerService.forceStopPackageLocked:4514 com.android.server.am.ActivityManagerService.broadcastIntentLocked:13772 
03-06 00:02:15.397  2775  2845 W LoadedApk: System took : 199ms in onReceive of class android.content.pm.RegisteredServicesCache$1 for action : android.intent.action.PACKAGE_REMOVED
03-06 00:02:15.437  2775  2775 W LoadedApk: System took : 184ms in onReceive of class com.android.server.appop.AppOpsService$2 for action : android.intent.action.PACKAGE_REMOVED
03-06 00:02:15.438  2775  2775 W Looper  : Slow dispatch took 185ms main h=android.app.ActivityThread$H c=android.app.LoadedApk$ReceiverDispatcher$Args$$ExternalSyntheticLambda0@1db10e9 m=0
03-06 00:02:15.438  2775  2775 W Looper  : Slow delivery took 245ms main h=android.app.ActivityThread$H c=android.app.LoadedApk$ReceiverDispatcher$Args$$ExternalSyntheticLambda0@454300f m=0
03-06 00:02:15.438  2775  2858 W BroadcastQueue: Background execution not allowed: receiving Intent { act=android.intent.action.PACKAGE_REMOVED dat=package:com.hms.taskmanager flg=0x4000010 (has extras) } to ru.sberbankmobile/com.kavsdk.AppInstallationReceiver
03-06 00:02:15.439  3951  4005 W ContextImpl: Calling a method in the system process without a qualified user: android.app.ContextImpl.sendBroadcast:1190 android.content.ContextWrapper.sendBroadcast:494 com.oplus.notificationmanager.AppModificationReceiver.notifyAppModified:9 com.oplus.notificationmanager.NotificationBackend.processBroadcast:122 com.oplus.notificationmanager.NotificationBackend.access$500:0 
03-06 00:02:15.439  2775  2858 W BroadcastQueue: Background execution not allowed: receiving Intent { act=android.intent.action.PACKAGE_REMOVED dat=package:com.hms.taskmanager flg=0x4000010 (has extras) } to ru.vtb24.mobilebanking.android/com.kavsdk.AppInstallationReceiver
03-06 00:02:15.439  2775  3235 W LoadedApk: System took : 240ms in onReceive of class com.android.server.VcnManagementService$1 for action : android.intent.action.PACKAGE_REMOVED
03-06 00:02:15.454  2775  2775 D LightsServiceExtImpl: isCtsHardwareTestCases = false
03-06 00:02:15.457  2775  3188 W LoadedApk: System took : 266ms in onReceive of class com.android.server.accessibility.AccessibilityManagerService$1 for action : android.intent.action.PACKAGE_REMOVED
03-06 00:02:15.457  2775  2775 I ConditionProviders: Disallowing condition provider com.hms.taskmanager (userSet: true)
03-06 00:02:15.461  2775  6528 V OplusAccessControlManagerService: notifyHideStateChanged: 
03-06 00:02:15.461  2775  6528 V OplusAccessControlManagerService: notifyHideStateChanged: 
03-06 00:02:15.461  2775  6528 V OplusAccessControlManagerService: notifyHideStateChanged: 
03-06 00:02:15.461  2775  6528 V OplusAccessControlManagerService: notifyHideStateChanged: 
03-06 00:02:15.462  2775  6528 V OplusAccessControlManagerService: notifyEncryptStateChanged: 
03-06 00:02:15.462  2775  6528 V OplusAccessControlManagerService: notifyEncryptStateChanged: 
03-06 00:02:15.462  2775  6528 V OplusAccessControlManagerService: notifyEncryptStateChanged: 
03-06 00:02:15.463  5845  5845 W ContextImpl: Calling a method in the system process without a qualified user: android.app.ContextImpl.startService:1819 android.content.ContextWrapper.startService:786 android.content.ContextWrapper.startService:786 com.oplusos.sau.strategy.AppReceiver.onReceive:16 android.app.ActivityThread.handleReceiver:4467 
03-06 00:02:15.465   813   813 W ContextImpl: Calling a method in the system process without a qualified user: android.app.ContextImpl.startService:1819 android.content.ContextWrapper.startService:786 android.content.ContextWrapper.startService:786 com.oplusos.securitypermission.permission.OplusPermissionReceiver.a:577 com.oplusos.securitypermission.permission.OplusPermissionReceiver.onReceive:222 
03-06 00:02:15.578  2775  2775 W Looper  : Slow dispatch took 122ms main h=com.android.server.notification.NotificationManagerService$WorkerHandler c=null m=8
03-06 00:02:15.581  2775  3122 I RollbackManager: broadcast=ACTION_PACKAGE_FULLY_REMOVED pkg=com.hms.taskmanager
03-06 00:02:15.585  2775  2858 D CompatibilityChangeReporter: Compat change id reported: 168419799; UID 10135; state: DISABLED
03-06 00:02:15.604  6959  7585 W ContextImpl: Calling a method in the system process without a qualified user: android.app.ContextImpl.startService:1819 android.content.ContextWrapper.startService:786 com.heytap.mcs.receiver.McsReceiver.c:8 com.heytap.mcs.receiver.McsReceiver.a:1 com.heytap.mcs.receiver.McsReceiver$a.run:39 
03-06 00:02:15.606  2775  2775 D OplusCustomizeService: UninstallBroadcastReceiver, pkgName=com.hms.taskmanager, isReInstall=false
03-06 00:02:15.610  2775  2775 D OplusCustomizeService: getOperator, result=-1
03-06 00:02:15.624  2775  2845 W LoadedApk: System took : 178ms in onReceive of class com.android.server.search.SearchManagerService$MyPackageMonitor for action : android.intent.action.PACKAGE_REMOVED
