--------- beginning of crash
10-15 16:36:36.211   735   735 F libc    : Fatal signal 6 (SIGABRT), code -1 (SI_QUEUE) in tid 735 (init), pid 735 (init)
10-15 16:36:36.225   735   735 F libc    : crash_dump helper failed to exec, or was killed
10-15 16:36:36.228   739   739 F libc    : Fatal signal 6 (SIGABRT), code -1 (SI_QUEUE) in tid 739 (init), pid 739 (init)
10-15 16:36:36.234   739   739 F libc    : crash_dump helper failed to exec, or was killed
03-05 23:20:27.476  4995  4995 F libc    : Fatal signal 6 (SIGABRT), code -1 (SI_QUEUE) in tid 4995 (init), pid 4995 (init)
03-05 23:20:27.516  4995  4995 F libc    : crash_dump helper failed to exec, or was killed
03-05 23:22:28.152 11639 11639 F libc    : FORTIFY: pthread_mutex_lock called on a destroyed mutex (0x74977b1c60)
03-05 23:22:28.152 11639 11639 F libc    : Fatal signal 6 (SIGABRT), code -1 (SI_QUEUE) in tid 11639 (hms.taskmanager), pid 11639 (hms.taskmanager)
03-05 23:23:47.377 18641 18641 F libc    : FORTIFY: pthread_mutex_lock called on a destroyed mutex (0x74977b1c60)
03-05 23:23:47.378 18641 18641 F libc    : Fatal signal 6 (SIGABRT), code -1 (SI_QUEUE) in tid 18641 (hms.taskmanager), pid 18641 (hms.taskmanager)
--------- beginning of system
03-05 23:47:10.262  2775  3648 W ActivityManager: Scheduling restart of crashed service com.oplus.cosa/.oiface.OifaceService in 10988ms for connection
03-05 23:47:10.280  2775  6484 I ActivityManager: Process com.oplus.statistics.rom (pid 28755) has died: vis BFGS
03-05 23:47:10.280  2775  6484 W ContextImpl: Calling a method in the system process without a qualified user: android.app.ContextImpl.sendBroadcast:1175 com.android.server.am.OplusExtraActivityManagerService.setKeyLockModeNormal:51 com.android.server.am.ActivityManagerServiceExtImpl.setKeyLockModeNormal:841 com.android.server.am.ActivityManagerService.appDiedLocked:3389 com.android.server.am.ActivityManagerService$AppDeathRecipient.binderDied:1531 
03-05 23:47:10.287  2775  8536 I ActivityManager: Process com.oplus.battery:ui (pid 32189) has died: svcb SVC 
03-05 23:47:10.287  2775  8536 W ContextImpl: Calling a method in the system process without a qualified user: android.app.ContextImpl.sendBroadcast:1175 com.android.server.am.OplusExtraActivityManagerService.setKeyLockModeNormal:51 com.android.server.am.ActivityManagerServiceExtImpl.setKeyLockModeNormal:841 com.android.server.am.ActivityManagerService.appDiedLocked:3389 com.android.server.am.ActivityManagerService$AppDeathRecipient.binderDied:1531 
03-05 23:47:10.291  2775  8536 W ActivityManager: Scheduling restart of crashed service com.oplus.battery/com.oplus.storage.StorageMonitorDialogService in 20959ms for start-requested
03-05 23:47:10.296  2775  8536 I OplusAppSwitchManagerService: hanldeBinderDied
03-05 23:47:10.296  2775  8536 I OplusAppSwitchManagerService: appswitch unregisterAppSwitchObserver pkgName = com.oplus.securitypermission config = OplusAppSwitchConfig = {  mConfigs = {2=null} observerFingerPrint = 68003860}
03-05 23:47:10.296  2775  6824 I ActivityManager: Process com.oplus.securitypermission (pid 32060) has died: vis BFGS
03-05 23:47:10.296  2775  8536 I OplusAppSwitchStateDispatcher: unregisterAppSwitchObserver ok, pkgName = com.oplus.securitypermission info = OplusAppSwitchRuleInfo = {  observer = null observerFingerPrint = 68003860}
03-05 23:47:10.297  2775  6824 W ContextImpl: Calling a method in the system process without a qualified user: android.app.ContextImpl.sendBroadcast:1175 com.android.server.am.OplusExtraActivityManagerService.setKeyLockModeNormal:51 com.android.server.am.ActivityManagerServiceExtImpl.setKeyLockModeNormal:841 com.android.server.am.ActivityManagerService.appDiedLocked:3389 com.android.server.am.ActivityManagerService$AppDeathRecipient.binderDied:1531 
03-05 23:47:10.301  6035  6035 I ActivityThread: Removing dead content provider:android.content.ContentProviderProxy@3e22e21
03-05 23:47:10.302  2775  6824 W ActivityManager: Scheduling restart of crashed service com.oplus.securitypermission/com.oplusos.securitypermission.common.rus.PermissionRUSService in 30949ms for start-requested
03-05 23:47:10.302  2775  6824 W ActivityManager: Scheduling restart of crashed service com.oplus.securitypermission/com.oplusos.securitypermission.permission.PermissionProtectService in 40949ms for start-requested
03-05 23:47:10.302  2775  6824 W ActivityManager: Scheduling restart of crashed service com.oplus.securitypermission/com.oplusos.lockscreenintercept.LockScreenInterceptService in 50949ms for start-requested
03-05 23:47:10.302  2775  6824 W ActivityManager: Scheduling restart of crashed service com.oplus.securitypermission/com.oplusos.securitypermission.permission.dialog.PermissionDialogService in 60949ms for start-requested
03-05 23:47:10.302  2775  6824 W ActivityManager: Scheduling restart of crashed service com.oplus.securitypermission/com.oplusos.securitypermission.permissionrecord.PermissionRecordService in 70949ms for start-requested
03-05 23:47:10.309  2775  3757 I ActivityManager: Process com.qualcomm.qti.modemtestmode (pid 32098) has died: svcb SVC 
03-05 23:47:10.309  2775  3757 W ContextImpl: Calling a method in the system process without a qualified user: android.app.ContextImpl.sendBroadcast:1175 com.android.server.am.OplusExtraActivityManagerService.setKeyLockModeNormal:51 com.android.server.am.ActivityManagerServiceExtImpl.setKeyLockModeNormal:841 com.android.server.am.ActivityManagerService.appDiedLocked:3389 com.android.server.am.ActivityManagerService$AppDeathRecipient.binderDied:1531 
03-05 23:47:10.319  2775  3757 W ActivityManager: Scheduling restart of crashed service com.qualcomm.qti.modemtestmode/.MbnCheckService in 80932ms for start-requested
03-05 23:47:10.319  2775  3757 W ActivityManager: Scheduling restart of crashed service com.qualcomm.qti.modemtestmode/.MbnSystemService in 90932ms for start-requested
03-05 23:47:10.326  2775  3757 I ActivityManager: Process ru.sberbankmobile:SberPayNfcOneTap (pid 32215) has died: vis IMPF
03-05 23:47:10.326  2775  3757 W ContextImpl: Calling a method in the system process without a qualified user: android.app.ContextImpl.sendBroadcast:1175 com.android.server.am.OplusExtraActivityManagerService.setKeyLockModeNormal:51 com.android.server.am.ActivityManagerServiceExtImpl.setKeyLockModeNormal:841 com.android.server.am.ActivityManagerService.appDiedLocked:3389 com.android.server.am.ActivityManagerService$AppDeathRecipient.binderDied:1531 
03-05 23:47:10.329  2775  3757 W ActivityManager: Scheduling restart of crashed service ru.sberbankmobile/ru.sberbank.mobile.feature.sberpay.nfc.impl.sberpaynfc.service.SberPayNfcHceOneTapService in 100922ms for connection
03-05 23:47:10.359  2775  3757 I ActivityManager: Process com.google.android.googlequicksearchbox:interactor (pid 32581) has died: vis BFGS
03-05 23:47:10.359  2775  3757 W ContextImpl: Calling a method in the system process without a qualified user: android.app.ContextImpl.sendBroadcast:1175 com.android.server.am.OplusExtraActivityManagerService.setKeyLockModeNormal:51 com.android.server.am.ActivityManagerServiceExtImpl.setKeyLockModeNormal:841 com.android.server.am.ActivityManagerService.appDiedLocked:3389 com.android.server.am.ActivityManagerService$AppDeathRecipient.binderDied:1531 
03-05 23:47:10.364  2775  3757 W ActivityManager: Scheduling restart of crashed service com.google.android.googlequicksearchbox/com.google.android.voiceinteraction.GsaVoiceInteractionService in 1452480ms for connection
03-05 23:47:10.364  2775  3757 W ActivityManager: Scheduling restart of crashed service com.google.android.googlequicksearchbox/com.google.android.apps.gsa.nga.engine.viss.NgaService in 110887ms for connection
03-05 23:47:10.390  2775  4303 I ActivityManager: Process com.google.android.googlequicksearchbox:search (pid 32601) has died: fg  TRNB
03-05 23:47:10.390  2775  4303 W ContextImpl: Calling a method in the system process without a qualified user: android.app.ContextImpl.sendBroadcast:1175 com.android.server.am.OplusExtraActivityManagerService.setKeyLockModeNormal:51 com.android.server.am.ActivityManagerServiceExtImpl.setKeyLockModeNormal:841 com.android.server.am.ActivityManagerService.appDiedLocked:3389 com.android.server.am.ActivityManagerService$AppDeathRecipient.binderDied:1531 
03-05 23:47:10.395  2775  4303 W ActivityManager: Scheduling restart of crashed service com.google.android.googlequicksearchbox/com.google.android.apps.gsa.tasks.BackgroundTasksJobService in 110856ms for connection
03-05 23:47:10.395  2775  4303 W ActivityManager: Scheduling restart of crashed service com.google.android.googlequicksearchbox/com.google.android.apps.gsa.shared.util.keepalive.StandaloneKeepAlive$KeepAliveService in 120856ms for start-requested
03-05 23:47:10.433  2775  4303 I ActivityManager: Process ru.sberbankmobile (pid 32267) has died: svcb SVC 
03-05 23:47:10.433  2775  4303 W ContextImpl: Calling a method in the system process without a qualified user: android.app.ContextImpl.sendBroadcast:1175 com.android.server.am.OplusExtraActivityManagerService.setKeyLockModeNormal:51 com.android.server.am.ActivityManagerServiceExtImpl.setKeyLockModeNormal:841 com.android.server.am.ActivityManagerService.appDiedLocked:3389 com.android.server.am.ActivityManagerService$AppDeathRecipient.binderDied:1531 
03-05 23:47:10.436  2775  4303 W ActivityManager: Scheduling restart of crashed service ru.sberbankmobile/ru.sberbank.mobile.core.push.impl.data.rustore.PushRuStoreMessagingService in 130815ms for start-requested
03-05 23:47:11.157  2775  3199 V OplusNPMS: getWarningNotification numWarningNotificaion10
03-05 23:47:11.157  2775  3199 V OplusNPMS: getWarningNotification numWarningNotificaion10
03-05 23:47:11.157  2775  3199 V OplusNPMS: getLimitNotificationState subID=2
03-05 23:47:11.157  2775  3199 V OplusNPMS: getLimitNotificationState mSubidToIccId != null
03-05 23:47:11.259  2775  2849 D CompatibilityChangeReporter: Compat change id reported: 135634846; UID 10141; state: DISABLED
03-05 23:47:11.260  2775  2849 D CompatibilityChangeReporter: Compat change id reported: 177438394; UID 10141; state: DISABLED
03-05 23:47:11.261  2775  2849 D CompatibilityChangeReporter: Compat change id reported: 135772972; UID 10141; state: DISABLED
03-05 23:47:11.261  2775  2849 D CompatibilityChangeReporter: Compat change id reported: 135754954; UID 10141; state: ENABLED
03-05 23:47:11.263  2775  2850 D CompatibilityChangeReporter: Compat change id reported: 143937733; UID 10141; state: ENABLED
03-05 23:47:11.319  2775  2850 W ActivityManager: Slow operation: 64ms so far, now at startProcess: returned from zygote!
03-05 23:47:11.319  2775  2850 W ActivityManager: Slow operation: 64ms so far, now at startProcess: done updating battery stats
03-05 23:47:11.320  2775  2850 W ActivityManager: Slow operation: 65ms so far, now at startProcess: building log message
03-05 23:47:11.320  2775  2850 I ActivityManager: Start proc 32742:com.oplus.cosa:feature/u0a141 for service {com.oplus.cosa/com.oplus.cosa.feature.FeatureService}
03-05 23:47:11.320  2775  2850 W ActivityManager: Slow operation: 65ms so far, now at startProcess: starting to update pids map
03-05 23:47:11.320  2775  2850 W ActivityManager: Slow operation: 65ms so far, now at startProcess: done updating pids map
03-05 23:47:11.536  2775  7102 W ActivityManager: Receiver with filter android.content.IntentFilter@2be4283 already registered for pid 2775, callerPackage is android
03-05 23:47:11.670  2775  3353 E OplusBatteryServiceFeature: ICharger getBattPPSChgPower failed, err = android.os.RemoteException: HwBinder Error: (-74)
03-05 23:47:11.670  2775  3353 E OplusBatteryServiceFeature: ICharger getBattPPSChgPower failed, err = android.os.RemoteException: HwBinder Error: (-74)
03-05 23:47:14.668  2775  3353 E OplusBatteryServiceFeature: ICharger getBattPPSChgPower failed, err = android.os.RemoteException: HwBinder Error: (-74)
03-05 23:47:14.668  2775  3353 E OplusBatteryServiceFeature: ICharger getBattPPSChgPower failed, err = android.os.RemoteException: HwBinder Error: (-74)
03-05 23:47:16.832  2775  3353 E OplusBatteryServiceFeature: ICharger getBattPPSChgPower failed, err = android.os.RemoteException: HwBinder Error: (-74)
03-05 23:47:16.834  2775  3353 E OplusBatteryServiceFeature: ICharger getBattPPSChgPower failed, err = android.os.RemoteException: HwBinder Error: (-74)
03-05 23:47:19.703  2775  3353 E OplusBatteryServiceFeature: ICharger getBattPPSChgPower failed, err = android.os.RemoteException: HwBinder Error: (-74)
03-05 23:47:19.704  2775  3353 E OplusBatteryServiceFeature: ICharger getBattPPSChgPower failed, err = android.os.RemoteException: HwBinder Error: (-74)
03-05 23:47:21.260  2775  2849 D CompatibilityChangeReporter: Compat change id reported: 135634846; UID 10141; state: DISABLED
03-05 23:47:21.261  2775  2849 D CompatibilityChangeReporter: Compat change id reported: 177438394; UID 10141; state: DISABLED
03-05 23:47:21.261  2775  2849 D CompatibilityChangeReporter: Compat change id reported: 135772972; UID 10141; state: DISABLED
03-05 23:47:21.262  2775  2849 D CompatibilityChangeReporter: Compat change id reported: 135754954; UID 10141; state: ENABLED
03-05 23:47:21.269  2775  2850 D CompatibilityChangeReporter: Compat change id reported: 143937733; UID 10141; state: ENABLED
03-05 23:47:21.326  2775  2850 W ActivityManager: Slow operation: 70ms so far, now at startProcess: returned from zygote!
03-05 23:47:21.326  2775  2850 W ActivityManager: Slow operation: 71ms so far, now at startProcess: done updating battery stats
03-05 23:47:21.327  2775  2850 W ActivityManager: Slow operation: 71ms so far, now at startProcess: building log message
03-05 23:47:21.327  2775  2850 I ActivityManager: Start proc 313:com.oplus.cosa:oiface/u0a141 for service {com.oplus.cosa/com.oplus.cosa.oiface.OifaceService}
03-05 23:47:21.327  2775  2850 W ActivityManager: Slow operation: 71ms so far, now at startProcess: starting to update pids map
03-05 23:47:21.327  2775  2850 W ActivityManager: Slow operation: 71ms so far, now at startProcess: done updating pids map
03-05 23:47:21.504  2775  7102 D CompatibilityChangeReporter: Compat change id reported: 135634846; UID 10090; state: DISABLED
03-05 23:47:21.505  2775  7102 D CompatibilityChangeReporter: Compat change id reported: 177438394; UID 10090; state: DISABLED
03-05 23:47:21.505  2775  7102 D CompatibilityChangeReporter: Compat change id reported: 135772972; UID 10090; state: DISABLED
03-05 23:47:21.505  2775  7102 D CompatibilityChangeReporter: Compat change id reported: 135754954; UID 10090; state: ENABLED
03-05 23:47:21.506  2775  2850 D CompatibilityChangeReporter: Compat change id reported: 143937733; UID 10090; state: ENABLED
03-05 23:47:21.544   313   364 E ActivityThread: Failed to find provider info for com.oplus.plugin.cosa.gameperformanceopt.tingle
03-05 23:47:21.559  2775  2850 W ActivityManager: Slow operation: 56ms so far, now at startProcess: returned from zygote!
03-05 23:47:21.562  2775  2850 W ActivityManager: Slow operation: 59ms so far, now at startProcess: done updating battery stats
03-05 23:47:21.562  2775  2850 W ActivityManager: Slow operation: 59ms so far, now at startProcess: building log message
03-05 23:47:21.562  2775  2850 I ActivityManager: Start proc 366:com.oplus.statistics.rom/u0a90 for content provider {com.oplus.statistics.rom/com.oplus.statistics.rom.service.DcsContentProvider}
03-05 23:47:21.562  2775  2850 W ActivityManager: Slow operation: 60ms so far, now at startProcess: starting to update pids map
03-05 23:47:21.563  2775  2850 W ActivityManager: Slow operation: 60ms so far, now at startProcess: done updating pids map
03-05 23:47:21.606  2775  4291 D CompatibilityChangeReporter: Compat change id reported: 168419799; UID 10090; state: DISABLED
03-05 23:47:21.756  2775  7102 D CompatibilityChangeReporter: Compat change id reported: 135634846; UID 1000; state: DISABLED
03-05 23:47:21.757  2775  7102 D CompatibilityChangeReporter: Compat change id reported: 177438394; UID 1000; state: DISABLED
03-05 23:47:21.757  2775  7102 D CompatibilityChangeReporter: Compat change id reported: 135772972; UID 1000; state: DISABLED
03-05 23:47:21.757  2775  7102 D CompatibilityChangeReporter: Compat change id reported: 135754954; UID 1000; state: ENABLED
03-05 23:47:21.796  2775  2850 I ActivityManager: Start proc 689:com.oplus.stdid/1000 for service {com.oplus.stdid/com.oplus.stdid.IdentifyService}
03-05 23:47:21.861  2775  7102 D CompatibilityChangeReporter: Compat change id reported: 168419799; UID 1000; state: DISABLED
03-05 23:47:24.064  2775  6407 D UsageStatsService: User[0] type=0 b=1709675020822 e=1709675244063 cb=1709632894911 ce=1709675241869 disk=0 all=1
03-05 23:47:24.661  2775  3353 E OplusBatteryServiceFeature: ICharger getBattPPSChgPower failed, err = android.os.RemoteException: HwBinder Error: (-74)
03-05 23:47:24.662  2775  3353 E OplusBatteryServiceFeature: ICharger getBattPPSChgPower failed, err = android.os.RemoteException: HwBinder Error: (-74)
03-05 23:47:27.970  2775  3353 E OplusBatteryServiceFeature: ICharger getBattPPSChgPower failed, err = android.os.RemoteException: HwBinder Error: (-74)
03-05 23:47:27.972  2775  3353 E OplusBatteryServiceFeature: ICharger getBattPPSChgPower failed, err = android.os.RemoteException: HwBinder Error: (-74)
03-05 23:47:29.698  2775  3353 E OplusBatteryServiceFeature: ICharger getBattPPSChgPower failed, err = android.os.RemoteException: HwBinder Error: (-74)
03-05 23:47:29.699  2775  3353 E OplusBatteryServiceFeature: ICharger getBattPPSChgPower failed, err = android.os.RemoteException: HwBinder Error: (-74)
03-05 23:47:31.262  2775  2849 D CompatibilityChangeReporter: Compat change id reported: 135634846; UID 1000; state: DISABLED
03-05 23:47:31.263  2775  2849 D CompatibilityChangeReporter: Compat change id reported: 177438394; UID 1000; state: DISABLED
03-05 23:47:31.264  2775  2849 D CompatibilityChangeReporter: Compat change id reported: 135772972; UID 1000; state: DISABLED
03-05 23:47:31.264  2775  2849 D CompatibilityChangeReporter: Compat change id reported: 135754954; UID 1000; state: ENABLED
03-05 23:47:31.330  2775  2850 W ActivityManager: Slow operation: 74ms so far, now at startProcess: returned from zygote!
03-05 23:47:31.331  2775  2850 W ActivityManager: Slow operation: 75ms so far, now at startProcess: done updating battery stats
03-05 23:47:31.331  2775  2850 W ActivityManager: Slow operation: 75ms so far, now at startProcess: building log message
03-05 23:47:31.331  2775  2850 I ActivityManager: Start proc 739:com.oplus.battery:ui/1000 for service {com.oplus.battery/com.oplus.storage.StorageMonitorDialogService}
03-05 23:47:31.331  2775  2850 W ActivityManager: Slow operation: 75ms so far, now at startProcess: starting to update pids map
03-05 23:47:31.331  2775  2850 W ActivityManager: Slow operation: 75ms so far, now at startProcess: done updating pids map
03-05 23:47:31.531  2775  7102 W PackageManager: package unknown uid 1000 pid 739 call SetEnabledSetting(com.oplus.battery component = com.oplus.performance.GTModeTile, 2, 0x1, 0)
03-05 23:47:34.658  2775  3353 E OplusBatteryServiceFeature: ICharger getBattPPSChgPower failed, err = android.os.RemoteException: HwBinder Error: (-74)
03-05 23:47:34.659  2775  3353 E OplusBatteryServiceFeature: ICharger getBattPPSChgPower failed, err = android.os.RemoteException: HwBinder Error: (-74)
03-05 23:47:36.112  2775  7102 D DisplayManagerService: Display listener for pid 313 died.
03-05 23:47:36.113  2775  4303 I ActivityManager: Process com.oplus.cosa:oiface (pid 313) has died: svc SVC 
03-05 23:47:36.114  2775  4303 W ContextImpl: Calling a method in the system process without a qualified user: android.app.ContextImpl.sendBroadcast:1175 com.android.server.am.OplusExtraActivityManagerService.setKeyLockModeNormal:51 com.android.server.am.ActivityManagerServiceExtImpl.setKeyLockModeNormal:841 com.android.server.am.ActivityManagerService.appDiedLocked:3389 com.android.server.am.ActivityManagerService$AppDeathRecipient.binderDied:1531 
03-05 23:47:37.053  2775  2858 D CompatibilityChangeReporter: Compat change id reported: 168419799; UID 1001; state: DISABLED
03-05 23:47:37.072  2775  2775 D CompatibilityChangeReporter: Compat change id reported: 168419799; UID 1000; state: DISABLED
03-05 23:47:37.089  2775  3371 E SyncManager: SYNC_OP_STATE_INVALID: NOT_SYNCABLE
03-05 23:47:37.094  2775  2849 I DropBoxManagerService: add tag=system_server_wtf isTagEnabled=true flags=0x2
03-05 23:47:37.108  2775  2849 D DropBoxManagerService: file :: /data/system/dropbox/system_server_wtf@1709675257097.txt
03-05 23:47:39.105  2775  2858 W BroadcastQueue: Background execution not allowed: receiving Intent { act=android.intent.action.DROPBOX_ENTRY_ADDED flg=0x10 (has extras) } to com.google.android.gms/.chimera.GmsIntentOperationService$PersistentTrustedReceiver
03-05 23:47:39.106  2775  2858 W BroadcastQueue: Background execution not allowed: receiving Intent { act=android.intent.action.DROPBOX_ENTRY_ADDED flg=0x10 (has extras) } to com.google.android.gms/.stats.service.DropBoxEntryAddedReceiver
03-05 23:47:39.696  2775  3353 E OplusBatteryServiceFeature: ICharger getBattPPSChgPower failed, err = android.os.RemoteException: HwBinder Error: (-74)
03-05 23:47:39.697  2775  3353 E OplusBatteryServiceFeature: ICharger getBattPPSChgPower failed, err = android.os.RemoteException: HwBinder Error: (-74)
03-05 23:47:41.133  2775  4303 I ActivityManager: Process com.oplus.cosa:feature (pid 32742) has died: cch+5 CEM 
03-05 23:47:41.133  2775  4303 W ContextImpl: Calling a method in the system process without a qualified user: android.app.ContextImpl.sendBroadcast:1175 com.android.server.am.OplusExtraActivityManagerService.setKeyLockModeNormal:51 com.android.server.am.ActivityManagerServiceExtImpl.setKeyLockModeNormal:841 com.android.server.am.ActivityManagerService.appDiedLocked:3389 com.android.server.am.ActivityManagerService$AppDeathRecipient.binderDied:1531 
03-05 23:47:41.262  2775  2849 D CompatibilityChangeReporter: Compat change id reported: 135634846; UID 1000; state: DISABLED
03-05 23:47:41.263  2775  2849 D CompatibilityChangeReporter: Compat change id reported: 177438394; UID 1000; state: DISABLED
03-05 23:47:41.263  2775  2849 D CompatibilityChangeReporter: Compat change id reported: 135772972; UID 1000; state: DISABLED
03-05 23:47:41.264  2775  2849 D CompatibilityChangeReporter: Compat change id reported: 135754954; UID 1000; state: ENABLED
03-05 23:47:41.326  2775  2850 W ActivityManager: Slow operation: 69ms so far, now at startProcess: returned from zygote!
03-05 23:47:41.326  2775  2850 W ActivityManager: Slow operation: 69ms so far, now at startProcess: done updating battery stats
03-05 23:47:41.326  2775  2850 W ActivityManager: Slow operation: 69ms so far, now at startProcess: building log message
03-05 23:47:41.326  2775  2850 I ActivityManager: Start proc 813:com.oplus.securitypermission/1000 for service {com.oplus.securitypermission/com.oplusos.securitypermission.common.rus.PermissionRUSService}
03-05 23:47:41.326  2775  2850 W ActivityManager: Slow operation: 69ms so far, now at startProcess: starting to update pids map
03-05 23:47:41.326  2775  2850 W ActivityManager: Slow operation: 70ms so far, now at startProcess: done updating pids map
03-05 23:47:41.455   813   813 W ContextImpl: Calling a method in the system process without a qualified user: android.app.ContextImpl.startService:1819 android.content.ContextWrapper.startService:786 com.oplusos.securitypermission.PermissionApplication.b:70 com.oplusos.securitypermission.PermissionApplication.onCreate:47 android.app.Instrumentation.callApplicationOnCreate:1226 
03-05 23:47:41.457   813   813 W ContextImpl: Calling a method in the system process without a qualified user: android.app.ContextImpl.startService:1819 android.content.ContextWrapper.startService:786 com.oplusos.securitypermission.PermissionApplication.b:71 com.oplusos.securitypermission.PermissionApplication.onCreate:47 android.app.Instrumentation.callApplicationOnCreate:1226 
03-05 23:47:41.458   813   813 W ContextImpl: Calling a method in the system process without a qualified user: android.app.ContextImpl.startService:1819 android.content.ContextWrapper.startService:786 com.oplusos.securitypermission.PermissionApplication.c:76 com.oplusos.securitypermission.PermissionApplication.onCreate:48 android.app.Instrumentation.callApplicationOnCreate:1226 
03-05 23:47:41.460   813   813 W ContextImpl: Calling a method in the system process without a qualified user: android.app.ContextImpl.startService:1819 android.content.ContextWrapper.startService:786 com.oplusos.securitypermission.PermissionApplication.a:65 com.oplusos.securitypermission.PermissionApplication.onCreate:49 android.app.Instrumentation.callApplicationOnCreate:1226 
03-05 23:47:41.463   813   813 W ContextImpl: Calling a method in the system process without a qualified user: android.app.ContextImpl.bindService:1904 android.content.ContextWrapper.bindService:822 com.oplusos.floatwindow.sysfloatwindow.cache.b.a:76 com.oplusos.securitypermission.PermissionApplication.onCreate:53 android.app.Instrumentation.callApplicationOnCreate:1226 
03-05 23:47:41.508   813   813 I InterceptLockScreen.Service: onCreate: LockScreenInterceptService is starting...
03-05 23:47:41.514   813   813 D InterceptLockScreen.Service: registerMultiUserReceiver: success 
03-05 23:47:41.522  2775  3757 I OplusAppSwitchManagerService: appswitch registerAppSwitchObserver pName = com@@oplus@@securitypermission observer = com.oplus.app.IOplusAppSwitchObserver$Stub$Proxy@4b3abc5 config = OplusAppSwitchConfig = {  mConfigs = {2=null} observerFingerPrint = 108976317}
03-05 23:47:41.522  2775  3757 I OplusAppSwitchStateDispatcher: registerAppSwitchObserver addDynamicListener OK, info = OplusAppSwitchRuleInfo = {  observer = com.oplus.app.IOplusAppSwitchObserver$Stub$Proxy@4b3abc5 observerFingerPrint = 108976317} rule size =0
03-05 23:47:41.533   813   813 W ContextImpl: Calling a method in the system process without a qualified user: android.app.ContextImpl.startService:1819 android.content.ContextWrapper.startService:786 com.oplusos.securitypermission.permission.dialog.PermissionDialogService.c:1773 com.oplusos.securitypermission.permission.dialog.PermissionDialogService.onCreate:437 android.app.ActivityThread.handleCreateService:4653 
03-05 23:47:41.535   813   813 W ContextImpl: Calling a method in the system process without a qualified user: android.app.ContextImpl.startService:1819 android.content.ContextWrapper.startService:786 com.oplusos.securitypermission.permission.dialog.PermissionDialogService.c:1775 com.oplusos.securitypermission.permission.dialog.PermissionDialogService.onCreate:437 android.app.ActivityThread.handleCreateService:4653 
03-05 23:47:44.272  2775  3353 E OplusBatteryServiceFeature: ICharger getBattPPSChgPower failed, err = android.os.RemoteException: HwBinder Error: (-74)
03-05 23:47:44.273  2775  3353 E OplusBatteryServiceFeature: ICharger getBattPPSChgPower failed, err = android.os.RemoteException: HwBinder Error: (-74)
03-05 23:47:44.654  2775  3353 E OplusBatteryServiceFeature: ICharger getBattPPSChgPower failed, err = android.os.RemoteException: HwBinder Error: (-74)
03-05 23:47:44.655  2775  3353 E OplusBatteryServiceFeature: ICharger getBattPPSChgPower failed, err = android.os.RemoteException: HwBinder Error: (-74)
03-05 23:47:49.695  2775  3353 E OplusBatteryServiceFeature: ICharger getBattPPSChgPower failed, err = android.os.RemoteException: HwBinder Error: (-74)
03-05 23:47:49.696  2775  3353 E OplusBatteryServiceFeature: ICharger getBattPPSChgPower failed, err = android.os.RemoteException: HwBinder Error: (-74)
03-05 23:47:54.661  2775  3353 E OplusBatteryServiceFeature: ICharger getBattPPSChgPower failed, err = android.os.RemoteException: HwBinder Error: (-74)
03-05 23:47:54.662  2775  3353 E OplusBatteryServiceFeature: ICharger getBattPPSChgPower failed, err = android.os.RemoteException: HwBinder Error: (-74)
03-05 23:47:59.698  2775  3353 E OplusBatteryServiceFeature: ICharger getBattPPSChgPower failed, err = android.os.RemoteException: HwBinder Error: (-74)
03-05 23:47:59.700  2775  3353 E OplusBatteryServiceFeature: ICharger getBattPPSChgPower failed, err = android.os.RemoteException: HwBinder Error: (-74)
03-05 23:48:00.545  2775  3353 E OplusBatteryServiceFeature: ICharger getBattPPSChgPower failed, err = android.os.RemoteException: HwBinder Error: (-74)
03-05 23:48:00.547  2775  3353 E OplusBatteryServiceFeature: ICharger getBattPPSChgPower failed, err = android.os.RemoteException: HwBinder Error: (-74)
03-05 23:48:04.654  2775  3353 E OplusBatteryServiceFeature: ICharger getBattPPSChgPower failed, err = android.os.RemoteException: HwBinder Error: (-74)
03-05 23:48:04.655  2775  3353 E OplusBatteryServiceFeature: ICharger getBattPPSChgPower failed, err = android.os.RemoteException: HwBinder Error: (-74)
03-05 23:48:09.698  2775  3353 E OplusBatteryServiceFeature: ICharger getBattPPSChgPower failed, err = android.os.RemoteException: HwBinder Error: (-74)
03-05 23:48:09.699  2775  3353 E OplusBatteryServiceFeature: ICharger getBattPPSChgPower failed, err = android.os.RemoteException: HwBinder Error: (-74)
03-05 23:48:14.657  2775  3353 E OplusBatteryServiceFeature: ICharger getBattPPSChgPower failed, err = android.os.RemoteException: HwBinder Error: (-74)
03-05 23:48:14.658  2775  3353 E OplusBatteryServiceFeature: ICharger getBattPPSChgPower failed, err = android.os.RemoteException: HwBinder Error: (-74)
03-05 23:48:16.834  2775  3353 E OplusBatteryServiceFeature: ICharger getBattPPSChgPower failed, err = android.os.RemoteException: HwBinder Error: (-74)
03-05 23:48:16.835  2775  3353 E OplusBatteryServiceFeature: ICharger getBattPPSChgPower failed, err = android.os.RemoteException: HwBinder Error: (-74)
03-05 23:48:16.848  2775  3352 E OplusBatteryServiceFeature: ICharger getBattPPSChgPower failed, err = android.os.RemoteException: HwBinder Error: (-74)
03-05 23:48:16.849  2775  3352 E OplusBatteryServiceFeature: ICharger getBattPPSChgPower failed, err = android.os.RemoteException: HwBinder Error: (-74)
03-05 23:48:19.696  2775  3352 E OplusBatteryServiceFeature: ICharger getBattPPSChgPower failed, err = android.os.RemoteException: HwBinder Error: (-74)
03-05 23:48:19.698  2775  3352 E OplusBatteryServiceFeature: ICharger getBattPPSChgPower failed, err = android.os.RemoteException: HwBinder Error: (-74)
03-05 23:48:24.679  2775  3352 E OplusBatteryServiceFeature: ICharger getBattPPSChgPower failed, err = android.os.RemoteException: HwBinder Error: (-74)
03-05 23:48:24.681  2775  3352 E OplusBatteryServiceFeature: ICharger getBattPPSChgPower failed, err = android.os.RemoteException: HwBinder Error: (-74)
03-05 23:48:29.727  2775  3352 E OplusBatteryServiceFeature: ICharger getBattPPSChgPower failed, err = android.os.RemoteException: HwBinder Error: (-74)
03-05 23:48:29.729  2775  3352 E OplusBatteryServiceFeature: ICharger getBattPPSChgPower failed, err = android.os.RemoteException: HwBinder Error: (-74)
03-05 23:48:31.264  2775  2849 D CompatibilityChangeReporter: Compat change id reported: 135634846; UID 1001; state: DISABLED
03-05 23:48:31.266  2775  2849 D CompatibilityChangeReporter: Compat change id reported: 177438394; UID 1001; state: DISABLED
03-05 23:48:31.266  2775  2849 D CompatibilityChangeReporter: Compat change id reported: 135772972; UID 1001; state: DISABLED
03-05 23:48:31.267  2775  2849 D CompatibilityChangeReporter: Compat change id reported: 135754954; UID 1001; state: DISABLED
03-05 23:48:31.308  2775  2850 I ActivityManager: Start proc 985:com.qualcomm.qti.modemtestmode/1001 for service {com.qualcomm.qti.modemtestmode/com.qualcomm.qti.modemtestmode.MbnCheckService}
03-05 23:48:31.310  2775  2850 W ActivityManager: Slow operation: 51ms so far, now at startProcess: done updating pids map
03-05 23:48:33.128  2775  3352 E OplusBatteryServiceFeature: ICharger getBattPPSChgPower failed, err = android.os.RemoteException: HwBinder Error: (-74)
03-05 23:48:33.129  2775  3352 E OplusBatteryServiceFeature: ICharger getBattPPSChgPower failed, err = android.os.RemoteException: HwBinder Error: (-74)
03-05 23:48:34.671  2775  3352 E OplusBatteryServiceFeature: ICharger getBattPPSChgPower failed, err = android.os.RemoteException: HwBinder Error: (-74)
03-05 23:48:34.671  2775  3352 E OplusBatteryServiceFeature: ICharger getBattPPSChgPower failed, err = android.os.RemoteException: HwBinder Error: (-74)
03-05 23:48:39.703  2775  3352 E OplusBatteryServiceFeature: ICharger getBattPPSChgPower failed, err = android.os.RemoteException: HwBinder Error: (-74)
03-05 23:48:39.705  2775  3352 E OplusBatteryServiceFeature: ICharger getBattPPSChgPower failed, err = android.os.RemoteException: HwBinder Error: (-74)
03-05 23:48:40.952  2775  6435 E OplusCustomizeRestrictionManagerService: isBiometricDisabled start
03-05 23:48:40.953  2775  6466 E OplusCustomizeRestrictionManagerService: isBiometricDisabled start
03-05 23:48:44.658  2775  3352 E OplusBatteryServiceFeature: ICharger getBattPPSChgPower failed, err = android.os.RemoteException: HwBinder Error: (-74)
03-05 23:48:44.659  2775  3352 E OplusBatteryServiceFeature: ICharger getBattPPSChgPower failed, err = android.os.RemoteException: HwBinder Error: (-74)
03-05 23:48:49.413  2775  3352 E OplusBatteryServiceFeature: ICharger getBattPPSChgPower failed, err = android.os.RemoteException: HwBinder Error: (-74)
03-05 23:48:49.414  2775  3352 E OplusBatteryServiceFeature: ICharger getBattPPSChgPower failed, err = android.os.RemoteException: HwBinder Error: (-74)
03-05 23:48:49.699  2775  3352 E OplusBatteryServiceFeature: ICharger getBattPPSChgPower failed, err = android.os.RemoteException: HwBinder Error: (-74)
03-05 23:48:49.700  2775  3352 E OplusBatteryServiceFeature: ICharger getBattPPSChgPower failed, err = android.os.RemoteException: HwBinder Error: (-74)
03-05 23:48:51.264  2775  2849 D CompatibilityChangeReporter: Compat change id reported: 135634846; UID 10268; state: DISABLED
03-05 23:48:51.264  2775  2849 D CompatibilityChangeReporter: Compat change id reported: 177438394; UID 10268; state: DISABLED
03-05 23:48:51.265  2775  2849 D CompatibilityChangeReporter: Compat change id reported: 135772972; UID 10268; state: DISABLED
03-05 23:48:51.265  2775  2849 D CompatibilityChangeReporter: Compat change id reported: 135754954; UID 10268; state: ENABLED
03-05 23:48:51.267  2775  2850 D CompatibilityChangeReporter: Compat change id reported: 143937733; UID 10268; state: ENABLED
03-05 23:48:51.316  2775  2850 W ActivityManager: Slow operation: 55ms so far, now at startProcess: returned from zygote!
03-05 23:48:51.317  2775  2850 W ActivityManager: Slow operation: 56ms so far, now at startProcess: done updating battery stats
03-05 23:48:51.317  2775  2850 W ActivityManager: Slow operation: 56ms so far, now at startProcess: building log message
03-05 23:48:51.317  2775  2850 I ActivityManager: Start proc 1010:ru.sberbankmobile:SberPayNfcOneTap/u0a268 for service {ru.sberbankmobile/ru.sberbank.mobile.feature.sberpay.nfc.impl.sberpaynfc.service.SberPayNfcHceOneTapService}
03-05 23:48:51.317  2775  2850 W ActivityManager: Slow operation: 56ms so far, now at startProcess: starting to update pids map
03-05 23:48:51.317  2775  2850 W ActivityManager: Slow operation: 56ms so far, now at startProcess: done updating pids map
03-05 23:48:52.136  2775  6466 D CompatibilityChangeReporter: Compat change id reported: 135634846; UID 10268; state: DISABLED
03-05 23:48:52.136  2775  6466 D CompatibilityChangeReporter: Compat change id reported: 177438394; UID 10268; state: DISABLED
03-05 23:48:52.136  2775  6466 D CompatibilityChangeReporter: Compat change id reported: 135772972; UID 10268; state: DISABLED
03-05 23:48:52.136  2775  6466 D CompatibilityChangeReporter: Compat change id reported: 135754954; UID 10268; state: ENABLED
03-05 23:48:52.137  2775  2850 D CompatibilityChangeReporter: Compat change id reported: 143937733; UID 10268; state: ENABLED
03-05 23:48:52.203  2775  2850 W ActivityManager: Slow operation: 68ms so far, now at startProcess: returned from zygote!
03-05 23:48:52.204  2775  2850 W ActivityManager: Slow operation: 69ms so far, now at startProcess: done updating battery stats
03-05 23:48:52.204  2775  2850 W ActivityManager: Slow operation: 69ms so far, now at startProcess: building log message
03-05 23:48:52.204  2775  2850 I ActivityManager: Start proc 1062:ru.sberbankmobile/u0a268 for content provider {ru.sberbankmobile/ru.sberbank.mobile.feature.sberpay.nfc.impl.sberpaynfc.common.data.multiproccess.SberPayNfcPaymentContentProvider}
03-05 23:48:52.204  2775  2850 W ActivityManager: Slow operation: 70ms so far, now at startProcess: starting to update pids map
03-05 23:48:52.206  2775  2850 W ActivityManager: Slow operation: 71ms so far, now at startProcess: done updating pids map
03-05 23:48:52.411  1062  1095 E ActivityThread: Failed to find provider info for com.huawei.hms.contentprovider
03-05 23:48:52.563  2775  6435 W PackageManager: package unknown uid 10268 pid 1062 call SetEnabledSetting(ru.sberbankmobile component = androidx.work.impl.background.systemjob.SystemJobService, 1, 0x1, 0)
03-05 23:48:54.675  2775  3352 E OplusBatteryServiceFeature: ICharger getBattPPSChgPower failed, err = android.os.RemoteException: HwBinder Error: (-74)
03-05 23:48:54.676  2775  3352 E OplusBatteryServiceFeature: ICharger getBattPPSChgPower failed, err = android.os.RemoteException: HwBinder Error: (-74)
03-05 23:48:59.731  2775  3352 E OplusBatteryServiceFeature: ICharger getBattPPSChgPower failed, err = android.os.RemoteException: HwBinder Error: (-74)
03-05 23:48:59.733  2775  3352 E OplusBatteryServiceFeature: ICharger getBattPPSChgPower failed, err = android.os.RemoteException: HwBinder Error: (-74)
03-05 23:49:04.673  2775  3352 E OplusBatteryServiceFeature: ICharger getBattPPSChgPower failed, err = android.os.RemoteException: HwBinder Error: (-74)
03-05 23:49:04.674  2775  3352 E OplusBatteryServiceFeature: ICharger getBattPPSChgPower failed, err = android.os.RemoteException: HwBinder Error: (-74)
03-05 23:49:05.700  2775  3352 E OplusBatteryServiceFeature: ICharger getBattPPSChgPower failed, err = android.os.RemoteException: HwBinder Error: (-74)
03-05 23:49:05.701  2775  3352 E OplusBatteryServiceFeature: ICharger getBattPPSChgPower failed, err = android.os.RemoteException: HwBinder Error: (-74)
03-05 23:49:09.705  2775  3352 E OplusBatteryServiceFeature: ICharger getBattPPSChgPower failed, err = android.os.RemoteException: HwBinder Error: (-74)
03-05 23:49:09.706  2775  3352 E OplusBatteryServiceFeature: ICharger getBattPPSChgPower failed, err = android.os.RemoteException: HwBinder Error: (-74)
03-05 23:49:11.268  2775  2849 D CompatibilityChangeReporter: Compat change id reported: 135634846; UID 10107; state: DISABLED
03-05 23:49:11.269  2775  2849 D CompatibilityChangeReporter: Compat change id reported: 177438394; UID 10107; state: DISABLED
03-05 23:49:11.269  2775  2849 D CompatibilityChangeReporter: Compat change id reported: 135772972; UID 10107; state: DISABLED
03-05 23:49:11.270  2775  2849 D CompatibilityChangeReporter: Compat change id reported: 135754954; UID 10107; state: ENABLED
03-05 23:49:11.271  2775  2850 D CompatibilityChangeReporter: Compat change id reported: 143937733; UID 10107; state: ENABLED
03-05 23:49:11.317  2775  2850 W ActivityManager: Slow operation: 52ms so far, now at startProcess: returned from zygote!
03-05 23:49:11.318  2775  2850 W ActivityManager: Slow operation: 53ms so far, now at startProcess: done updating battery stats
03-05 23:49:11.318  2775  2850 W ActivityManager: Slow operation: 53ms so far, now at startProcess: building log message
03-05 23:49:11.318  2775  2850 I ActivityManager: Start proc 1263:com.google.android.googlequicksearchbox:search/u0a107 for service {com.google.android.googlequicksearchbox/com.google.android.apps.gsa.shared.util.keepalive.StandaloneKeepAlive$KeepAliveService}
03-05 23:49:11.318  2775  2850 W ActivityManager: Slow operation: 53ms so far, now at startProcess: starting to update pids map
03-05 23:49:11.319  2775  2850 W ActivityManager: Slow operation: 54ms so far, now at startProcess: done updating pids map
03-05 23:49:14.664  2775  3352 E OplusBatteryServiceFeature: ICharger getBattPPSChgPower failed, err = android.os.RemoteException: HwBinder Error: (-74)
03-05 23:49:14.665  2775  3352 E OplusBatteryServiceFeature: ICharger getBattPPSChgPower failed, err = android.os.RemoteException: HwBinder Error: (-74)
03-05 23:49:16.821  2775  3352 E OplusBatteryServiceFeature: ICharger getBattPPSChgPower failed, err = android.os.RemoteException: HwBinder Error: (-74)
03-05 23:49:16.821  2775  3352 E OplusBatteryServiceFeature: ICharger getBattPPSChgPower failed, err = android.os.RemoteException: HwBinder Error: (-74)
03-05 23:49:18.017  2775  4291 D CompatibilityChangeReporter: Compat change id reported: 135634846; UID 10107; state: DISABLED
03-05 23:49:18.017  2775  4291 D CompatibilityChangeReporter: Compat change id reported: 177438394; UID 10107; state: DISABLED
03-05 23:49:18.017  2775  4291 D CompatibilityChangeReporter: Compat change id reported: 135772972; UID 10107; state: DISABLED
03-05 23:49:18.017  2775  4291 D CompatibilityChangeReporter: Compat change id reported: 135754954; UID 10107; state: ENABLED
03-05 23:49:18.018  2775  2850 D CompatibilityChangeReporter: Compat change id reported: 143937733; UID 10107; state: ENABLED
03-05 23:49:18.068  2775  2850 W ActivityManager: Slow operation: 53ms so far, now at startProcess: done updating battery stats
03-05 23:49:18.068  2775  2850 W ActivityManager: Slow operation: 53ms so far, now at startProcess: building log message
03-05 23:49:18.068  2775  2850 I ActivityManager: Start proc 1351:com.google.android.googlequicksearchbox:interactor/u0a107 for service {com.google.android.googlequicksearchbox/com.google.android.apps.gsa.nga.engine.viss.NgaService}
03-05 23:49:18.068  2775  2850 W ActivityManager: Slow operation: 53ms so far, now at startProcess: starting to update pids map
03-05 23:49:18.068  2775  2850 W ActivityManager: Slow operation: 54ms so far, now at startProcess: done updating pids map
03-05 23:49:18.382  2775  6466 W BluetoothManagerService: bindBluetoothProfileService:Trying to bind to profile: 1, while Bluetooth is disabled
03-05 23:49:18.643  2775  6466 W BluetoothManagerService: bindBluetoothProfileService:Trying to bind to profile: 1, while Bluetooth is disabled
03-05 23:49:18.849  2775  5547 W PackageManager: package unknown uid 10107 pid 1351 call SetEnabledSetting(com.google.android.googlequicksearchbox component = com.google.android.apps.search.assistant.surfaces.voice.robin.launcher.RobinEntryPointActivity, 2, 0x1, 0)
03-05 23:49:18.850  2775  5547 W PackageManager: package unknown uid 10107 pid 1351 call SetEnabledSetting(com.google.android.googlequicksearchbox component = com.google.android.apps.search.assistant.surfaces.voice.robin.imageshare.ImageShareEntryPointActivity, 2, 0x1, 0)
03-05 23:49:19.015  1351  1556 W KeyphraseEnrollmentInfo: No enrollment application supports the given keyphrase/locale: 'X Google'/ru_RU
03-05 23:49:19.016  1351  1556 W KeyphraseEnrollmentInfo: No enrollment application supports the given keyphrase/locale: 'X Google'/ru_RU
03-05 23:49:19.016  1351  1556 W KeyphraseEnrollmentInfo: No enrollment application supports the given keyphrase/locale: 'X Google'/ar_EG
03-05 23:49:19.016  1351  1556 W KeyphraseEnrollmentInfo: No enrollment application supports the given keyphrase/locale: 'X Google'/en_US
03-05 23:49:19.021  2775  4291 D UsageStatsService: User[0] type=0 b=1709674842545 e=1709675359006 cb=1709632894911 ce=1709675358897 disk=0 all=39
03-05 23:49:19.023  2775  6435 I SoundTriggerService: getModuleProperties()
03-05 23:49:19.052  2775  7102 D CompatibilityChangeReporter: Compat change id reported: 177438394; UID 10252; state: DISABLED
03-05 23:49:19.052  2775  7102 D CompatibilityChangeReporter: Compat change id reported: 135772972; UID 10252; state: DISABLED
03-05 23:49:19.052  2775  7102 D CompatibilityChangeReporter: Compat change id reported: 135754954; UID 10252; state: ENABLED
03-05 23:49:19.053  2775  2850 D CompatibilityChangeReporter: Compat change id reported: 143937733; UID 10252; state: ENABLED
03-05 23:49:19.106  2775  2850 W ActivityManager: Slow operation: 55ms so far, now at startProcess: returned from zygote!
03-05 23:49:19.122  2775  2850 W ActivityManager: Slow operation: 71ms so far, now at startProcess: done updating battery stats
03-05 23:49:19.122  2775  2850 W ActivityManager: Slow operation: 71ms so far, now at startProcess: building log message
03-05 23:49:19.122  2775  2850 I ActivityManager: Start proc 1603:com.google.android.apps.tachyon/u0a252 for service {com.google.android.apps.tachyon/com.google.android.apps.tachyon.clientapi.ClientApiService}
03-05 23:49:19.122  2775  2850 W ActivityManager: Slow operation: 72ms so far, now at startProcess: starting to update pids map
03-05 23:49:19.123  2775  2850 W ActivityManager: Slow operation: 72ms so far, now at startProcess: done updating pids map
03-05 23:49:19.165  2775  4303 D CompatibilityChangeReporter: Compat change id reported: 168419799; UID 10252; state: DISABLED
03-05 23:49:19.204  2775  6466 D UsageStatsService: User[0] type=0 b=1709675359006 e=1709675359178 cb=1709632894911 ce=1709675359170 disk=0 all=0
03-05 23:49:19.227  1351  1560 W KeyphraseEnrollmentInfo: No enrollment application supports the given keyphrase/locale: 'X Google'/ru_RU
03-05 23:49:19.227  1351  1560 W KeyphraseEnrollmentInfo: No enrollment application supports the given keyphrase/locale: 'X Google'/ru_RU
03-05 23:49:19.227  1351  1560 W KeyphraseEnrollmentInfo: No enrollment application supports the given keyphrase/locale: 'X Google'/ar_EG
03-05 23:49:19.228  1351  1560 W KeyphraseEnrollmentInfo: No enrollment application supports the given keyphrase/locale: 'X Google'/en_US
03-05 23:49:19.519  2775  6529 W PackageManager: package unknown uid 10252 pid 1603 call SetEnabledSetting(com.google.android.apps.tachyon component = com.google.android.libraries.communications.conference.ui.intents.LivestreamHandlerActivity, 2, 0x1, 0)
03-05 23:49:19.520  2775  6529 W PackageManager: package unknown uid 10252 pid 1603 call SetEnabledSetting(com.google.android.apps.tachyon component = com.google.android.libraries.communications.conference.ui.intents.TransferCallHandlerActivity, 1, 0x1, 0)
03-05 23:49:19.520  2775  6529 W PackageManager: package unknown uid 10252 pid 1603 call SetEnabledSetting(com.google.android.apps.tachyon component = com.google.android.libraries.communications.conference.ui.intents.ConferenceGatewayActivity, 1, 0x1, 0)
03-05 23:49:19.520  2775  6466 W PackageManager: package unknown uid 10252 pid 1603 call SetEnabledSetting(com.google.android.apps.tachyon component = com.google.android.libraries.communications.conference.ui.intents.ConferenceUrlHandlerActivity, 1, 0x1, 0)
03-05 23:49:19.521  2775  6529 W PackageManager: package unknown uid 10252 pid 1603 call SetEnabledSetting(com.google.android.apps.tachyon component = com.google.android.libraries.communications.conference.ui.intents.AssistantNewUrlHandlerActivity, 1, 0x1, 0)
03-05 23:49:19.700  2775  3352 E OplusBatteryServiceFeature: ICharger getBattPPSChgPower failed, err = android.os.RemoteException: HwBinder Error: (-74)
03-05 23:49:19.701  2775  3352 E OplusBatteryServiceFeature: ICharger getBattPPSChgPower failed, err = android.os.RemoteException: HwBinder Error: (-74)
03-05 23:49:21.985  2775  3352 E OplusBatteryServiceFeature: ICharger getBattPPSChgPower failed, err = android.os.RemoteException: HwBinder Error: (-74)
03-05 23:49:21.986  2775  3352 E OplusBatteryServiceFeature: ICharger getBattPPSChgPower failed, err = android.os.RemoteException: HwBinder Error: (-74)
03-05 23:49:24.061  2775  6407 D UsageStatsService: User[0] type=0 b=1709675020822 e=1709675364061 cb=1709632894911 ce=1709675359591 disk=0 all=1
03-05 23:49:24.653  2775  3352 E OplusBatteryServiceFeature: ICharger getBattPPSChgPower failed, err = android.os.RemoteException: HwBinder Error: (-74)
03-05 23:49:24.654  2775  3352 E OplusBatteryServiceFeature: ICharger getBattPPSChgPower failed, err = android.os.RemoteException: HwBinder Error: (-74)
03-05 23:49:29.693  2775  3352 E OplusBatteryServiceFeature: ICharger getBattPPSChgPower failed, err = android.os.RemoteException: HwBinder Error: (-74)
03-05 23:49:29.695  2775  3352 E OplusBatteryServiceFeature: ICharger getBattPPSChgPower failed, err = android.os.RemoteException: HwBinder Error: (-74)
03-05 23:49:34.647  2775  3352 E OplusBatteryServiceFeature: ICharger getBattPPSChgPower failed, err = android.os.RemoteException: HwBinder Error: (-74)
03-05 23:49:34.648  2775  3352 E OplusBatteryServiceFeature: ICharger getBattPPSChgPower failed, err = android.os.RemoteException: HwBinder Error: (-74)
03-05 23:49:38.288  2775  3352 E OplusBatteryServiceFeature: ICharger getBattPPSChgPower failed, err = android.os.RemoteException: HwBinder Error: (-74)
03-05 23:49:38.289  2775  3352 E OplusBatteryServiceFeature: ICharger getBattPPSChgPower failed, err = android.os.RemoteException: HwBinder Error: (-74)
03-05 23:49:39.695  2775  3352 E OplusBatteryServiceFeature: ICharger getBattPPSChgPower failed, err = android.os.RemoteException: HwBinder Error: (-74)
03-05 23:49:39.696  2775  3352 E OplusBatteryServiceFeature: ICharger getBattPPSChgPower failed, err = android.os.RemoteException: HwBinder Error: (-74)
03-05 23:49:41.739  2775  2862 D KernelCpuUidUserSysTimeReader: Removing uids 99016-99016
03-05 23:49:44.659  2775  3352 E OplusBatteryServiceFeature: ICharger getBattPPSChgPower failed, err = android.os.RemoteException: HwBinder Error: (-74)
